MPLINK 4.48, Linker
Linker Map File - Created Tue Aug 11 13:02:59 2015

                                 Section Info
                  Section       Type    Address   Location Size(Bytes)
                ---------  ---------  ---------  ---------  ---------
               _entry_scn       code   0x000000    program   0x000006
           .code___init.o       code   0x000006    program   0x000002
              high_vector       code   0x000008    program   0x000028
                   .cinit    romdata   0x000030    program   0x00004a
    .code_communication.o       code   0x00007a    program   0x000994
             .code_uart.o       code   0x000a0e    program   0x000784
            .code_timer.o       code   0x001192    program   0x000386
             .code_main.o       code   0x001518    program   0x0000a8
               _cinit_scn       code   0x0015c0    program   0x00009e
           .code_u2open.o       code   0x00165e    program   0x00008a
           .code_u1open.o       code   0x0016e8    program   0x000084
            .code_board.o       code   0x00176c    program   0x000070
              .code_app.o       code   0x0017dc    program   0x00005c
         .code_fxd3232u.o       code   0x001838    program   0x000048
           .code_t3open.o       code   0x001880    program   0x000042
           .code_t1open.o       code   0x0018c2    program   0x000042
           .code_u2read.o       code   0x001904    program   0x00003e
           .code_u1read.o       code   0x001942    program   0x00003e
          .code_t3write.o       code   0x001980    program   0x000038
          .code_t1write.o       code   0x0019b8    program   0x000038
          .code_t0write.o       code   0x0019f0    program   0x000038
           .code_t0open.o       code   0x001a28    program   0x000038
              D1KTCYXCODE       code   0x001a60    program   0x000020
                    .code       code   0x001a80    program   0x000020
             _startup_scn       code   0x001aa0    program   0x00001c
        .code_heartBeat.o       code   0x001abc    program   0x00001a
              D10TCYXCODE       code   0x001ad6    program   0x000016
 .romdata_communication.o    romdata   0x001aec    program   0x000005
              UART_DATA_i    romdata   0x001af1    program   0x0000fc
               COM_DATA_i    romdata   0x001bed    program   0x000050
               APP_DATA_i    romdata   0x001c3d    program   0x000015
      .romdata_fxd3232u.o    romdata   0x001c52    program   0x000000
        .idata_u1open.o_i    romdata   0x001c52    program   0x000000
        .romdata_u1open.o    romdata   0x001c52    program   0x000000
        .idata_u2defs.o_i    romdata   0x001c52    program   0x000000
        .idata_u2open.o_i    romdata   0x001c52    program   0x000000
        .romdata_u2open.o    romdata   0x001c52    program   0x000000
.romdata_interruptvector.o    romdata   0x001c52    program   0x000000
        .romdata_t0open.o    romdata   0x001c52    program   0x000000
        .romdata_t1open.o    romdata   0x001c52    program   0x000000
     .romdata_heartBeat.o    romdata   0x001c52    program   0x000000
        .romdata_t3open.o    romdata   0x001c52    program   0x000000
        .idata_u1read.o_i    romdata   0x001c52    program   0x000000
        .romdata_u1read.o    romdata   0x001c52    program   0x000000
             .stringtable    romdata   0x001c52    program   0x000000
        .idata_u2read.o_i    romdata   0x001c52    program   0x000000
        .romdata_u2read.o    romdata   0x001c52    program   0x000000
        .idata_u1defs.o_i    romdata   0x001c52    program   0x000000
        .romdata_u1defs.o    romdata   0x001c52    program   0x000000
          .romdata_main.o    romdata   0x001c52    program   0x000000
         .romdata_c018i.o    romdata   0x001c52    program   0x000000
        .romdata_u2defs.o    romdata   0x001c52    program   0x000000
        .romdata___init.o    romdata   0x001c52    program   0x000000
       .romdata_t3write.o    romdata   0x001c52    program   0x000000
       .romdata_t0write.o    romdata   0x001c52    program   0x000000
         .romdata_board.o    romdata   0x001c52    program   0x000000
           .romdata_app.o    romdata   0x001c52    program   0x000000
         .idata_timer.o_i    romdata   0x001c52    program   0x00001c
       .romdata_t1write.o    romdata   0x001c52    program   0x000000
         .romdata_timer.o    romdata   0x001c52    program   0x000000
          .romdata_uart.o    romdata   0x001c52    program   0x000000
          .idata_uart.o_i    romdata   0x001c52    program   0x000000
     .idata_heartBeat.o_i    romdata   0x001c6e    program   0x000001
       .idata_t3write.o_i    romdata   0x001c6e    program   0x000000
        .idata_t3open.o_i    romdata   0x001c6e    program   0x000000
        .idata_t1open.o_i    romdata   0x001c6e    program   0x000000
.idata_interruptvector.o_i    romdata   0x001c6e    program   0x000000
        .idata_t0open.o_i    romdata   0x001c6e    program   0x000000
       .idata_t1write.o_i    romdata   0x001c6e    program   0x000000
       .idata_t0write.o_i    romdata   0x001c6e    program   0x000000
          .idata_main.o_i    romdata   0x001c6e    program   0x000000
 .idata_communication.o_i    romdata   0x001c6f    program   0x000002
      .idata_fxd3232u.o_i    romdata   0x001c6f    program   0x000000
         .idata_board.o_i    romdata   0x001c71    program   0x000000
        .idata___init.o_i    romdata   0x001c71    program   0x000000
         .idata_c018i.o_i    romdata   0x001c71    program   0x000000
           .idata_app.o_i    romdata   0x001c71    program   0x000000
           .code_u1defs.o       code   0x001c72    program   0x000000
  .code_interruptvector.o       code   0x001c72    program   0x000000
           .code_u2defs.o       code   0x001c72    program   0x000000
            .code_c018i.o       code   0x001c72    program   0x000000
    .config_300001_main.o    romdata   0x300001    program   0x000001
    .config_300002_main.o    romdata   0x300002    program   0x000001
    .config_300003_main.o    romdata   0x300003    program   0x000001
    .config_300004_main.o    romdata   0x300004    program   0x000001
    .config_300005_main.o    romdata   0x300005    program   0x000001
    .config_300006_main.o    romdata   0x300006    program   0x000001
    .config_300008_main.o    romdata   0x300008    program   0x000001
    .config_300009_main.o    romdata   0x300009    program   0x000001
    .config_30000a_main.o    romdata   0x30000a    program   0x000001
    .config_30000b_main.o    romdata   0x30000b    program   0x000001
    .config_30000c_main.o    romdata   0x30000c    program   0x000001
    .config_30000d_main.o    romdata   0x30000d    program   0x000001
                MATH_DATA      udata   0x000000       data   0x000010
                 .tmpdata      udata   0x000010       data   0x000004
                DELAYDAT1      udata   0x000014       data   0x000001
           .idata_timer.o      idata   0x000060       data   0x00001c
           .udata_c018i.o      udata   0x00007c       data   0x00000a
   .idata_communication.o      idata   0x000086       data   0x000002
          .udata_u2defs.o      udata   0x000088       data   0x000001
          .udata_u1defs.o      udata   0x000089       data   0x000001
           .udata_board.o      udata   0x00008a       data   0x000001
       .idata_heartBeat.o      idata   0x00008b       data   0x000001
          .udata_t0open.o      udata   0x00008c       data   0x000000
          .idata_t0open.o      idata   0x00008c       data   0x000000
          .udata_t1open.o      udata   0x00008c       data   0x000000
          .idata_t1open.o      idata   0x00008c       data   0x000000
          .udata_t3open.o      udata   0x00008c       data   0x000000
          .idata___init.o      idata   0x00008c       data   0x000000
          .idata_t3open.o      idata   0x00008c       data   0x000000
          .udata_u1read.o      udata   0x00008c       data   0x000000
          .idata_u1read.o      idata   0x00008c       data   0x000000
          .udata_u2read.o      udata   0x00008c       data   0x000000
          .idata_u2read.o      idata   0x00008c       data   0x000000
          .idata_u1defs.o      idata   0x00008c       data   0x000000
          .udata___init.o      udata   0x00008c       data   0x000000
          .idata_u2defs.o      idata   0x00008c       data   0x000000
         .udata_t0write.o      udata   0x00008c       data   0x000000
         .idata_t0write.o      idata   0x00008c       data   0x000000
         .udata_t1write.o      udata   0x00008c       data   0x000000
         .idata_t1write.o      idata   0x00008c       data   0x000000
         .udata_t3write.o      udata   0x00008c       data   0x000000
         .idata_t3write.o      idata   0x00008c       data   0x000000
           .idata_c018i.o      idata   0x00008c       data   0x000000
           .idata_board.o      idata   0x00008c       data   0x000000
   .udata_communication.o      udata   0x00008c       data   0x000000
       .udata_heartBeat.o      udata   0x00008c       data   0x000000
 .udata_interruptvector.o      udata   0x00008c       data   0x000000
 .idata_interruptvector.o      idata   0x00008c       data   0x000000
            .udata_main.o      udata   0x00008c       data   0x000000
            .idata_main.o      idata   0x00008c       data   0x000000
           .udata_timer.o      udata   0x00008c       data   0x000000
            .udata_uart.o      udata   0x00008c       data   0x000000
            .idata_uart.o      idata   0x00008c       data   0x000000
             .udata_app.o      udata   0x00008c       data   0x000000
             .idata_app.o      idata   0x00008c       data   0x000000
        .udata_fxd3232u.o      udata   0x00008c       data   0x000000
        .idata_fxd3232u.o      idata   0x00008c       data   0x000000
          .udata_u1open.o      udata   0x00008c       data   0x000000
          .idata_u1open.o      idata   0x00008c       data   0x000000
          .udata_u2open.o      udata   0x00008c       data   0x000000
          .idata_u2open.o      idata   0x00008c       data   0x000000
                 APP_DATA      idata   0x000100       data   0x000015
                 COM_DATA      idata   0x000200       data   0x000050
                UART_DATA      idata   0x000600       data   0x0000fc
                   .stack      udata   0x000e00       data   0x000100
            SFR_UNBANKED0      udata   0x000f62       data   0x00009e



                              Program Memory Usage 
                               Start         End      
                           ---------   ---------      
                            0x000000    0x001c70      
                            0x300001    0x300006      
                            0x300008    0x30000d      
            7293 out of 132120 program addresses used, program memory utilization is 5%



                              Symbols - Sorted by Name
                     Name    Address   Location    Storage File                     
                ---------  ---------  ---------  --------- ---------                
        APP_comCallBack_1   0x0017e0    program     extern C:\Users\IDEONICS-BNG\Desktop\RF_WHRACK_ACESS_SYSTEM\8722\source\app.c
        APP_comCallBack_2   0x00180c    program     extern C:\Users\IDEONICS-BNG\Desktop\RF_WHRACK_ACESS_SYSTEM\8722\source\app.c
                 APP_init   0x0017dc    program     extern C:\Users\IDEONICS-BNG\Desktop\RF_WHRACK_ACESS_SYSTEM\8722\source\app.c
                 APP_task   0x0017de    program     extern C:\Users\IDEONICS-BNG\Desktop\RF_WHRACK_ACESS_SYSTEM\8722\source\app.c
                 BRD_init   0x00176c    program     extern C:\Users\IDEONICS-BNG\Desktop\RF_WHRACK_ACESS_SYSTEM\8722\source\board.c
               COM1_reset   0x000326    program     extern C:\Users\IDEONICS-BNG\Desktop\RF_WHRACK_ACESS_SYSTEM\8722\source\communication.c
             COM1_restart   0x0001b6    program     extern C:\Users\IDEONICS-BNG\Desktop\RF_WHRACK_ACESS_SYSTEM\8722\source\communication.c
                COM1_task   0x00046a    program     extern C:\Users\IDEONICS-BNG\Desktop\RF_WHRACK_ACESS_SYSTEM\8722\source\communication.c
                 COM_init   0x00007a    program     extern C:\Users\IDEONICS-BNG\Desktop\RF_WHRACK_ACESS_SYSTEM\8722\source\communication.c
             COM_register   0x00017c    program     extern C:\Users\IDEONICS-BNG\Desktop\RF_WHRACK_ACESS_SYSTEM\8722\source\communication.c
          COM_txCMD_CHAN1   0x0007d2    program     extern C:\Users\IDEONICS-BNG\Desktop\RF_WHRACK_ACESS_SYSTEM\8722\source\communication.c
               COM_txData   0x000696    program     extern C:\Users\IDEONICS-BNG\Desktop\RF_WHRACK_ACESS_SYSTEM\8722\source\communication.c
                COM_txStr   0x000724    program     extern C:\Users\IDEONICS-BNG\Desktop\RF_WHRACK_ACESS_SYSTEM\8722\source\communication.c
                    D10_1   0x001ae6    program     static E:\c18v3.46\pic18-lt\cxx-framework\src\traditional\delays\d10tcyx.asm
                     D10x   0x001ade    program     static E:\c18v3.46\pic18-lt\cxx-framework\src\traditional\delays\d10tcyx.asm
                    D1K_1   0x001a6c    program     static E:\c18v3.46\pic18-lt\cxx-framework\src\traditional\delays\d1ktcyx.asm
                     D1Kx   0x001a6a    program     static E:\c18v3.46\pic18-lt\cxx-framework\src\traditional\delays\d1ktcyx.asm
              Delay10TCYx   0x001ad6    program     extern E:\c18v3.46\pic18-lt\cxx-framework\src\traditional\delays\d10tcyx.asm
              Delay1KTCYx   0x001a60    program     extern E:\c18v3.46\pic18-lt\cxx-framework\src\traditional\delays\d1ktcyx.asm
         EnableInterrupts   0x00002a    program     extern C:\Users\IDEONICS-BNG\Desktop\RF_WHRACK_ACESS_SYSTEM\8722\source\interruptvector.c
                 FXD3232U   0x001838    program     extern E:\c18v3.46\pic18-lt\cxx-framework\src\traditional\math\fxd3232u.c
               GetAppTime   0x0014c8    program     extern C:\Users\IDEONICS-BNG\Desktop\RF_WHRACK_ACESS_SYSTEM\8722\source\timer.c
                  HB_init   0x001abc    program     extern C:\Users\IDEONICS-BNG\Desktop\RF_WHRACK_ACESS_SYSTEM\8722\source\heartBeat.c
                  HB_task   0x001ac2    program     extern C:\Users\IDEONICS-BNG\Desktop\RF_WHRACK_ACESS_SYSTEM\8722\source\heartBeat.c
               Open1USART   0x0016e8    program     extern E:\c18v3.46\pic18-lt\cxx-framework\src\pmc_common\USART\u1open.c
               Open2USART   0x00165e    program     extern E:\c18v3.46\pic18-lt\cxx-framework\src\pmc_common\USART\u2open.c
               OpenTimer0   0x001a28    program     extern E:\c18v3.46\pic18-lt\cxx-framework\src\pmc_common\Timers\t0open.c
               OpenTimer1   0x0018c2    program     extern E:\c18v3.46\pic18-lt\cxx-framework\src\pmc_common\Timers\t1open.c
               OpenTimer3   0x001880    program     extern E:\c18v3.46\pic18-lt\cxx-framework\src\pmc_common\Timers\t3open.c
               Read1USART   0x001942    program     extern E:\c18v3.46\pic18-lt\cxx-framework\src\pmc_common\USART\u1read.c
               Read2USART   0x001904    program     extern E:\c18v3.46\pic18-lt\cxx-framework\src\pmc_common\USART\u2read.c
                 TMR0_ISR   0x001192    program     extern C:\Users\IDEONICS-BNG\Desktop\RF_WHRACK_ACESS_SYSTEM\8722\source\timer.c
                TMR0_init   0x0013f4    program     extern C:\Users\IDEONICS-BNG\Desktop\RF_WHRACK_ACESS_SYSTEM\8722\source\timer.c
                 TMR1_ISR   0x001280    program     extern C:\Users\IDEONICS-BNG\Desktop\RF_WHRACK_ACESS_SYSTEM\8722\source\timer.c
                TMR1_init   0x00143a    program     extern C:\Users\IDEONICS-BNG\Desktop\RF_WHRACK_ACESS_SYSTEM\8722\source\timer.c
                 TMR3_ISR   0x00133a    program     extern C:\Users\IDEONICS-BNG\Desktop\RF_WHRACK_ACESS_SYSTEM\8722\source\timer.c
                TMR3_init   0x001482    program     extern C:\Users\IDEONICS-BNG\Desktop\RF_WHRACK_ACESS_SYSTEM\8722\source\timer.c
            UART1_hasData   0x0010b8    program     extern C:\Users\IDEONICS-BNG\Desktop\RF_WHRACK_ACESS_SYSTEM\8722\source\uart.c
               UART1_init   0x000caa    program     extern C:\Users\IDEONICS-BNG\Desktop\RF_WHRACK_ACESS_SYSTEM\8722\source\uart.c
               UART1_read   0x0010f2    program     extern C:\Users\IDEONICS-BNG\Desktop\RF_WHRACK_ACESS_SYSTEM\8722\source\uart.c
           UART1_transmit   0x000eaa    program     extern C:\Users\IDEONICS-BNG\Desktop\RF_WHRACK_ACESS_SYSTEM\8722\source\uart.c
              UART1_write   0x000e3a    program     extern C:\Users\IDEONICS-BNG\Desktop\RF_WHRACK_ACESS_SYSTEM\8722\source\uart.c
            UART2_hasData   0x00107e    program     extern C:\Users\IDEONICS-BNG\Desktop\RF_WHRACK_ACESS_SYSTEM\8722\source\uart.c
               UART2_init   0x000d72    program     extern C:\Users\IDEONICS-BNG\Desktop\RF_WHRACK_ACESS_SYSTEM\8722\source\uart.c
               UART2_read   0x001142    program     extern C:\Users\IDEONICS-BNG\Desktop\RF_WHRACK_ACESS_SYSTEM\8722\source\uart.c
           UART2_transmit   0x000f94    program     extern C:\Users\IDEONICS-BNG\Desktop\RF_WHRACK_ACESS_SYSTEM\8722\source\uart.c
              UART2_write   0x000e72    program     extern C:\Users\IDEONICS-BNG\Desktop\RF_WHRACK_ACESS_SYSTEM\8722\source\uart.c
                UART_task   0x000ad8    program     extern C:\Users\IDEONICS-BNG\Desktop\RF_WHRACK_ACESS_SYSTEM\8722\source\uart.c
     Uart1_ReceiveHandler   0x000a0e    program     extern C:\Users\IDEONICS-BNG\Desktop\RF_WHRACK_ACESS_SYSTEM\8722\source\uart.c
    Uart1_TransmitHandler   0x000bb6    program     extern C:\Users\IDEONICS-BNG\Desktop\RF_WHRACK_ACESS_SYSTEM\8722\source\uart.c
     Uart2_ReceiveHandler   0x000aec    program     extern C:\Users\IDEONICS-BNG\Desktop\RF_WHRACK_ACESS_SYSTEM\8722\source\uart.c
    Uart2_TransmitHandler   0x000c30    program     extern C:\Users\IDEONICS-BNG\Desktop\RF_WHRACK_ACESS_SYSTEM\8722\source\uart.c
              WriteTimer0   0x0019f0    program     extern E:\c18v3.46\pic18-lt\cxx-framework\src\pmc_common\Timers\t0write.c
              WriteTimer1   0x0019b8    program     extern E:\c18v3.46\pic18-lt\cxx-framework\src\pmc_common\Timers\t1write.c
              WriteTimer3   0x001980    program     extern E:\c18v3.46\pic18-lt\cxx-framework\src\pmc_common\Timers\t3write.c
        _D10TCYXCODE_000A   0x001ae0    program     static E:\c18v3.46\pic18-lt\cxx-framework\src\traditional\delays\d10tcyx.asm
        _D10TCYXCODE_000C   0x001ae2    program     static E:\c18v3.46\pic18-lt\cxx-framework\src\traditional\delays\d10tcyx.asm
        _D10TCYXCODE_000E   0x001ae4    program     static E:\c18v3.46\pic18-lt\cxx-framework\src\traditional\delays\d10tcyx.asm
        _D1KTCYXCODE_0010   0x001a70    program     static E:\c18v3.46\pic18-lt\cxx-framework\src\traditional\delays\d1ktcyx.asm
        _D1KTCYXCODE_0016   0x001a76    program     static E:\c18v3.46\pic18-lt\cxx-framework\src\traditional\delays\d1ktcyx.asm
           ___if_lbl00001   0x000010    program     static                          
           ___if_lbl00002   0x000018    program     static                          
           ___if_lbl00003   0x000020    program     static                          
           ___if_lbl00004   0x000028    program     static                          
       ___return_lbl00000   0x000004    program     static                          
       ___return_lbl00000   0x00187e    program     static                          
       ___return_lbl00000   0x000028    program     static                          
       ___return_lbl00001   0x001aba    program     static                          
       ___return_lbl00002   0x00165c    program     static                          
               __config_0   0x300001    program     static C:\Users\IDEONICS-BNG\Desktop\RF_WHRACK_ACESS_SYSTEM\8722\source\main.c
               __config_1   0x300002    program     static C:\Users\IDEONICS-BNG\Desktop\RF_WHRACK_ACESS_SYSTEM\8722\source\main.c
              __config_10   0x30000c    program     static C:\Users\IDEONICS-BNG\Desktop\RF_WHRACK_ACESS_SYSTEM\8722\source\main.c
              __config_11   0x30000d    program     static C:\Users\IDEONICS-BNG\Desktop\RF_WHRACK_ACESS_SYSTEM\8722\source\main.c
               __config_2   0x300003    program     static C:\Users\IDEONICS-BNG\Desktop\RF_WHRACK_ACESS_SYSTEM\8722\source\main.c
               __config_3   0x300004    program     static C:\Users\IDEONICS-BNG\Desktop\RF_WHRACK_ACESS_SYSTEM\8722\source\main.c
               __config_4   0x300005    program     static C:\Users\IDEONICS-BNG\Desktop\RF_WHRACK_ACESS_SYSTEM\8722\source\main.c
               __config_5   0x300006    program     static C:\Users\IDEONICS-BNG\Desktop\RF_WHRACK_ACESS_SYSTEM\8722\source\main.c
               __config_6   0x300008    program     static C:\Users\IDEONICS-BNG\Desktop\RF_WHRACK_ACESS_SYSTEM\8722\source\main.c
               __config_7   0x300009    program     static C:\Users\IDEONICS-BNG\Desktop\RF_WHRACK_ACESS_SYSTEM\8722\source\main.c
               __config_8   0x30000a    program     static C:\Users\IDEONICS-BNG\Desktop\RF_WHRACK_ACESS_SYSTEM\8722\source\main.c
               __config_9   0x30000b    program     static C:\Users\IDEONICS-BNG\Desktop\RF_WHRACK_ACESS_SYSTEM\8722\source\main.c
                   __init   0x000006    program     extern E:\c18v3.46\pic18-lt\cxx-framework\src\traditional\stdclib\__init.c
            __zero_memory   0x001a80    program     extern E:\c18v3.46\pic18-lt\cxx-framework\src\traditional\proc\p18f8722.asm
                _do_cinit   0x0015c0    program     extern E:\c18v3.46\pic18-lt\cxx-framework\src\traditional\startup\c018i.c
                   _entry   0x000000    program     extern E:\c18v3.46\pic18-lt\cxx-framework\src\traditional\startup\c018i.c
                   _false   0x00187a    program     static                          
                 _startup   0x001aa0    program     extern E:\c18v3.46\pic18-lt\cxx-framework\src\traditional\startup\c018i.c
                    alert   0x001aec    program     extern C:\Users\IDEONICS-BNG\Desktop\RF_WHRACK_ACESS_SYSTEM\8722\source\communication.c
                 checksum   0x00076e    program     extern C:\Users\IDEONICS-BNG\Desktop\RF_WHRACK_ACESS_SYSTEM\8722\source\communication.c
                compare_l   0x001a96    program     static E:\c18v3.46\pic18-lt\cxx-framework\src\traditional\proc\p18f8722.asm
                copy_loop   0x001632    program     static                          
            copy_one_byte   0x001638    program     static                          
                     done   0x00165c    program     static                          
             done_copying   0x001646    program     static                          
           high_interrupt   0x000008    program     extern C:\Users\IDEONICS-BNG\Desktop\RF_WHRACK_ACESS_SYSTEM\8722\source\interruptvector.c
                     loop   0x001846    program     static                          
                     loop   0x001ab0    program     static                          
                   loop_h   0x001a8e    program     static E:\c18v3.46\pic18-lt\cxx-framework\src\traditional\proc\p18f8722.asm
                   loop_l   0x001a98    program     static E:\c18v3.46\pic18-lt\cxx-framework\src\traditional\proc\p18f8722.asm
                     main   0x001518    program     extern C:\Users\IDEONICS-BNG\Desktop\RF_WHRACK_ACESS_SYSTEM\8722\source\main.c
             parse1Packet   0x0004da    program     extern C:\Users\IDEONICS-BNG\Desktop\RF_WHRACK_ACESS_SYSTEM\8722\source\communication.c
                     test   0x0015da    program     static                          
               zero_block   0x001a8e    program     static E:\c18v3.46\pic18-lt\cxx-framework\src\traditional\proc\p18f8722.asm
                   ADCON0   0x000fc2       data     extern E:\c18v3.46\pic18-lt\cxx-framework\src\traditional\proc\p18f8722.asm
               ADCON0bits   0x000fc2       data     extern E:\c18v3.46\pic18-lt\cxx-framework\src\traditional\proc\p18f8722.asm
                   ADCON1   0x000fc1       data     extern E:\c18v3.46\pic18-lt\cxx-framework\src\traditional\proc\p18f8722.asm
               ADCON1bits   0x000fc1       data     extern E:\c18v3.46\pic18-lt\cxx-framework\src\traditional\proc\p18f8722.asm
                   ADCON2   0x000fc0       data     extern E:\c18v3.46\pic18-lt\cxx-framework\src\traditional\proc\p18f8722.asm
               ADCON2bits   0x000fc0       data     extern E:\c18v3.46\pic18-lt\cxx-framework\src\traditional\proc\p18f8722.asm
                    ADRES   0x000fc3       data     extern E:\c18v3.46\pic18-lt\cxx-framework\src\traditional\proc\p18f8722.asm
                   ADRESH   0x000fc4       data     extern E:\c18v3.46\pic18-lt\cxx-framework\src\traditional\proc\p18f8722.asm
                   ADRESL   0x000fc3       data     extern E:\c18v3.46\pic18-lt\cxx-framework\src\traditional\proc\p18f8722.asm
             AppTimestamp   0x000078       data     extern C:\Users\IDEONICS-BNG\Desktop\RF_WHRACK_ACESS_SYSTEM\8722\source\timer.c
                  BAUDCON   0x000f7e       data     extern E:\c18v3.46\pic18-lt\cxx-framework\src\traditional\proc\p18f8722.asm
                 BAUDCON1   0x000f7e       data     extern E:\c18v3.46\pic18-lt\cxx-framework\src\traditional\proc\p18f8722.asm
             BAUDCON1bits   0x000f7e       data     extern E:\c18v3.46\pic18-lt\cxx-framework\src\traditional\proc\p18f8722.asm
                 BAUDCON2   0x000f7c       data     extern E:\c18v3.46\pic18-lt\cxx-framework\src\traditional\proc\p18f8722.asm
             BAUDCON2bits   0x000f7c       data     extern E:\c18v3.46\pic18-lt\cxx-framework\src\traditional\proc\p18f8722.asm
              BAUDCONbits   0x000f7e       data     extern E:\c18v3.46\pic18-lt\cxx-framework\src\traditional\proc\p18f8722.asm
                      BSR   0x000fe0       data     extern E:\c18v3.46\pic18-lt\cxx-framework\src\traditional\proc\p18f8722.asm
                  CCP1CON   0x000fbd       data     extern E:\c18v3.46\pic18-lt\cxx-framework\src\traditional\proc\p18f8722.asm
              CCP1CONbits   0x000fbd       data     extern E:\c18v3.46\pic18-lt\cxx-framework\src\traditional\proc\p18f8722.asm
                  CCP2CON   0x000fba       data     extern E:\c18v3.46\pic18-lt\cxx-framework\src\traditional\proc\p18f8722.asm
              CCP2CONbits   0x000fba       data     extern E:\c18v3.46\pic18-lt\cxx-framework\src\traditional\proc\p18f8722.asm
                  CCP3CON   0x000fb7       data     extern E:\c18v3.46\pic18-lt\cxx-framework\src\traditional\proc\p18f8722.asm
              CCP3CONbits   0x000fb7       data     extern E:\c18v3.46\pic18-lt\cxx-framework\src\traditional\proc\p18f8722.asm
                  CCP4CON   0x000f73       data     extern E:\c18v3.46\pic18-lt\cxx-framework\src\traditional\proc\p18f8722.asm
              CCP4CONbits   0x000f73       data     extern E:\c18v3.46\pic18-lt\cxx-framework\src\traditional\proc\p18f8722.asm
                  CCP5CON   0x000f70       data     extern E:\c18v3.46\pic18-lt\cxx-framework\src\traditional\proc\p18f8722.asm
              CCP5CONbits   0x000f70       data     extern E:\c18v3.46\pic18-lt\cxx-framework\src\traditional\proc\p18f8722.asm
                    CCPR1   0x000fbe       data     extern E:\c18v3.46\pic18-lt\cxx-framework\src\traditional\proc\p18f8722.asm
                   CCPR1H   0x000fbf       data     extern E:\c18v3.46\pic18-lt\cxx-framework\src\traditional\proc\p18f8722.asm
                   CCPR1L   0x000fbe       data     extern E:\c18v3.46\pic18-lt\cxx-framework\src\traditional\proc\p18f8722.asm
                    CCPR2   0x000fbb       data     extern E:\c18v3.46\pic18-lt\cxx-framework\src\traditional\proc\p18f8722.asm
                   CCPR2H   0x000fbc       data     extern E:\c18v3.46\pic18-lt\cxx-framework\src\traditional\proc\p18f8722.asm
                   CCPR2L   0x000fbb       data     extern E:\c18v3.46\pic18-lt\cxx-framework\src\traditional\proc\p18f8722.asm
                    CCPR3   0x000fb8       data     extern E:\c18v3.46\pic18-lt\cxx-framework\src\traditional\proc\p18f8722.asm
                   CCPR3H   0x000fb9       data     extern E:\c18v3.46\pic18-lt\cxx-framework\src\traditional\proc\p18f8722.asm
                   CCPR3L   0x000fb8       data     extern E:\c18v3.46\pic18-lt\cxx-framework\src\traditional\proc\p18f8722.asm
                    CCPR4   0x000f74       data     extern E:\c18v3.46\pic18-lt\cxx-framework\src\traditional\proc\p18f8722.asm
                   CCPR4H   0x000f75       data     extern E:\c18v3.46\pic18-lt\cxx-framework\src\traditional\proc\p18f8722.asm
                   CCPR4L   0x000f74       data     extern E:\c18v3.46\pic18-lt\cxx-framework\src\traditional\proc\p18f8722.asm
                    CCPR5   0x000f71       data     extern E:\c18v3.46\pic18-lt\cxx-framework\src\traditional\proc\p18f8722.asm
                   CCPR5H   0x000f72       data     extern E:\c18v3.46\pic18-lt\cxx-framework\src\traditional\proc\p18f8722.asm
                   CCPR5L   0x000f71       data     extern E:\c18v3.46\pic18-lt\cxx-framework\src\traditional\proc\p18f8722.asm
                    CMCON   0x000fb4       data     extern E:\c18v3.46\pic18-lt\cxx-framework\src\traditional\proc\p18f8722.asm
                CMCONbits   0x000fb4       data     extern E:\c18v3.46\pic18-lt\cxx-framework\src\traditional\proc\p18f8722.asm
                   CVRCON   0x000fb5       data     extern E:\c18v3.46\pic18-lt\cxx-framework\src\traditional\proc\p18f8722.asm
               CVRCONbits   0x000fb5       data     extern E:\c18v3.46\pic18-lt\cxx-framework\src\traditional\proc\p18f8722.asm
                     DDRA   0x000f92       data     extern E:\c18v3.46\pic18-lt\cxx-framework\src\traditional\proc\p18f8722.asm
                 DDRAbits   0x000f92       data     extern E:\c18v3.46\pic18-lt\cxx-framework\src\traditional\proc\p18f8722.asm
                     DDRB   0x000f93       data     extern E:\c18v3.46\pic18-lt\cxx-framework\src\traditional\proc\p18f8722.asm
                 DDRBbits   0x000f93       data     extern E:\c18v3.46\pic18-lt\cxx-framework\src\traditional\proc\p18f8722.asm
                     DDRC   0x000f94       data     extern E:\c18v3.46\pic18-lt\cxx-framework\src\traditional\proc\p18f8722.asm
                 DDRCbits   0x000f94       data     extern E:\c18v3.46\pic18-lt\cxx-framework\src\traditional\proc\p18f8722.asm
                     DDRD   0x000f95       data     extern E:\c18v3.46\pic18-lt\cxx-framework\src\traditional\proc\p18f8722.asm
                 DDRDbits   0x000f95       data     extern E:\c18v3.46\pic18-lt\cxx-framework\src\traditional\proc\p18f8722.asm
                     DDRE   0x000f96       data     extern E:\c18v3.46\pic18-lt\cxx-framework\src\traditional\proc\p18f8722.asm
                 DDREbits   0x000f96       data     extern E:\c18v3.46\pic18-lt\cxx-framework\src\traditional\proc\p18f8722.asm
                     DDRF   0x000f97       data     extern E:\c18v3.46\pic18-lt\cxx-framework\src\traditional\proc\p18f8722.asm
                 DDRFbits   0x000f97       data     extern E:\c18v3.46\pic18-lt\cxx-framework\src\traditional\proc\p18f8722.asm
                     DDRG   0x000f98       data     extern E:\c18v3.46\pic18-lt\cxx-framework\src\traditional\proc\p18f8722.asm
                 DDRGbits   0x000f98       data     extern E:\c18v3.46\pic18-lt\cxx-framework\src\traditional\proc\p18f8722.asm
                     DDRH   0x000f99       data     extern E:\c18v3.46\pic18-lt\cxx-framework\src\traditional\proc\p18f8722.asm
                 DDRHbits   0x000f99       data     extern E:\c18v3.46\pic18-lt\cxx-framework\src\traditional\proc\p18f8722.asm
                     DDRJ   0x000f9a       data     extern E:\c18v3.46\pic18-lt\cxx-framework\src\traditional\proc\p18f8722.asm
                 DDRJbits   0x000f9a       data     extern E:\c18v3.46\pic18-lt\cxx-framework\src\traditional\proc\p18f8722.asm
            DelayCounter1   0x000014       data     extern E:\c18v3.46\pic18-lt\cxx-framework\src\traditional\delays\delayd1.asm
                  ECCP1AS   0x000fb6       data     extern E:\c18v3.46\pic18-lt\cxx-framework\src\traditional\proc\p18f8722.asm
              ECCP1ASbits   0x000fb6       data     extern E:\c18v3.46\pic18-lt\cxx-framework\src\traditional\proc\p18f8722.asm
                 ECCP1CON   0x000fbd       data     extern E:\c18v3.46\pic18-lt\cxx-framework\src\traditional\proc\p18f8722.asm
             ECCP1CONbits   0x000fbd       data     extern E:\c18v3.46\pic18-lt\cxx-framework\src\traditional\proc\p18f8722.asm
                 ECCP1DEL   0x000f79       data     extern E:\c18v3.46\pic18-lt\cxx-framework\src\traditional\proc\p18f8722.asm
             ECCP1DELbits   0x000f79       data     extern E:\c18v3.46\pic18-lt\cxx-framework\src\traditional\proc\p18f8722.asm
                  ECCP2AS   0x000f68       data     extern E:\c18v3.46\pic18-lt\cxx-framework\src\traditional\proc\p18f8722.asm
              ECCP2ASbits   0x000f68       data     extern E:\c18v3.46\pic18-lt\cxx-framework\src\traditional\proc\p18f8722.asm
                 ECCP2CON   0x000fba       data     extern E:\c18v3.46\pic18-lt\cxx-framework\src\traditional\proc\p18f8722.asm
             ECCP2CONbits   0x000fba       data     extern E:\c18v3.46\pic18-lt\cxx-framework\src\traditional\proc\p18f8722.asm
                 ECCP2DEL   0x000f67       data     extern E:\c18v3.46\pic18-lt\cxx-framework\src\traditional\proc\p18f8722.asm
             ECCP2DELbits   0x000f67       data     extern E:\c18v3.46\pic18-lt\cxx-framework\src\traditional\proc\p18f8722.asm
                  ECCP3AS   0x000f6a       data     extern E:\c18v3.46\pic18-lt\cxx-framework\src\traditional\proc\p18f8722.asm
              ECCP3ASbits   0x000f6a       data     extern E:\c18v3.46\pic18-lt\cxx-framework\src\traditional\proc\p18f8722.asm
                 ECCP3CON   0x000fb7       data     extern E:\c18v3.46\pic18-lt\cxx-framework\src\traditional\proc\p18f8722.asm
             ECCP3CONbits   0x000fb7       data     extern E:\c18v3.46\pic18-lt\cxx-framework\src\traditional\proc\p18f8722.asm
                 ECCP3DEL   0x000f69       data     extern E:\c18v3.46\pic18-lt\cxx-framework\src\traditional\proc\p18f8722.asm
             ECCP3DELbits   0x000f69       data     extern E:\c18v3.46\pic18-lt\cxx-framework\src\traditional\proc\p18f8722.asm
                    EEADR   0x000fa9       data     extern E:\c18v3.46\pic18-lt\cxx-framework\src\traditional\proc\p18f8722.asm
                   EEADRH   0x000faa       data     extern E:\c18v3.46\pic18-lt\cxx-framework\src\traditional\proc\p18f8722.asm
                   EECON1   0x000fa6       data     extern E:\c18v3.46\pic18-lt\cxx-framework\src\traditional\proc\p18f8722.asm
               EECON1bits   0x000fa6       data     extern E:\c18v3.46\pic18-lt\cxx-framework\src\traditional\proc\p18f8722.asm
                   EECON2   0x000fa7       data     extern E:\c18v3.46\pic18-lt\cxx-framework\src\traditional\proc\p18f8722.asm
                   EEDATA   0x000fa8       data     extern E:\c18v3.46\pic18-lt\cxx-framework\src\traditional\proc\p18f8722.asm
                     FSR0   0x000fe9       data     extern E:\c18v3.46\pic18-lt\cxx-framework\src\traditional\proc\p18f8722.asm
                    FSR0H   0x000fea       data     extern E:\c18v3.46\pic18-lt\cxx-framework\src\traditional\proc\p18f8722.asm
                    FSR0L   0x000fe9       data     extern E:\c18v3.46\pic18-lt\cxx-framework\src\traditional\proc\p18f8722.asm
                     FSR1   0x000fe1       data     extern E:\c18v3.46\pic18-lt\cxx-framework\src\traditional\proc\p18f8722.asm
                    FSR1H   0x000fe2       data     extern E:\c18v3.46\pic18-lt\cxx-framework\src\traditional\proc\p18f8722.asm
                    FSR1L   0x000fe1       data     extern E:\c18v3.46\pic18-lt\cxx-framework\src\traditional\proc\p18f8722.asm
                     FSR2   0x000fd9       data     extern E:\c18v3.46\pic18-lt\cxx-framework\src\traditional\proc\p18f8722.asm
                    FSR2H   0x000fda       data     extern E:\c18v3.46\pic18-lt\cxx-framework\src\traditional\proc\p18f8722.asm
                    FSR2L   0x000fd9       data     extern E:\c18v3.46\pic18-lt\cxx-framework\src\traditional\proc\p18f8722.asm
                  HLVDCON   0x000fd2       data     extern E:\c18v3.46\pic18-lt\cxx-framework\src\traditional\proc\p18f8722.asm
              HLVDCONbits   0x000fd2       data     extern E:\c18v3.46\pic18-lt\cxx-framework\src\traditional\proc\p18f8722.asm
                    INDF0   0x000fef       data     extern E:\c18v3.46\pic18-lt\cxx-framework\src\traditional\proc\p18f8722.asm
                    INDF1   0x000fe7       data     extern E:\c18v3.46\pic18-lt\cxx-framework\src\traditional\proc\p18f8722.asm
                    INDF2   0x000fdf       data     extern E:\c18v3.46\pic18-lt\cxx-framework\src\traditional\proc\p18f8722.asm
                   INTCON   0x000ff2       data     extern E:\c18v3.46\pic18-lt\cxx-framework\src\traditional\proc\p18f8722.asm
                  INTCON2   0x000ff1       data     extern E:\c18v3.46\pic18-lt\cxx-framework\src\traditional\proc\p18f8722.asm
              INTCON2bits   0x000ff1       data     extern E:\c18v3.46\pic18-lt\cxx-framework\src\traditional\proc\p18f8722.asm
                  INTCON3   0x000ff0       data     extern E:\c18v3.46\pic18-lt\cxx-framework\src\traditional\proc\p18f8722.asm
              INTCON3bits   0x000ff0       data     extern E:\c18v3.46\pic18-lt\cxx-framework\src\traditional\proc\p18f8722.asm
               INTCONbits   0x000ff2       data     extern E:\c18v3.46\pic18-lt\cxx-framework\src\traditional\proc\p18f8722.asm
                     IPR1   0x000f9f       data     extern E:\c18v3.46\pic18-lt\cxx-framework\src\traditional\proc\p18f8722.asm
                 IPR1bits   0x000f9f       data     extern E:\c18v3.46\pic18-lt\cxx-framework\src\traditional\proc\p18f8722.asm
                     IPR2   0x000fa2       data     extern E:\c18v3.46\pic18-lt\cxx-framework\src\traditional\proc\p18f8722.asm
                 IPR2bits   0x000fa2       data     extern E:\c18v3.46\pic18-lt\cxx-framework\src\traditional\proc\p18f8722.asm
                     IPR3   0x000fa5       data     extern E:\c18v3.46\pic18-lt\cxx-framework\src\traditional\proc\p18f8722.asm
                 IPR3bits   0x000fa5       data     extern E:\c18v3.46\pic18-lt\cxx-framework\src\traditional\proc\p18f8722.asm
                     LATA   0x000f89       data     extern E:\c18v3.46\pic18-lt\cxx-framework\src\traditional\proc\p18f8722.asm
                 LATAbits   0x000f89       data     extern E:\c18v3.46\pic18-lt\cxx-framework\src\traditional\proc\p18f8722.asm
                     LATB   0x000f8a       data     extern E:\c18v3.46\pic18-lt\cxx-framework\src\traditional\proc\p18f8722.asm
                 LATBbits   0x000f8a       data     extern E:\c18v3.46\pic18-lt\cxx-framework\src\traditional\proc\p18f8722.asm
                     LATC   0x000f8b       data     extern E:\c18v3.46\pic18-lt\cxx-framework\src\traditional\proc\p18f8722.asm
                 LATCbits   0x000f8b       data     extern E:\c18v3.46\pic18-lt\cxx-framework\src\traditional\proc\p18f8722.asm
                     LATD   0x000f8c       data     extern E:\c18v3.46\pic18-lt\cxx-framework\src\traditional\proc\p18f8722.asm
                 LATDbits   0x000f8c       data     extern E:\c18v3.46\pic18-lt\cxx-framework\src\traditional\proc\p18f8722.asm
                     LATE   0x000f8d       data     extern E:\c18v3.46\pic18-lt\cxx-framework\src\traditional\proc\p18f8722.asm
                 LATEbits   0x000f8d       data     extern E:\c18v3.46\pic18-lt\cxx-framework\src\traditional\proc\p18f8722.asm
                     LATF   0x000f8e       data     extern E:\c18v3.46\pic18-lt\cxx-framework\src\traditional\proc\p18f8722.asm
                 LATFbits   0x000f8e       data     extern E:\c18v3.46\pic18-lt\cxx-framework\src\traditional\proc\p18f8722.asm
                     LATG   0x000f8f       data     extern E:\c18v3.46\pic18-lt\cxx-framework\src\traditional\proc\p18f8722.asm
                 LATGbits   0x000f8f       data     extern E:\c18v3.46\pic18-lt\cxx-framework\src\traditional\proc\p18f8722.asm
                     LATH   0x000f90       data     extern E:\c18v3.46\pic18-lt\cxx-framework\src\traditional\proc\p18f8722.asm
                 LATHbits   0x000f90       data     extern E:\c18v3.46\pic18-lt\cxx-framework\src\traditional\proc\p18f8722.asm
                     LATJ   0x000f91       data     extern E:\c18v3.46\pic18-lt\cxx-framework\src\traditional\proc\p18f8722.asm
                 LATJbits   0x000f91       data     extern E:\c18v3.46\pic18-lt\cxx-framework\src\traditional\proc\p18f8722.asm
                   LVDCON   0x000fd2       data     extern E:\c18v3.46\pic18-lt\cxx-framework\src\traditional\proc\p18f8722.asm
               LVDCONbits   0x000fd2       data     extern E:\c18v3.46\pic18-lt\cxx-framework\src\traditional\proc\p18f8722.asm
                   MEMCON   0x000f9c       data     extern E:\c18v3.46\pic18-lt\cxx-framework\src\traditional\proc\p18f8722.asm
               MEMCONbits   0x000f9c       data     extern E:\c18v3.46\pic18-lt\cxx-framework\src\traditional\proc\p18f8722.asm
                   OSCCON   0x000fd3       data     extern E:\c18v3.46\pic18-lt\cxx-framework\src\traditional\proc\p18f8722.asm
               OSCCONbits   0x000fd3       data     extern E:\c18v3.46\pic18-lt\cxx-framework\src\traditional\proc\p18f8722.asm
                  OSCTUNE   0x000f9b       data     extern E:\c18v3.46\pic18-lt\cxx-framework\src\traditional\proc\p18f8722.asm
              OSCTUNEbits   0x000f9b       data     extern E:\c18v3.46\pic18-lt\cxx-framework\src\traditional\proc\p18f8722.asm
                       PC   0x000ff9       data     extern E:\c18v3.46\pic18-lt\cxx-framework\src\traditional\proc\p18f8722.asm
                      PCL   0x000ff9       data     extern E:\c18v3.46\pic18-lt\cxx-framework\src\traditional\proc\p18f8722.asm
                   PCLATH   0x000ffa       data     extern E:\c18v3.46\pic18-lt\cxx-framework\src\traditional\proc\p18f8722.asm
                   PCLATU   0x000ffb       data     extern E:\c18v3.46\pic18-lt\cxx-framework\src\traditional\proc\p18f8722.asm
                     PIE1   0x000f9d       data     extern E:\c18v3.46\pic18-lt\cxx-framework\src\traditional\proc\p18f8722.asm
                 PIE1bits   0x000f9d       data     extern E:\c18v3.46\pic18-lt\cxx-framework\src\traditional\proc\p18f8722.asm
                     PIE2   0x000fa0       data     extern E:\c18v3.46\pic18-lt\cxx-framework\src\traditional\proc\p18f8722.asm
                 PIE2bits   0x000fa0       data     extern E:\c18v3.46\pic18-lt\cxx-framework\src\traditional\proc\p18f8722.asm
                     PIE3   0x000fa3       data     extern E:\c18v3.46\pic18-lt\cxx-framework\src\traditional\proc\p18f8722.asm
                 PIE3bits   0x000fa3       data     extern E:\c18v3.46\pic18-lt\cxx-framework\src\traditional\proc\p18f8722.asm
                     PIR1   0x000f9e       data     extern E:\c18v3.46\pic18-lt\cxx-framework\src\traditional\proc\p18f8722.asm
                 PIR1bits   0x000f9e       data     extern E:\c18v3.46\pic18-lt\cxx-framework\src\traditional\proc\p18f8722.asm
                     PIR2   0x000fa1       data     extern E:\c18v3.46\pic18-lt\cxx-framework\src\traditional\proc\p18f8722.asm
                 PIR2bits   0x000fa1       data     extern E:\c18v3.46\pic18-lt\cxx-framework\src\traditional\proc\p18f8722.asm
                     PIR3   0x000fa4       data     extern E:\c18v3.46\pic18-lt\cxx-framework\src\traditional\proc\p18f8722.asm
                 PIR3bits   0x000fa4       data     extern E:\c18v3.46\pic18-lt\cxx-framework\src\traditional\proc\p18f8722.asm
                   PLUSW0   0x000feb       data     extern E:\c18v3.46\pic18-lt\cxx-framework\src\traditional\proc\p18f8722.asm
                   PLUSW1   0x000fe3       data     extern E:\c18v3.46\pic18-lt\cxx-framework\src\traditional\proc\p18f8722.asm
                   PLUSW2   0x000fdb       data     extern E:\c18v3.46\pic18-lt\cxx-framework\src\traditional\proc\p18f8722.asm
                    PORTA   0x000f80       data     extern E:\c18v3.46\pic18-lt\cxx-framework\src\traditional\proc\p18f8722.asm
                PORTAbits   0x000f80       data     extern E:\c18v3.46\pic18-lt\cxx-framework\src\traditional\proc\p18f8722.asm
                    PORTB   0x000f81       data     extern E:\c18v3.46\pic18-lt\cxx-framework\src\traditional\proc\p18f8722.asm
                PORTBbits   0x000f81       data     extern E:\c18v3.46\pic18-lt\cxx-framework\src\traditional\proc\p18f8722.asm
                    PORTC   0x000f82       data     extern E:\c18v3.46\pic18-lt\cxx-framework\src\traditional\proc\p18f8722.asm
                PORTCbits   0x000f82       data     extern E:\c18v3.46\pic18-lt\cxx-framework\src\traditional\proc\p18f8722.asm
                    PORTD   0x000f83       data     extern E:\c18v3.46\pic18-lt\cxx-framework\src\traditional\proc\p18f8722.asm
                PORTDbits   0x000f83       data     extern E:\c18v3.46\pic18-lt\cxx-framework\src\traditional\proc\p18f8722.asm
                    PORTE   0x000f84       data     extern E:\c18v3.46\pic18-lt\cxx-framework\src\traditional\proc\p18f8722.asm
                PORTEbits   0x000f84       data     extern E:\c18v3.46\pic18-lt\cxx-framework\src\traditional\proc\p18f8722.asm
                    PORTF   0x000f85       data     extern E:\c18v3.46\pic18-lt\cxx-framework\src\traditional\proc\p18f8722.asm
                PORTFbits   0x000f85       data     extern E:\c18v3.46\pic18-lt\cxx-framework\src\traditional\proc\p18f8722.asm
                    PORTG   0x000f86       data     extern E:\c18v3.46\pic18-lt\cxx-framework\src\traditional\proc\p18f8722.asm
                PORTGbits   0x000f86       data     extern E:\c18v3.46\pic18-lt\cxx-framework\src\traditional\proc\p18f8722.asm
                    PORTH   0x000f87       data     extern E:\c18v3.46\pic18-lt\cxx-framework\src\traditional\proc\p18f8722.asm
                PORTHbits   0x000f87       data     extern E:\c18v3.46\pic18-lt\cxx-framework\src\traditional\proc\p18f8722.asm
                    PORTJ   0x000f88       data     extern E:\c18v3.46\pic18-lt\cxx-framework\src\traditional\proc\p18f8722.asm
                PORTJbits   0x000f88       data     extern E:\c18v3.46\pic18-lt\cxx-framework\src\traditional\proc\p18f8722.asm
                 POSTDEC0   0x000fed       data     extern E:\c18v3.46\pic18-lt\cxx-framework\src\traditional\proc\p18f8722.asm
                 POSTDEC1   0x000fe5       data     extern E:\c18v3.46\pic18-lt\cxx-framework\src\traditional\proc\p18f8722.asm
                 POSTDEC2   0x000fdd       data     extern E:\c18v3.46\pic18-lt\cxx-framework\src\traditional\proc\p18f8722.asm
                 POSTINC0   0x000fee       data     extern E:\c18v3.46\pic18-lt\cxx-framework\src\traditional\proc\p18f8722.asm
                 POSTINC1   0x000fe6       data     extern E:\c18v3.46\pic18-lt\cxx-framework\src\traditional\proc\p18f8722.asm
                 POSTINC2   0x000fde       data     extern E:\c18v3.46\pic18-lt\cxx-framework\src\traditional\proc\p18f8722.asm
                      PR2   0x000fcb       data     extern E:\c18v3.46\pic18-lt\cxx-framework\src\traditional\proc\p18f8722.asm
                      PR4   0x000f77       data     extern E:\c18v3.46\pic18-lt\cxx-framework\src\traditional\proc\p18f8722.asm
                  PREINC0   0x000fec       data     extern E:\c18v3.46\pic18-lt\cxx-framework\src\traditional\proc\p18f8722.asm
                  PREINC1   0x000fe4       data     extern E:\c18v3.46\pic18-lt\cxx-framework\src\traditional\proc\p18f8722.asm
                  PREINC2   0x000fdc       data     extern E:\c18v3.46\pic18-lt\cxx-framework\src\traditional\proc\p18f8722.asm
                     PROD   0x000ff3       data     extern E:\c18v3.46\pic18-lt\cxx-framework\src\traditional\proc\p18f8722.asm
                    PRODH   0x000ff4       data     extern E:\c18v3.46\pic18-lt\cxx-framework\src\traditional\proc\p18f8722.asm
                    PRODL   0x000ff3       data     extern E:\c18v3.46\pic18-lt\cxx-framework\src\traditional\proc\p18f8722.asm
                   PSPCON   0x000fb0       data     extern E:\c18v3.46\pic18-lt\cxx-framework\src\traditional\proc\p18f8722.asm
               PSPCONbits   0x000fb0       data     extern E:\c18v3.46\pic18-lt\cxx-framework\src\traditional\proc\p18f8722.asm
                     RCON   0x000fd0       data     extern E:\c18v3.46\pic18-lt\cxx-framework\src\traditional\proc\p18f8722.asm
                 RCONbits   0x000fd0       data     extern E:\c18v3.46\pic18-lt\cxx-framework\src\traditional\proc\p18f8722.asm
                    RCREG   0x000fae       data     extern E:\c18v3.46\pic18-lt\cxx-framework\src\traditional\proc\p18f8722.asm
                   RCREG1   0x000fae       data     extern E:\c18v3.46\pic18-lt\cxx-framework\src\traditional\proc\p18f8722.asm
                   RCREG2   0x000f6e       data     extern E:\c18v3.46\pic18-lt\cxx-framework\src\traditional\proc\p18f8722.asm
                    RCSTA   0x000fab       data     extern E:\c18v3.46\pic18-lt\cxx-framework\src\traditional\proc\p18f8722.asm
                   RCSTA1   0x000fab       data     extern E:\c18v3.46\pic18-lt\cxx-framework\src\traditional\proc\p18f8722.asm
               RCSTA1bits   0x000fab       data     extern E:\c18v3.46\pic18-lt\cxx-framework\src\traditional\proc\p18f8722.asm
                   RCSTA2   0x000f6b       data     extern E:\c18v3.46\pic18-lt\cxx-framework\src\traditional\proc\p18f8722.asm
               RCSTA2bits   0x000f6b       data     extern E:\c18v3.46\pic18-lt\cxx-framework\src\traditional\proc\p18f8722.asm
                RCSTAbits   0x000fab       data     extern E:\c18v3.46\pic18-lt\cxx-framework\src\traditional\proc\p18f8722.asm
                     SIGN   0x00000e       data     extern E:\c18v3.46\pic18-lt\cxx-framework\src\traditional\math\cmath18.asm
                    SPBRG   0x000faf       data     extern E:\c18v3.46\pic18-lt\cxx-framework\src\traditional\proc\p18f8722.asm
                   SPBRG1   0x000faf       data     extern E:\c18v3.46\pic18-lt\cxx-framework\src\traditional\proc\p18f8722.asm
                   SPBRG2   0x000f6f       data     extern E:\c18v3.46\pic18-lt\cxx-framework\src\traditional\proc\p18f8722.asm
                   SPBRGH   0x000f7f       data     extern E:\c18v3.46\pic18-lt\cxx-framework\src\traditional\proc\p18f8722.asm
                  SPBRGH1   0x000f7f       data     extern E:\c18v3.46\pic18-lt\cxx-framework\src\traditional\proc\p18f8722.asm
                  SPBRGH2   0x000f7d       data     extern E:\c18v3.46\pic18-lt\cxx-framework\src\traditional\proc\p18f8722.asm
                  SSP1ADD   0x000fc8       data     extern E:\c18v3.46\pic18-lt\cxx-framework\src\traditional\proc\p18f8722.asm
                  SSP1BUF   0x000fc9       data     extern E:\c18v3.46\pic18-lt\cxx-framework\src\traditional\proc\p18f8722.asm
                 SSP1CON1   0x000fc6       data     extern E:\c18v3.46\pic18-lt\cxx-framework\src\traditional\proc\p18f8722.asm
             SSP1CON1bits   0x000fc6       data     extern E:\c18v3.46\pic18-lt\cxx-framework\src\traditional\proc\p18f8722.asm
                 SSP1CON2   0x000fc5       data     extern E:\c18v3.46\pic18-lt\cxx-framework\src\traditional\proc\p18f8722.asm
             SSP1CON2bits   0x000fc5       data     extern E:\c18v3.46\pic18-lt\cxx-framework\src\traditional\proc\p18f8722.asm
                 SSP1STAT   0x000fc7       data     extern E:\c18v3.46\pic18-lt\cxx-framework\src\traditional\proc\p18f8722.asm
             SSP1STATbits   0x000fc7       data     extern E:\c18v3.46\pic18-lt\cxx-framework\src\traditional\proc\p18f8722.asm
                  SSP2ADD   0x000f65       data     extern E:\c18v3.46\pic18-lt\cxx-framework\src\traditional\proc\p18f8722.asm
                  SSP2BUF   0x000f66       data     extern E:\c18v3.46\pic18-lt\cxx-framework\src\traditional\proc\p18f8722.asm
                 SSP2CON1   0x000f63       data     extern E:\c18v3.46\pic18-lt\cxx-framework\src\traditional\proc\p18f8722.asm
             SSP2CON1bits   0x000f63       data     extern E:\c18v3.46\pic18-lt\cxx-framework\src\traditional\proc\p18f8722.asm
                 SSP2CON2   0x000f62       data     extern E:\c18v3.46\pic18-lt\cxx-framework\src\traditional\proc\p18f8722.asm
             SSP2CON2bits   0x000f62       data     extern E:\c18v3.46\pic18-lt\cxx-framework\src\traditional\proc\p18f8722.asm
                 SSP2STAT   0x000f64       data     extern E:\c18v3.46\pic18-lt\cxx-framework\src\traditional\proc\p18f8722.asm
             SSP2STATbits   0x000f64       data     extern E:\c18v3.46\pic18-lt\cxx-framework\src\traditional\proc\p18f8722.asm
                   SSPADD   0x000fc8       data     extern E:\c18v3.46\pic18-lt\cxx-framework\src\traditional\proc\p18f8722.asm
                   SSPBUF   0x000fc9       data     extern E:\c18v3.46\pic18-lt\cxx-framework\src\traditional\proc\p18f8722.asm
                  SSPCON1   0x000fc6       data     extern E:\c18v3.46\pic18-lt\cxx-framework\src\traditional\proc\p18f8722.asm
              SSPCON1bits   0x000fc6       data     extern E:\c18v3.46\pic18-lt\cxx-framework\src\traditional\proc\p18f8722.asm
                  SSPCON2   0x000fc5       data     extern E:\c18v3.46\pic18-lt\cxx-framework\src\traditional\proc\p18f8722.asm
              SSPCON2bits   0x000fc5       data     extern E:\c18v3.46\pic18-lt\cxx-framework\src\traditional\proc\p18f8722.asm
                  SSPSTAT   0x000fc7       data     extern E:\c18v3.46\pic18-lt\cxx-framework\src\traditional\proc\p18f8722.asm
              SSPSTATbits   0x000fc7       data     extern E:\c18v3.46\pic18-lt\cxx-framework\src\traditional\proc\p18f8722.asm
                   STATUS   0x000fd8       data     extern E:\c18v3.46\pic18-lt\cxx-framework\src\traditional\proc\p18f8722.asm
               STATUSbits   0x000fd8       data     extern E:\c18v3.46\pic18-lt\cxx-framework\src\traditional\proc\p18f8722.asm
                   STKPTR   0x000ffc       data     extern E:\c18v3.46\pic18-lt\cxx-framework\src\traditional\proc\p18f8722.asm
               STKPTRbits   0x000ffc       data     extern E:\c18v3.46\pic18-lt\cxx-framework\src\traditional\proc\p18f8722.asm
                    T0CON   0x000fd5       data     extern E:\c18v3.46\pic18-lt\cxx-framework\src\traditional\proc\p18f8722.asm
                T0CONbits   0x000fd5       data     extern E:\c18v3.46\pic18-lt\cxx-framework\src\traditional\proc\p18f8722.asm
                    T1CON   0x000fcd       data     extern E:\c18v3.46\pic18-lt\cxx-framework\src\traditional\proc\p18f8722.asm
                T1CONbits   0x000fcd       data     extern E:\c18v3.46\pic18-lt\cxx-framework\src\traditional\proc\p18f8722.asm
                    T2CON   0x000fca       data     extern E:\c18v3.46\pic18-lt\cxx-framework\src\traditional\proc\p18f8722.asm
                T2CONbits   0x000fca       data     extern E:\c18v3.46\pic18-lt\cxx-framework\src\traditional\proc\p18f8722.asm
                    T3CON   0x000fb1       data     extern E:\c18v3.46\pic18-lt\cxx-framework\src\traditional\proc\p18f8722.asm
                T3CONbits   0x000fb1       data     extern E:\c18v3.46\pic18-lt\cxx-framework\src\traditional\proc\p18f8722.asm
                    T4CON   0x000f76       data     extern E:\c18v3.46\pic18-lt\cxx-framework\src\traditional\proc\p18f8722.asm
                T4CONbits   0x000f76       data     extern E:\c18v3.46\pic18-lt\cxx-framework\src\traditional\proc\p18f8722.asm
                   TABLAT   0x000ff5       data     extern E:\c18v3.46\pic18-lt\cxx-framework\src\traditional\proc\p18f8722.asm
                   TBLPTR   0x000ff6       data     extern E:\c18v3.46\pic18-lt\cxx-framework\src\traditional\proc\p18f8722.asm
                  TBLPTRH   0x000ff7       data     extern E:\c18v3.46\pic18-lt\cxx-framework\src\traditional\proc\p18f8722.asm
                  TBLPTRL   0x000ff6       data     extern E:\c18v3.46\pic18-lt\cxx-framework\src\traditional\proc\p18f8722.asm
                  TBLPTRU   0x000ff8       data     extern E:\c18v3.46\pic18-lt\cxx-framework\src\traditional\proc\p18f8722.asm
                    TMR0H   0x000fd7       data     extern E:\c18v3.46\pic18-lt\cxx-framework\src\traditional\proc\p18f8722.asm
                    TMR0L   0x000fd6       data     extern E:\c18v3.46\pic18-lt\cxx-framework\src\traditional\proc\p18f8722.asm
                    TMR1H   0x000fcf       data     extern E:\c18v3.46\pic18-lt\cxx-framework\src\traditional\proc\p18f8722.asm
                    TMR1L   0x000fce       data     extern E:\c18v3.46\pic18-lt\cxx-framework\src\traditional\proc\p18f8722.asm
                     TMR2   0x000fcc       data     extern E:\c18v3.46\pic18-lt\cxx-framework\src\traditional\proc\p18f8722.asm
                    TMR3H   0x000fb3       data     extern E:\c18v3.46\pic18-lt\cxx-framework\src\traditional\proc\p18f8722.asm
                    TMR3L   0x000fb2       data     extern E:\c18v3.46\pic18-lt\cxx-framework\src\traditional\proc\p18f8722.asm
                     TMR4   0x000f78       data     extern E:\c18v3.46\pic18-lt\cxx-framework\src\traditional\proc\p18f8722.asm
                      TOS   0x000ffd       data     extern E:\c18v3.46\pic18-lt\cxx-framework\src\traditional\proc\p18f8722.asm
                     TOSH   0x000ffe       data     extern E:\c18v3.46\pic18-lt\cxx-framework\src\traditional\proc\p18f8722.asm
                     TOSL   0x000ffd       data     extern E:\c18v3.46\pic18-lt\cxx-framework\src\traditional\proc\p18f8722.asm
                     TOSU   0x000fff       data     extern E:\c18v3.46\pic18-lt\cxx-framework\src\traditional\proc\p18f8722.asm
                    TRISA   0x000f92       data     extern E:\c18v3.46\pic18-lt\cxx-framework\src\traditional\proc\p18f8722.asm
                TRISAbits   0x000f92       data     extern E:\c18v3.46\pic18-lt\cxx-framework\src\traditional\proc\p18f8722.asm
                    TRISB   0x000f93       data     extern E:\c18v3.46\pic18-lt\cxx-framework\src\traditional\proc\p18f8722.asm
                TRISBbits   0x000f93       data     extern E:\c18v3.46\pic18-lt\cxx-framework\src\traditional\proc\p18f8722.asm
                    TRISC   0x000f94       data     extern E:\c18v3.46\pic18-lt\cxx-framework\src\traditional\proc\p18f8722.asm
                TRISCbits   0x000f94       data     extern E:\c18v3.46\pic18-lt\cxx-framework\src\traditional\proc\p18f8722.asm
                    TRISD   0x000f95       data     extern E:\c18v3.46\pic18-lt\cxx-framework\src\traditional\proc\p18f8722.asm
                TRISDbits   0x000f95       data     extern E:\c18v3.46\pic18-lt\cxx-framework\src\traditional\proc\p18f8722.asm
                    TRISE   0x000f96       data     extern E:\c18v3.46\pic18-lt\cxx-framework\src\traditional\proc\p18f8722.asm
                TRISEbits   0x000f96       data     extern E:\c18v3.46\pic18-lt\cxx-framework\src\traditional\proc\p18f8722.asm
                    TRISF   0x000f97       data     extern E:\c18v3.46\pic18-lt\cxx-framework\src\traditional\proc\p18f8722.asm
                TRISFbits   0x000f97       data     extern E:\c18v3.46\pic18-lt\cxx-framework\src\traditional\proc\p18f8722.asm
                    TRISG   0x000f98       data     extern E:\c18v3.46\pic18-lt\cxx-framework\src\traditional\proc\p18f8722.asm
                TRISGbits   0x000f98       data     extern E:\c18v3.46\pic18-lt\cxx-framework\src\traditional\proc\p18f8722.asm
                    TRISH   0x000f99       data     extern E:\c18v3.46\pic18-lt\cxx-framework\src\traditional\proc\p18f8722.asm
                TRISHbits   0x000f99       data     extern E:\c18v3.46\pic18-lt\cxx-framework\src\traditional\proc\p18f8722.asm
                    TRISJ   0x000f9a       data     extern E:\c18v3.46\pic18-lt\cxx-framework\src\traditional\proc\p18f8722.asm
                TRISJbits   0x000f9a       data     extern E:\c18v3.46\pic18-lt\cxx-framework\src\traditional\proc\p18f8722.asm
                    TXREG   0x000fad       data     extern E:\c18v3.46\pic18-lt\cxx-framework\src\traditional\proc\p18f8722.asm
                   TXREG1   0x000fad       data     extern E:\c18v3.46\pic18-lt\cxx-framework\src\traditional\proc\p18f8722.asm
                   TXREG2   0x000f6d       data     extern E:\c18v3.46\pic18-lt\cxx-framework\src\traditional\proc\p18f8722.asm
                    TXSTA   0x000fac       data     extern E:\c18v3.46\pic18-lt\cxx-framework\src\traditional\proc\p18f8722.asm
                   TXSTA1   0x000fac       data     extern E:\c18v3.46\pic18-lt\cxx-framework\src\traditional\proc\p18f8722.asm
               TXSTA1bits   0x000fac       data     extern E:\c18v3.46\pic18-lt\cxx-framework\src\traditional\proc\p18f8722.asm
                   TXSTA2   0x000f6c       data     extern E:\c18v3.46\pic18-lt\cxx-framework\src\traditional\proc\p18f8722.asm
               TXSTA2bits   0x000f6c       data     extern E:\c18v3.46\pic18-lt\cxx-framework\src\traditional\proc\p18f8722.asm
                TXSTAbits   0x000fac       data     extern E:\c18v3.46\pic18-lt\cxx-framework\src\traditional\proc\p18f8722.asm
            USART1_Status   0x000089       data     extern E:\c18v3.46\pic18-lt\cxx-framework\src\pmc_common\USART\u1defs.c
            USART2_Status   0x000088       data     extern E:\c18v3.46\pic18-lt\cxx-framework\src\pmc_common\USART\u2defs.c
                   WDTCON   0x000fd1       data     extern E:\c18v3.46\pic18-lt\cxx-framework\src\traditional\proc\p18f8722.asm
               WDTCONbits   0x000fd1       data     extern E:\c18v3.46\pic18-lt\cxx-framework\src\traditional\proc\p18f8722.asm
                     WREG   0x000fe8       data     extern E:\c18v3.46\pic18-lt\cxx-framework\src\traditional\proc\p18f8722.asm
                 __AARGB0   0x000007       data     extern E:\c18v3.46\pic18-lt\cxx-framework\src\traditional\math\aarg.asm
                 __AARGB1   0x000006       data     extern E:\c18v3.46\pic18-lt\cxx-framework\src\traditional\math\aarg.asm
                 __AARGB2   0x000005       data     extern E:\c18v3.46\pic18-lt\cxx-framework\src\traditional\math\aarg.asm
                 __AARGB3   0x000004       data     extern E:\c18v3.46\pic18-lt\cxx-framework\src\traditional\math\aarg.asm
                 __AARGB4   0x000003       data     extern E:\c18v3.46\pic18-lt\cxx-framework\src\traditional\math\aarg.asm
                 __AARGB5   0x000002       data     extern E:\c18v3.46\pic18-lt\cxx-framework\src\traditional\math\aarg.asm
                 __AARGB6   0x000001       data     extern E:\c18v3.46\pic18-lt\cxx-framework\src\traditional\math\aarg.asm
                 __AARGB7   0x000000       data     extern E:\c18v3.46\pic18-lt\cxx-framework\src\traditional\math\aarg.asm
                   __AEXP   0x000008       data     extern E:\c18v3.46\pic18-lt\cxx-framework\src\traditional\math\aarg.asm
                 __BARGB0   0x00000c       data     extern E:\c18v3.46\pic18-lt\cxx-framework\src\traditional\math\barg.asm
                 __BARGB1   0x00000b       data     extern E:\c18v3.46\pic18-lt\cxx-framework\src\traditional\math\barg.asm
                 __BARGB2   0x00000a       data     extern E:\c18v3.46\pic18-lt\cxx-framework\src\traditional\math\barg.asm
                 __BARGB3   0x000009       data     extern E:\c18v3.46\pic18-lt\cxx-framework\src\traditional\math\barg.asm
                   __BEXP   0x00000d       data     extern E:\c18v3.46\pic18-lt\cxx-framework\src\traditional\math\barg.asm
                __FPFLAGS   0x00000f       data     extern E:\c18v3.46\pic18-lt\cxx-framework\src\traditional\math\cmath18.asm
            __FPFLAGSbits   0x00000f       data     extern E:\c18v3.46\pic18-lt\cxx-framework\src\traditional\math\cmath18.asm
                  __REMB0   0x000003       data     extern E:\c18v3.46\pic18-lt\cxx-framework\src\traditional\math\aarg.asm
                  __REMB1   0x000002       data     extern E:\c18v3.46\pic18-lt\cxx-framework\src\traditional\math\aarg.asm
                  __REMB2   0x000001       data     extern E:\c18v3.46\pic18-lt\cxx-framework\src\traditional\math\aarg.asm
                  __REMB3   0x000000       data     extern E:\c18v3.46\pic18-lt\cxx-framework\src\traditional\math\aarg.asm
                  __tmp_0   0x000010       data     static C:\Users\IDEONICS-BNG\Desktop\RF_WHRACK_ACESS_SYSTEM\8722\source\communication.c
                  __tmp_0   0x000010       data     static C:\Users\IDEONICS-BNG\Desktop\RF_WHRACK_ACESS_SYSTEM\8722\source\board.c
                  __tmp_0   0x000010       data     static E:\c18v3.46\pic18-lt\cxx-framework\src\pmc_common\USART\u2open.c
                  __tmp_0   0x000010       data     static E:\c18v3.46\pic18-lt\cxx-framework\src\pmc_common\USART\u1open.c
                  __tmp_0   0x000010       data     static C:\Users\IDEONICS-BNG\Desktop\RF_WHRACK_ACESS_SYSTEM\8722\source\uart.c
                  __tmp_0   0x000010       data     static C:\Users\IDEONICS-BNG\Desktop\RF_WHRACK_ACESS_SYSTEM\8722\source\app.c
                      app   0x000100       data     extern C:\Users\IDEONICS-BNG\Desktop\RF_WHRACK_ACESS_SYSTEM\8722\source\app.c
               comTimeout   0x000086       data     extern C:\Users\IDEONICS-BNG\Desktop\RF_WHRACK_ACESS_SYSTEM\8722\source\communication.c
           comUpdateCount   0x000072       data     extern C:\Users\IDEONICS-BNG\Desktop\RF_WHRACK_ACESS_SYSTEM\8722\source\timer.c
            communication   0x000200       data     extern C:\Users\IDEONICS-BNG\Desktop\RF_WHRACK_ACESS_SYSTEM\8722\source\communication.c
                    count   0x00006c       data     extern C:\Users\IDEONICS-BNG\Desktop\RF_WHRACK_ACESS_SYSTEM\8722\source\timer.c
                curr_byte   0x00007f       data     static E:\c18v3.46\pic18-lt\cxx-framework\src\traditional\startup\c018i.c
               curr_entry   0x000081       data     static E:\c18v3.46\pic18-lt\cxx-framework\src\traditional\startup\c018i.c
                 data_ptr   0x000083       data     static E:\c18v3.46\pic18-lt\cxx-framework\src\traditional\startup\c018i.c
           heartBeatCount   0x00006e       data     extern C:\Users\IDEONICS-BNG\Desktop\RF_WHRACK_ACESS_SYSTEM\8722\source\timer.c
       keypadUpdate_count   0x000070       data     extern C:\Users\IDEONICS-BNG\Desktop\RF_WHRACK_ACESS_SYSTEM\8722\source\timer.c
                 ledState   0x00008b       data     extern C:\Users\IDEONICS-BNG\Desktop\RF_WHRACK_ACESS_SYSTEM\8722\source\heartBeat.c
                 ledState   0x00008a       data     static C:\Users\IDEONICS-BNG\Desktop\RF_WHRACK_ACESS_SYSTEM\8722\source\board.c
           mmdUpdateCount   0x000074       data     extern C:\Users\IDEONICS-BNG\Desktop\RF_WHRACK_ACESS_SYSTEM\8722\source\timer.c
                     prom   0x00007c       data     static E:\c18v3.46\pic18-lt\cxx-framework\src\traditional\startup\c018i.c
     timeStampUpdateCount   0x000076       data     extern C:\Users\IDEONICS-BNG\Desktop\RF_WHRACK_ACESS_SYSTEM\8722\source\timer.c
                      tmr   0x000060       data     extern C:\Users\IDEONICS-BNG\Desktop\RF_WHRACK_ACESS_SYSTEM\8722\source\timer.c
                     uart   0x000600       data     extern C:\Users\IDEONICS-BNG\Desktop\RF_WHRACK_ACESS_SYSTEM\8722\source\uart.c



                              Symbols - Sorted by Address
                     Name    Address   Location    Storage File                     
                ---------  ---------  ---------  --------- ---------                
                   _entry   0x000000    program     extern E:\c18v3.46\pic18-lt\cxx-framework\src\traditional\startup\c018i.c
       ___return_lbl00000   0x000004    program     static                          
                   __init   0x000006    program     extern E:\c18v3.46\pic18-lt\cxx-framework\src\traditional\stdclib\__init.c
           high_interrupt   0x000008    program     extern C:\Users\IDEONICS-BNG\Desktop\RF_WHRACK_ACESS_SYSTEM\8722\source\interruptvector.c
           ___if_lbl00001   0x000010    program     static                          
           ___if_lbl00002   0x000018    program     static                          
           ___if_lbl00003   0x000020    program     static                          
           ___if_lbl00004   0x000028    program     static                          
       ___return_lbl00000   0x000028    program     static                          
         EnableInterrupts   0x00002a    program     extern C:\Users\IDEONICS-BNG\Desktop\RF_WHRACK_ACESS_SYSTEM\8722\source\interruptvector.c
                 COM_init   0x00007a    program     extern C:\Users\IDEONICS-BNG\Desktop\RF_WHRACK_ACESS_SYSTEM\8722\source\communication.c
             COM_register   0x00017c    program     extern C:\Users\IDEONICS-BNG\Desktop\RF_WHRACK_ACESS_SYSTEM\8722\source\communication.c
             COM1_restart   0x0001b6    program     extern C:\Users\IDEONICS-BNG\Desktop\RF_WHRACK_ACESS_SYSTEM\8722\source\communication.c
               COM1_reset   0x000326    program     extern C:\Users\IDEONICS-BNG\Desktop\RF_WHRACK_ACESS_SYSTEM\8722\source\communication.c
                COM1_task   0x00046a    program     extern C:\Users\IDEONICS-BNG\Desktop\RF_WHRACK_ACESS_SYSTEM\8722\source\communication.c
             parse1Packet   0x0004da    program     extern C:\Users\IDEONICS-BNG\Desktop\RF_WHRACK_ACESS_SYSTEM\8722\source\communication.c
               COM_txData   0x000696    program     extern C:\Users\IDEONICS-BNG\Desktop\RF_WHRACK_ACESS_SYSTEM\8722\source\communication.c
                COM_txStr   0x000724    program     extern C:\Users\IDEONICS-BNG\Desktop\RF_WHRACK_ACESS_SYSTEM\8722\source\communication.c
                 checksum   0x00076e    program     extern C:\Users\IDEONICS-BNG\Desktop\RF_WHRACK_ACESS_SYSTEM\8722\source\communication.c
          COM_txCMD_CHAN1   0x0007d2    program     extern C:\Users\IDEONICS-BNG\Desktop\RF_WHRACK_ACESS_SYSTEM\8722\source\communication.c
     Uart1_ReceiveHandler   0x000a0e    program     extern C:\Users\IDEONICS-BNG\Desktop\RF_WHRACK_ACESS_SYSTEM\8722\source\uart.c
                UART_task   0x000ad8    program     extern C:\Users\IDEONICS-BNG\Desktop\RF_WHRACK_ACESS_SYSTEM\8722\source\uart.c
     Uart2_ReceiveHandler   0x000aec    program     extern C:\Users\IDEONICS-BNG\Desktop\RF_WHRACK_ACESS_SYSTEM\8722\source\uart.c
    Uart1_TransmitHandler   0x000bb6    program     extern C:\Users\IDEONICS-BNG\Desktop\RF_WHRACK_ACESS_SYSTEM\8722\source\uart.c
    Uart2_TransmitHandler   0x000c30    program     extern C:\Users\IDEONICS-BNG\Desktop\RF_WHRACK_ACESS_SYSTEM\8722\source\uart.c
               UART1_init   0x000caa    program     extern C:\Users\IDEONICS-BNG\Desktop\RF_WHRACK_ACESS_SYSTEM\8722\source\uart.c
               UART2_init   0x000d72    program     extern C:\Users\IDEONICS-BNG\Desktop\RF_WHRACK_ACESS_SYSTEM\8722\source\uart.c
              UART1_write   0x000e3a    program     extern C:\Users\IDEONICS-BNG\Desktop\RF_WHRACK_ACESS_SYSTEM\8722\source\uart.c
              UART2_write   0x000e72    program     extern C:\Users\IDEONICS-BNG\Desktop\RF_WHRACK_ACESS_SYSTEM\8722\source\uart.c
           UART1_transmit   0x000eaa    program     extern C:\Users\IDEONICS-BNG\Desktop\RF_WHRACK_ACESS_SYSTEM\8722\source\uart.c
           UART2_transmit   0x000f94    program     extern C:\Users\IDEONICS-BNG\Desktop\RF_WHRACK_ACESS_SYSTEM\8722\source\uart.c
            UART2_hasData   0x00107e    program     extern C:\Users\IDEONICS-BNG\Desktop\RF_WHRACK_ACESS_SYSTEM\8722\source\uart.c
            UART1_hasData   0x0010b8    program     extern C:\Users\IDEONICS-BNG\Desktop\RF_WHRACK_ACESS_SYSTEM\8722\source\uart.c
               UART1_read   0x0010f2    program     extern C:\Users\IDEONICS-BNG\Desktop\RF_WHRACK_ACESS_SYSTEM\8722\source\uart.c
               UART2_read   0x001142    program     extern C:\Users\IDEONICS-BNG\Desktop\RF_WHRACK_ACESS_SYSTEM\8722\source\uart.c
                 TMR0_ISR   0x001192    program     extern C:\Users\IDEONICS-BNG\Desktop\RF_WHRACK_ACESS_SYSTEM\8722\source\timer.c
                 TMR1_ISR   0x001280    program     extern C:\Users\IDEONICS-BNG\Desktop\RF_WHRACK_ACESS_SYSTEM\8722\source\timer.c
                 TMR3_ISR   0x00133a    program     extern C:\Users\IDEONICS-BNG\Desktop\RF_WHRACK_ACESS_SYSTEM\8722\source\timer.c
                TMR0_init   0x0013f4    program     extern C:\Users\IDEONICS-BNG\Desktop\RF_WHRACK_ACESS_SYSTEM\8722\source\timer.c
                TMR1_init   0x00143a    program     extern C:\Users\IDEONICS-BNG\Desktop\RF_WHRACK_ACESS_SYSTEM\8722\source\timer.c
                TMR3_init   0x001482    program     extern C:\Users\IDEONICS-BNG\Desktop\RF_WHRACK_ACESS_SYSTEM\8722\source\timer.c
               GetAppTime   0x0014c8    program     extern C:\Users\IDEONICS-BNG\Desktop\RF_WHRACK_ACESS_SYSTEM\8722\source\timer.c
                     main   0x001518    program     extern C:\Users\IDEONICS-BNG\Desktop\RF_WHRACK_ACESS_SYSTEM\8722\source\main.c
                _do_cinit   0x0015c0    program     extern E:\c18v3.46\pic18-lt\cxx-framework\src\traditional\startup\c018i.c
                     test   0x0015da    program     static                          
                copy_loop   0x001632    program     static                          
            copy_one_byte   0x001638    program     static                          
             done_copying   0x001646    program     static                          
       ___return_lbl00002   0x00165c    program     static                          
                     done   0x00165c    program     static                          
               Open2USART   0x00165e    program     extern E:\c18v3.46\pic18-lt\cxx-framework\src\pmc_common\USART\u2open.c
               Open1USART   0x0016e8    program     extern E:\c18v3.46\pic18-lt\cxx-framework\src\pmc_common\USART\u1open.c
                 BRD_init   0x00176c    program     extern C:\Users\IDEONICS-BNG\Desktop\RF_WHRACK_ACESS_SYSTEM\8722\source\board.c
                 APP_init   0x0017dc    program     extern C:\Users\IDEONICS-BNG\Desktop\RF_WHRACK_ACESS_SYSTEM\8722\source\app.c
                 APP_task   0x0017de    program     extern C:\Users\IDEONICS-BNG\Desktop\RF_WHRACK_ACESS_SYSTEM\8722\source\app.c
        APP_comCallBack_1   0x0017e0    program     extern C:\Users\IDEONICS-BNG\Desktop\RF_WHRACK_ACESS_SYSTEM\8722\source\app.c
        APP_comCallBack_2   0x00180c    program     extern C:\Users\IDEONICS-BNG\Desktop\RF_WHRACK_ACESS_SYSTEM\8722\source\app.c
                 FXD3232U   0x001838    program     extern E:\c18v3.46\pic18-lt\cxx-framework\src\traditional\math\fxd3232u.c
                     loop   0x001846    program     static                          
                   _false   0x00187a    program     static                          
       ___return_lbl00000   0x00187e    program     static                          
               OpenTimer3   0x001880    program     extern E:\c18v3.46\pic18-lt\cxx-framework\src\pmc_common\Timers\t3open.c
               OpenTimer1   0x0018c2    program     extern E:\c18v3.46\pic18-lt\cxx-framework\src\pmc_common\Timers\t1open.c
               Read2USART   0x001904    program     extern E:\c18v3.46\pic18-lt\cxx-framework\src\pmc_common\USART\u2read.c
               Read1USART   0x001942    program     extern E:\c18v3.46\pic18-lt\cxx-framework\src\pmc_common\USART\u1read.c
              WriteTimer3   0x001980    program     extern E:\c18v3.46\pic18-lt\cxx-framework\src\pmc_common\Timers\t3write.c
              WriteTimer1   0x0019b8    program     extern E:\c18v3.46\pic18-lt\cxx-framework\src\pmc_common\Timers\t1write.c
              WriteTimer0   0x0019f0    program     extern E:\c18v3.46\pic18-lt\cxx-framework\src\pmc_common\Timers\t0write.c
               OpenTimer0   0x001a28    program     extern E:\c18v3.46\pic18-lt\cxx-framework\src\pmc_common\Timers\t0open.c
              Delay1KTCYx   0x001a60    program     extern E:\c18v3.46\pic18-lt\cxx-framework\src\traditional\delays\d1ktcyx.asm
                     D1Kx   0x001a6a    program     static E:\c18v3.46\pic18-lt\cxx-framework\src\traditional\delays\d1ktcyx.asm
                    D1K_1   0x001a6c    program     static E:\c18v3.46\pic18-lt\cxx-framework\src\traditional\delays\d1ktcyx.asm
        _D1KTCYXCODE_0010   0x001a70    program     static E:\c18v3.46\pic18-lt\cxx-framework\src\traditional\delays\d1ktcyx.asm
        _D1KTCYXCODE_0016   0x001a76    program     static E:\c18v3.46\pic18-lt\cxx-framework\src\traditional\delays\d1ktcyx.asm
            __zero_memory   0x001a80    program     extern E:\c18v3.46\pic18-lt\cxx-framework\src\traditional\proc\p18f8722.asm
                   loop_h   0x001a8e    program     static E:\c18v3.46\pic18-lt\cxx-framework\src\traditional\proc\p18f8722.asm
               zero_block   0x001a8e    program     static E:\c18v3.46\pic18-lt\cxx-framework\src\traditional\proc\p18f8722.asm
                compare_l   0x001a96    program     static E:\c18v3.46\pic18-lt\cxx-framework\src\traditional\proc\p18f8722.asm
                   loop_l   0x001a98    program     static E:\c18v3.46\pic18-lt\cxx-framework\src\traditional\proc\p18f8722.asm
                 _startup   0x001aa0    program     extern E:\c18v3.46\pic18-lt\cxx-framework\src\traditional\startup\c018i.c
                     loop   0x001ab0    program     static                          
       ___return_lbl00001   0x001aba    program     static                          
                  HB_init   0x001abc    program     extern C:\Users\IDEONICS-BNG\Desktop\RF_WHRACK_ACESS_SYSTEM\8722\source\heartBeat.c
                  HB_task   0x001ac2    program     extern C:\Users\IDEONICS-BNG\Desktop\RF_WHRACK_ACESS_SYSTEM\8722\source\heartBeat.c
              Delay10TCYx   0x001ad6    program     extern E:\c18v3.46\pic18-lt\cxx-framework\src\traditional\delays\d10tcyx.asm
                     D10x   0x001ade    program     static E:\c18v3.46\pic18-lt\cxx-framework\src\traditional\delays\d10tcyx.asm
        _D10TCYXCODE_000A   0x001ae0    program     static E:\c18v3.46\pic18-lt\cxx-framework\src\traditional\delays\d10tcyx.asm
        _D10TCYXCODE_000C   0x001ae2    program     static E:\c18v3.46\pic18-lt\cxx-framework\src\traditional\delays\d10tcyx.asm
        _D10TCYXCODE_000E   0x001ae4    program     static E:\c18v3.46\pic18-lt\cxx-framework\src\traditional\delays\d10tcyx.asm
                    D10_1   0x001ae6    program     static E:\c18v3.46\pic18-lt\cxx-framework\src\traditional\delays\d10tcyx.asm
                    alert   0x001aec    program     extern C:\Users\IDEONICS-BNG\Desktop\RF_WHRACK_ACESS_SYSTEM\8722\source\communication.c
               __config_0   0x300001    program     static C:\Users\IDEONICS-BNG\Desktop\RF_WHRACK_ACESS_SYSTEM\8722\source\main.c
               __config_1   0x300002    program     static C:\Users\IDEONICS-BNG\Desktop\RF_WHRACK_ACESS_SYSTEM\8722\source\main.c
               __config_2   0x300003    program     static C:\Users\IDEONICS-BNG\Desktop\RF_WHRACK_ACESS_SYSTEM\8722\source\main.c
               __config_3   0x300004    program     static C:\Users\IDEONICS-BNG\Desktop\RF_WHRACK_ACESS_SYSTEM\8722\source\main.c
               __config_4   0x300005    program     static C:\Users\IDEONICS-BNG\Desktop\RF_WHRACK_ACESS_SYSTEM\8722\source\main.c
               __config_5   0x300006    program     static C:\Users\IDEONICS-BNG\Desktop\RF_WHRACK_ACESS_SYSTEM\8722\source\main.c
               __config_6   0x300008    program     static C:\Users\IDEONICS-BNG\Desktop\RF_WHRACK_ACESS_SYSTEM\8722\source\main.c
[...]
                 PIR3bits   0x000fa4       data     extern E:\c18v3.46\pic18-lt\cxx-framework\src\traditional\proc\p18f8722.asm
                     PIR3   0x000fa4       data     extern E:\c18v3.46\pic18-lt\cxx-framework\src\traditional\proc\p18f8722.asm
                     IPR3   0x000fa5       data     extern E:\c18v3.46\pic18-lt\cxx-framework\src\traditional\proc\p18f8722.asm
                 IPR3bits   0x000fa5       data     extern E:\c18v3.46\pic18-lt\cxx-framework\src\traditional\proc\p18f8722.asm
                   EECON1   0x000fa6       data     extern E:\c18v3.46\pic18-lt\cxx-framework\src\traditional\proc\p18f8722.asm
               EECON1bits   0x000fa6       data     extern E:\c18v3.46\pic18-lt\cxx-framework\src\traditional\proc\p18f8722.asm
                   EECON2   0x000fa7       data     extern E:\c18v3.46\pic18-lt\cxx-framework\src\traditional\proc\p18f8722.asm
                   EEDATA   0x000fa8       data     extern E:\c18v3.46\pic18-lt\cxx-framework\src\traditional\proc\p18f8722.asm
                    EEADR   0x000fa9       data     extern E:\c18v3.46\pic18-lt\cxx-framework\src\traditional\proc\p18f8722.asm
                   EEADRH   0x000faa       data     extern E:\c18v3.46\pic18-lt\cxx-framework\src\traditional\proc\p18f8722.asm
                RCSTAbits   0x000fab       data     extern E:\c18v3.46\pic18-lt\cxx-framework\src\traditional\proc\p18f8722.asm
               RCSTA1bits   0x000fab       data     extern E:\c18v3.46\pic18-lt\cxx-framework\src\traditional\proc\p18f8722.asm
                   RCSTA1   0x000fab       data     extern E:\c18v3.46\pic18-lt\cxx-framework\src\traditional\proc\p18f8722.asm
                    RCSTA   0x000fab       data     extern E:\c18v3.46\pic18-lt\cxx-framework\src\traditional\proc\p18f8722.asm
                TXSTAbits   0x000fac       data     extern E:\c18v3.46\pic18-lt\cxx-framework\src\traditional\proc\p18f8722.asm
                    TXSTA   0x000fac       data     extern E:\c18v3.46\pic18-lt\cxx-framework\src\traditional\proc\p18f8722.asm
                   TXSTA1   0x000fac       data     extern E:\c18v3.46\pic18-lt\cxx-framework\src\traditional\proc\p18f8722.asm
               TXSTA1bits   0x000fac       data     extern E:\c18v3.46\pic18-lt\cxx-framework\src\traditional\proc\p18f8722.asm
                    TXREG   0x000fad       data     extern E:\c18v3.46\pic18-lt\cxx-framework\src\traditional\proc\p18f8722.asm
                   TXREG1   0x000fad       data     extern E:\c18v3.46\pic18-lt\cxx-framework\src\traditional\proc\p18f8722.asm
                    RCREG   0x000fae       data     extern E:\c18v3.46\pic18-lt\cxx-framework\src\traditional\proc\p18f8722.asm
                   RCREG1   0x000fae       data     extern E:\c18v3.46\pic18-lt\cxx-framework\src\traditional\proc\p18f8722.asm
                    SPBRG   0x000faf       data     extern E:\c18v3.46\pic18-lt\cxx-framework\src\traditional\proc\p18f8722.asm
                   SPBRG1   0x000faf       data     extern E:\c18v3.46\pic18-lt\cxx-framework\src\traditional\proc\p18f8722.asm
               PSPCONbits   0x000fb0       data     extern E:\c18v3.46\pic18-lt\cxx-framework\src\traditional\proc\p18f8722.asm
                   PSPCON   0x000fb0       data     extern E:\c18v3.46\pic18-lt\cxx-framework\src\traditional\proc\p18f8722.asm
                T3CONbits   0x000fb1       data     extern E:\c18v3.46\pic18-lt\cxx-framework\src\traditional\proc\p18f8722.asm
                    T3CON   0x000fb1       data     extern E:\c18v3.46\pic18-lt\cxx-framework\src\traditional\proc\p18f8722.asm
                    TMR3L   0x000fb2       data     extern E:\c18v3.46\pic18-lt\cxx-framework\src\traditional\proc\p18f8722.asm
                    TMR3H   0x000fb3       data     extern E:\c18v3.46\pic18-lt\cxx-framework\src\traditional\proc\p18f8722.asm
                    CMCON   0x000fb4       data     extern E:\c18v3.46\pic18-lt\cxx-framework\src\traditional\proc\p18f8722.asm
                CMCONbits   0x000fb4       data     extern E:\c18v3.46\pic18-lt\cxx-framework\src\traditional\proc\p18f8722.asm
                   CVRCON   0x000fb5       data     extern E:\c18v3.46\pic18-lt\cxx-framework\src\traditional\proc\p18f8722.asm
               CVRCONbits   0x000fb5       data     extern E:\c18v3.46\pic18-lt\cxx-framework\src\traditional\proc\p18f8722.asm
              ECCP1ASbits   0x000fb6       data     extern E:\c18v3.46\pic18-lt\cxx-framework\src\traditional\proc\p18f8722.asm
                  ECCP1AS   0x000fb6       data     extern E:\c18v3.46\pic18-lt\cxx-framework\src\traditional\proc\p18f8722.asm
                  CCP3CON   0x000fb7       data     extern E:\c18v3.46\pic18-lt\cxx-framework\src\traditional\proc\p18f8722.asm
             ECCP3CONbits   0x000fb7       data     extern E:\c18v3.46\pic18-lt\cxx-framework\src\traditional\proc\p18f8722.asm
                 ECCP3CON   0x000fb7       data     extern E:\c18v3.46\pic18-lt\cxx-framework\src\traditional\proc\p18f8722.asm
              CCP3CONbits   0x000fb7       data     extern E:\c18v3.46\pic18-lt\cxx-framework\src\traditional\proc\p18f8722.asm
                    CCPR3   0x000fb8       data     extern E:\c18v3.46\pic18-lt\cxx-framework\src\traditional\proc\p18f8722.asm
                   CCPR3L   0x000fb8       data     extern E:\c18v3.46\pic18-lt\cxx-framework\src\traditional\proc\p18f8722.asm
                   CCPR3H   0x000fb9       data     extern E:\c18v3.46\pic18-lt\cxx-framework\src\traditional\proc\p18f8722.asm
                 ECCP2CON   0x000fba       data     extern E:\c18v3.46\pic18-lt\cxx-framework\src\traditional\proc\p18f8722.asm
             ECCP2CONbits   0x000fba       data     extern E:\c18v3.46\pic18-lt\cxx-framework\src\traditional\proc\p18f8722.asm
              CCP2CONbits   0x000fba       data     extern E:\c18v3.46\pic18-lt\cxx-framework\src\traditional\proc\p18f8722.asm
                  CCP2CON   0x000fba       data     extern E:\c18v3.46\pic18-lt\cxx-framework\src\traditional\proc\p18f8722.asm
                   CCPR2L   0x000fbb       data     extern E:\c18v3.46\pic18-lt\cxx-framework\src\traditional\proc\p18f8722.asm
                    CCPR2   0x000fbb       data     extern E:\c18v3.46\pic18-lt\cxx-framework\src\traditional\proc\p18f8722.asm
                   CCPR2H   0x000fbc       data     extern E:\c18v3.46\pic18-lt\cxx-framework\src\traditional\proc\p18f8722.asm
                 ECCP1CON   0x000fbd       data     extern E:\c18v3.46\pic18-lt\cxx-framework\src\traditional\proc\p18f8722.asm
             ECCP1CONbits   0x000fbd       data     extern E:\c18v3.46\pic18-lt\cxx-framework\src\traditional\proc\p18f8722.asm
              CCP1CONbits   0x000fbd       data     extern E:\c18v3.46\pic18-lt\cxx-framework\src\traditional\proc\p18f8722.asm
                  CCP1CON   0x000fbd       data     extern E:\c18v3.46\pic18-lt\cxx-framework\src\traditional\proc\p18f8722.asm
                   CCPR1L   0x000fbe       data     extern E:\c18v3.46\pic18-lt\cxx-framework\src\traditional\proc\p18f8722.asm
                    CCPR1   0x000fbe       data     extern E:\c18v3.46\pic18-lt\cxx-framework\src\traditional\proc\p18f8722.asm
                   CCPR1H   0x000fbf       data     extern E:\c18v3.46\pic18-lt\cxx-framework\src\traditional\proc\p18f8722.asm
               ADCON2bits   0x000fc0       data     extern E:\c18v3.46\pic18-lt\cxx-framework\src\traditional\proc\p18f8722.asm
                   ADCON2   0x000fc0       data     extern E:\c18v3.46\pic18-lt\cxx-framework\src\traditional\proc\p18f8722.asm
               ADCON1bits   0x000fc1       data     extern E:\c18v3.46\pic18-lt\cxx-framework\src\traditional\proc\p18f8722.asm
                   ADCON1   0x000fc1       data     extern E:\c18v3.46\pic18-lt\cxx-framework\src\traditional\proc\p18f8722.asm
               ADCON0bits   0x000fc2       data     extern E:\c18v3.46\pic18-lt\cxx-framework\src\traditional\proc\p18f8722.asm
                   ADCON0   0x000fc2       data     extern E:\c18v3.46\pic18-lt\cxx-framework\src\traditional\proc\p18f8722.asm
                    ADRES   0x000fc3       data     extern E:\c18v3.46\pic18-lt\cxx-framework\src\traditional\proc\p18f8722.asm
                   ADRESL   0x000fc3       data     extern E:\c18v3.46\pic18-lt\cxx-framework\src\traditional\proc\p18f8722.asm
                   ADRESH   0x000fc4       data     extern E:\c18v3.46\pic18-lt\cxx-framework\src\traditional\proc\p18f8722.asm
                 SSP1CON2   0x000fc5       data     extern E:\c18v3.46\pic18-lt\cxx-framework\src\traditional\proc\p18f8722.asm
                  SSPCON2   0x000fc5       data     extern E:\c18v3.46\pic18-lt\cxx-framework\src\traditional\proc\p18f8722.asm
              SSPCON2bits   0x000fc5       data     extern E:\c18v3.46\pic18-lt\cxx-framework\src\traditional\proc\p18f8722.asm
             SSP1CON2bits   0x000fc5       data     extern E:\c18v3.46\pic18-lt\cxx-framework\src\traditional\proc\p18f8722.asm
             SSP1CON1bits   0x000fc6       data     extern E:\c18v3.46\pic18-lt\cxx-framework\src\traditional\proc\p18f8722.asm
                 SSP1CON1   0x000fc6       data     extern E:\c18v3.46\pic18-lt\cxx-framework\src\traditional\proc\p18f8722.asm
                  SSPCON1   0x000fc6       data     extern E:\c18v3.46\pic18-lt\cxx-framework\src\traditional\proc\p18f8722.asm
              SSPCON1bits   0x000fc6       data     extern E:\c18v3.46\pic18-lt\cxx-framework\src\traditional\proc\p18f8722.asm
             SSP1STATbits   0x000fc7       data     extern E:\c18v3.46\pic18-lt\cxx-framework\src\traditional\proc\p18f8722.asm
                 SSP1STAT   0x000fc7       data     extern E:\c18v3.46\pic18-lt\cxx-framework\src\traditional\proc\p18f8722.asm
              SSPSTATbits   0x000fc7       data     extern E:\c18v3.46\pic18-lt\cxx-framework\src\traditional\proc\p18f8722.asm
                  SSPSTAT   0x000fc7       data     extern E:\c18v3.46\pic18-lt\cxx-framework\src\traditional\proc\p18f8722.asm
                   SSPADD   0x000fc8       data     extern E:\c18v3.46\pic18-lt\cxx-framework\src\traditional\proc\p18f8722.asm
                  SSP1ADD   0x000fc8       data     extern E:\c18v3.46\pic18-lt\cxx-framework\src\traditional\proc\p18f8722.asm
                   SSPBUF   0x000fc9       data     extern E:\c18v3.46\pic18-lt\cxx-framework\src\traditional\proc\p18f8722.asm
                  SSP1BUF   0x000fc9       data     extern E:\c18v3.46\pic18-lt\cxx-framework\src\traditional\proc\p18f8722.asm
                    T2CON   0x000fca       data     extern E:\c18v3.46\pic18-lt\cxx-framework\src\traditional\proc\p18f8722.asm
                T2CONbits   0x000fca       data     extern E:\c18v3.46\pic18-lt\cxx-framework\src\traditional\proc\p18f8722.asm
                      PR2   0x000fcb       data     extern E:\c18v3.46\pic18-lt\cxx-framework\src\traditional\proc\p18f8722.asm
                     TMR2   0x000fcc       data     extern E:\c18v3.46\pic18-lt\cxx-framework\src\traditional\proc\p18f8722.asm
                    T1CON   0x000fcd       data     extern E:\c18v3.46\pic18-lt\cxx-framework\src\traditional\proc\p18f8722.asm
                T1CONbits   0x000fcd       data     extern E:\c18v3.46\pic18-lt\cxx-framework\src\traditional\proc\p18f8722.asm
                    TMR1L   0x000fce       data     extern E:\c18v3.46\pic18-lt\cxx-framework\src\traditional\proc\p18f8722.asm
                    TMR1H   0x000fcf       data     extern E:\c18v3.46\pic18-lt\cxx-framework\src\traditional\proc\p18f8722.asm
                 RCONbits   0x000fd0       data     extern E:\c18v3.46\pic18-lt\cxx-framework\src\traditional\proc\p18f8722.asm
                     RCON   0x000fd0       data     extern E:\c18v3.46\pic18-lt\cxx-framework\src\traditional\proc\p18f8722.asm
               WDTCONbits   0x000fd1       data     extern E:\c18v3.46\pic18-lt\cxx-framework\src\traditional\proc\p18f8722.asm
                   WDTCON   0x000fd1       data     extern E:\c18v3.46\pic18-lt\cxx-framework\src\traditional\proc\p18f8722.asm
                  HLVDCON   0x000fd2       data     extern E:\c18v3.46\pic18-lt\cxx-framework\src\traditional\proc\p18f8722.asm
              HLVDCONbits   0x000fd2       data     extern E:\c18v3.46\pic18-lt\cxx-framework\src\traditional\proc\p18f8722.asm
                   LVDCON   0x000fd2       data     extern E:\c18v3.46\pic18-lt\cxx-framework\src\traditional\proc\p18f8722.asm
               LVDCONbits   0x000fd2       data     extern E:\c18v3.46\pic18-lt\cxx-framework\src\traditional\proc\p18f8722.asm
                   OSCCON   0x000fd3       data     extern E:\c18v3.46\pic18-lt\cxx-framework\src\traditional\proc\p18f8722.asm
               OSCCONbits   0x000fd3       data     extern E:\c18v3.46\pic18-lt\cxx-framework\src\traditional\proc\p18f8722.asm
                    T0CON   0x000fd5       data     extern E:\c18v3.46\pic18-lt\cxx-framework\src\traditional\proc\p18f8722.asm
                T0CONbits   0x000fd5       data     extern E:\c18v3.46\pic18-lt\cxx-framework\src\traditional\proc\p18f8722.asm
                    TMR0L   0x000fd6       data     extern E:\c18v3.46\pic18-lt\cxx-framework\src\traditional\proc\p18f8722.asm
                    TMR0H   0x000fd7       data     extern E:\c18v3.46\pic18-lt\cxx-framework\src\traditional\proc\p18f8722.asm
                   STATUS   0x000fd8       data     extern E:\c18v3.46\pic18-lt\cxx-framework\src\traditional\proc\p18f8722.asm
               STATUSbits   0x000fd8       data     extern E:\c18v3.46\pic18-lt\cxx-framework\src\traditional\proc\p18f8722.asm
                    FSR2L   0x000fd9       data     extern E:\c18v3.46\pic18-lt\cxx-framework\src\traditional\proc\p18f8722.asm
                     FSR2   0x000fd9       data     extern E:\c18v3.46\pic18-lt\cxx-framework\src\traditional\proc\p18f8722.asm
                    FSR2H   0x000fda       data     extern E:\c18v3.46\pic18-lt\cxx-framework\src\traditional\proc\p18f8722.asm
                   PLUSW2   0x000fdb       data     extern E:\c18v3.46\pic18-lt\cxx-framework\src\traditional\proc\p18f8722.asm
                  PREINC2   0x000fdc       data     extern E:\c18v3.46\pic18-lt\cxx-framework\src\traditional\proc\p18f8722.asm
                 POSTDEC2   0x000fdd       data     extern E:\c18v3.46\pic18-lt\cxx-framework\src\traditional\proc\p18f8722.asm
                 POSTINC2   0x000fde       data     extern E:\c18v3.46\pic18-lt\cxx-framework\src\traditional\proc\p18f8722.asm
                    INDF2   0x000fdf       data     extern E:\c18v3.46\pic18-lt\cxx-framework\src\traditional\proc\p18f8722.asm
                      BSR   0x000fe0       data     extern E:\c18v3.46\pic18-lt\cxx-framework\src\traditional\proc\p18f8722.asm
                     FSR1   0x000fe1       data     extern E:\c18v3.46\pic18-lt\cxx-framework\src\traditional\proc\p18f8722.asm
                    FSR1L   0x000fe1       data     extern E:\c18v3.46\pic18-lt\cxx-framework\src\traditional\proc\p18f8722.asm
                    FSR1H   0x000fe2       data     extern E:\c18v3.46\pic18-lt\cxx-framework\src\traditional\proc\p18f8722.asm
                   PLUSW1   0x000fe3       data     extern E:\c18v3.46\pic18-lt\cxx-framework\src\traditional\proc\p18f8722.asm
                  PREINC1   0x000fe4       data     extern E:\c18v3.46\pic18-lt\cxx-framework\src\traditional\proc\p18f8722.asm
                 POSTDEC1   0x000fe5       data     extern E:\c18v3.46\pic18-lt\cxx-framework\src\traditional\proc\p18f8722.asm
                 POSTINC1   0x000fe6       data     extern E:\c18v3.46\pic18-lt\cxx-framework\src\traditional\proc\p18f8722.asm
                    INDF1   0x000fe7       data     extern E:\c18v3.46\pic18-lt\cxx-framework\src\traditional\proc\p18f8722.asm
                     WREG   0x000fe8       data     extern E:\c18v3.46\pic18-lt\cxx-framework\src\traditional\proc\p18f8722.asm
                     FSR0   0x000fe9       data     extern E:\c18v3.46\pic18-lt\cxx-framework\src\traditional\proc\p18f8722.asm
                    FSR0L   0x000fe9       data     extern E:\c18v3.46\pic18-lt\cxx-framework\src\traditional\proc\p18f8722.asm
                    FSR0H   0x000fea       data     extern E:\c18v3.46\pic18-lt\cxx-framework\src\traditional\proc\p18f8722.asm
                   PLUSW0   0x000feb       data     extern E:\c18v3.46\pic18-lt\cxx-framework\src\traditional\proc\p18f8722.asm
                  PREINC0   0x000fec       data     extern E:\c18v3.46\pic18-lt\cxx-framework\src\traditional\proc\p18f8722.asm
                 POSTDEC0   0x000fed       data     extern E:\c18v3.46\pic18-lt\cxx-framework\src\traditional\proc\p18f8722.asm
                 POSTINC0   0x000fee       data     extern E:\c18v3.46\pic18-lt\cxx-framework\src\traditional\proc\p18f8722.asm
                    INDF0   0x000fef       data     extern E:\c18v3.46\pic18-lt\cxx-framework\src\traditional\proc\p18f8722.asm
              INTCON3bits   0x000ff0       data     extern E:\c18v3.46\pic18-lt\cxx-framework\src\traditional\proc\p18f8722.asm
                  INTCON3   0x000ff0       data     extern E:\c18v3.46\pic18-lt\cxx-framework\src\traditional\proc\p18f8722.asm
              INTCON2bits   0x000ff1       data     extern E:\c18v3.46\pic18-lt\cxx-framework\src\traditional\proc\p18f8722.asm
                  INTCON2   0x000ff1       data     extern E:\c18v3.46\pic18-lt\cxx-framework\src\traditional\proc\p18f8722.asm
               INTCONbits   0x000ff2       data     extern E:\c18v3.46\pic18-lt\cxx-framework\src\traditional\proc\p18f8722.asm
                   INTCON   0x000ff2       data     extern E:\c18v3.46\pic18-lt\cxx-framework\src\traditional\proc\p18f8722.asm
                     PROD   0x000ff3       data     extern E:\c18v3.46\pic18-lt\cxx-framework\src\traditional\proc\p18f8722.asm
                    PRODL   0x000ff3       data     extern E:\c18v3.46\pic18-lt\cxx-framework\src\traditional\proc\p18f8722.asm
                    PRODH   0x000ff4       data     extern E:\c18v3.46\pic18-lt\cxx-framework\src\traditional\proc\p18f8722.asm
                   TABLAT   0x000ff5       data     extern E:\c18v3.46\pic18-lt\cxx-framework\src\traditional\proc\p18f8722.asm
                  TBLPTRL   0x000ff6       data     extern E:\c18v3.46\pic18-lt\cxx-framework\src\traditional\proc\p18f8722.asm
                   TBLPTR   0x000ff6       data     extern E:\c18v3.46\pic18-lt\cxx-framework\src\traditional\proc\p18f8722.asm
                  TBLPTRH   0x000ff7       data     extern E:\c18v3.46\pic18-lt\cxx-framework\src\traditional\proc\p18f8722.asm
                  TBLPTRU   0x000ff8       data     extern E:\c18v3.46\pic18-lt\cxx-framework\src\traditional\proc\p18f8722.asm
                      PCL   0x000ff9       data     extern E:\c18v3.46\pic18-lt\cxx-framework\src\traditional\proc\p18f8722.asm
                       PC   0x000ff9       data     extern E:\c18v3.46\pic18-lt\cxx-framework\src\traditional\proc\p18f8722.asm
                   PCLATH   0x000ffa       data     extern E:\c18v3.46\pic18-lt\cxx-framework\src\traditional\proc\p18f8722.asm
                   PCLATU   0x000ffb       data     extern E:\c18v3.46\pic18-lt\cxx-framework\src\traditional\proc\p18f8722.asm
               STKPTRbits   0x000ffc       data     extern E:\c18v3.46\pic18-lt\cxx-framework\src\traditional\proc\p18f8722.asm
                   STKPTR   0x000ffc       data     extern E:\c18v3.46\pic18-lt\cxx-framework\src\traditional\proc\p18f8722.asm
                      TOS   0x000ffd       data     extern E:\c18v3.46\pic18-lt\cxx-framework\src\traditional\proc\p18f8722.asm
                     TOSL   0x000ffd       data     extern E:\c18v3.46\pic18-lt\cxx-framework\src\traditional\proc\p18f8722.asm
                     TOSH   0x000ffe       data     extern E:\c18v3.46\pic18-lt\cxx-framework\src\traditional\proc\p18f8722.asm
                     TOSU   0x000fff       data     extern E:\c18v3.46\pic18-lt\cxx-framework\src\traditional\proc\p18f8722.asm


