MPLINK 4.48, Linker
Linker Map File - Created Thu Aug 06 19:47:08 2015

                                 Section Info
                  Section       Type    Address   Location Size(Bytes)
                ---------  ---------  ---------  ---------  ---------
               _entry_scn       code   0x000000    program   0x000006
           .code___init.o       code   0x000006    program   0x000002
              high_vector       code   0x000008    program   0x000018
                   .cinit    romdata   0x000020    program   0x000056
    .code_communication.o       code   0x000076    program   0x0015a8
             .code_uart.o       code   0x00161e    program   0x000782
            .code_timer.o       code   0x001da0    program   0x0003a0
            .code_board.o       code   0x002140    program   0x00016a
              .code_app.o       code   0x0022aa    program   0x000106
             .code_main.o       code   0x0023b0    program   0x0000b2
               _cinit_scn       code   0x002462    program   0x00009e
           .code_u2open.o       code   0x002500    program   0x000078
           .code_u1open.o       code   0x002578    program   0x000072
           .code_t1open.o       code   0x0025ea    program   0x000054
         .code_fxd3232u.o       code   0x00263e    program   0x000048
           .code_u2read.o       code   0x002686    program   0x00003e
           .code_u1read.o       code   0x0026c4    program   0x00003e
          .code_t1write.o       code   0x002702    program   0x000038
          .code_t0write.o       code   0x00273a    program   0x000038
           .code_t0open.o       code   0x002772    program   0x000038
              D1KTCYXCODE       code   0x0027aa    program   0x000020
                    .code       code   0x0027ca    program   0x000020
             _startup_scn       code   0x0027ea    program   0x00001c
        .code_heartBeat.o       code   0x002806    program   0x00001a
              D10TCYXCODE       code   0x002820    program   0x000016
 .romdata_communication.o    romdata   0x002836    program   0x000005
               uartdata_i    romdata   0x00283b    program   0x0001ec
               COM_DATA_i    romdata   0x002a27    program   0x000104
               APP_DATA_i    romdata   0x002b2b    program   0x00000c
        .romdata_u2open.o    romdata   0x002b37    program   0x000000
        .idata_u2open.o_i    romdata   0x002b37    program   0x000000
        .romdata_config.o    romdata   0x002b37    program   0x000000
        .romdata_u1open.o    romdata   0x002b37    program   0x000000
        .idata_u1open.o_i    romdata   0x002b37    program   0x000000
        .romdata_u2read.o    romdata   0x002b37    program   0x000000
      .romdata_fxd3232u.o    romdata   0x002b37    program   0x000000
        .romdata_t0open.o    romdata   0x002b37    program   0x000000
             .stringtable    romdata   0x002b37    program   0x000000
     .romdata_heartBeat.o    romdata   0x002b37    program   0x000000
.romdata_interruptvector.o    romdata   0x002b37    program   0x000000
           .romdata_app.o    romdata   0x002b37    program   0x000000
         .romdata_board.o    romdata   0x002b37    program   0x000000
        .idata_u1defs.o_i    romdata   0x002b37    program   0x000000
        .idata_u2read.o_i    romdata   0x002b37    program   0x000000
         .romdata_c018i.o    romdata   0x002b37    program   0x000000
        .romdata___init.o    romdata   0x002b37    program   0x000000
       .romdata_t1write.o    romdata   0x002b37    program   0x000000
        .romdata_u1read.o    romdata   0x002b37    program   0x000000
        .idata_u1read.o_i    romdata   0x002b37    program   0x000000
       .romdata_t0write.o    romdata   0x002b37    program   0x000000
        .romdata_u2defs.o    romdata   0x002b37    program   0x000000
        .idata_u2defs.o_i    romdata   0x002b37    program   0x000000
        .romdata_u1defs.o    romdata   0x002b37    program   0x000000
         .idata_timer.o_i    romdata   0x002b37    program   0x00001a
         .romdata_timer.o    romdata   0x002b37    program   0x000000
          .romdata_main.o    romdata   0x002b37    program   0x000000
          .idata_uart.o_i    romdata   0x002b37    program   0x000000
          .romdata_uart.o    romdata   0x002b37    program   0x000000
        .romdata_t1open.o    romdata   0x002b37    program   0x000000
        .idata_t1open.o_i    romdata   0x002b51    program   0x000000
        .idata_t0open.o_i    romdata   0x002b51    program   0x000000
     .idata_heartBeat.o_i    romdata   0x002b51    program   0x000001
.idata_interruptvector.o_i    romdata   0x002b51    program   0x000000
          .idata_main.o_i    romdata   0x002b51    program   0x000000
       .idata_t0write.o_i    romdata   0x002b51    program   0x000000
       .idata_t1write.o_i    romdata   0x002b51    program   0x000000
        .idata_config.o_i    romdata   0x002b52    program   0x000000
      .idata_fxd3232u.o_i    romdata   0x002b52    program   0x000000
 .idata_communication.o_i    romdata   0x002b52    program   0x000002
         .idata_board.o_i    romdata   0x002b54    program   0x000002
         .idata_c018i.o_i    romdata   0x002b54    program   0x000000
           .code_config.o       code   0x002b56    program   0x000000
           .idata_app.o_i    romdata   0x002b56    program   0x000000
  .code_interruptvector.o       code   0x002b56    program   0x000000
           .code_u1defs.o       code   0x002b56    program   0x000000
        .idata___init.o_i    romdata   0x002b56    program   0x000000
            .code_c018i.o       code   0x002b56    program   0x000000
           .code_u2defs.o       code   0x002b56    program   0x000000
    .config_300001_main.o    romdata   0x300001    program   0x000001
    .config_300002_main.o    romdata   0x300002    program   0x000001
    .config_300003_main.o    romdata   0x300003    program   0x000001
    .config_300005_main.o    romdata   0x300005    program   0x000001
    .config_300006_main.o    romdata   0x300006    program   0x000001
    .config_300008_main.o    romdata   0x300008    program   0x000001
    .config_300009_main.o    romdata   0x300009    program   0x000001
    .config_30000a_main.o    romdata   0x30000a    program   0x000001
    .config_30000b_main.o    romdata   0x30000b    program   0x000001
    .config_30000c_main.o    romdata   0x30000c    program   0x000001
    .config_30000d_main.o    romdata   0x30000d    program   0x000001
                MATH_DATA      udata   0x000000       data   0x000010
                 .tmpdata      udata   0x000010       data   0x000009
                DELAYDAT1      udata   0x000019       data   0x000001
                   .stack      udata   0x000060       data   0x0000a0
                 APP_DATA      idata   0x000100       data   0x00000c
                 COM_DATA      idata   0x000700       data   0x000104
                 uartdata      idata   0x000d00       data   0x0001ec
           .udata_c018i.o      udata   0x000eec       data   0x00000a
   .idata_communication.o      idata   0x000ef6       data   0x000002
           .idata_board.o      idata   0x000ef8       data   0x000002
          .udata_u2defs.o      udata   0x000efa       data   0x000001
          .udata_u1defs.o      udata   0x000efb       data   0x000001
           .udata_board.o      udata   0x000efc       data   0x000001
       .idata_heartBeat.o      idata   0x000efd       data   0x000001
          .idata_u2open.o      idata   0x000efe       data   0x000000
          .udata_t0open.o      udata   0x000efe       data   0x000000
          .idata_t0open.o      idata   0x000efe       data   0x000000
          .udata_t1open.o      udata   0x000efe       data   0x000000
          .idata_t1open.o      idata   0x000efe       data   0x000000
          .udata_u1read.o      udata   0x000efe       data   0x000000
          .idata_u1read.o      idata   0x000efe       data   0x000000
          .udata_u2read.o      udata   0x000efe       data   0x000000
          .idata_u2read.o      idata   0x000efe       data   0x000000
          .udata_config.o      udata   0x000efe       data   0x000000
          .idata_u1defs.o      idata   0x000efe       data   0x000000
   .udata_communication.o      udata   0x000efe       data   0x000000
          .idata_u2defs.o      idata   0x000efe       data   0x000000
         .udata_t0write.o      udata   0x000efe       data   0x000000
         .idata_t0write.o      idata   0x000efe       data   0x000000
         .udata_t1write.o      udata   0x000efe       data   0x000000
         .idata_t1write.o      idata   0x000efe       data   0x000000
          .udata___init.o      udata   0x000efe       data   0x000000
          .idata___init.o      idata   0x000efe       data   0x000000
 .udata_interruptvector.o      udata   0x000efe       data   0x000000
 .idata_interruptvector.o      idata   0x000efe       data   0x000000
            .udata_main.o      udata   0x000efe       data   0x000000
            .idata_main.o      idata   0x000efe       data   0x000000
           .udata_timer.o      udata   0x000efe       data   0x000000
            .udata_uart.o      udata   0x000efe       data   0x000000
            .idata_uart.o      idata   0x000efe       data   0x000000
       .udata_heartBeat.o      udata   0x000efe       data   0x000000
             .udata_app.o      udata   0x000efe       data   0x000000
             .idata_app.o      idata   0x000efe       data   0x000000
          .idata_config.o      idata   0x000efe       data   0x000000
           .idata_c018i.o      idata   0x000efe       data   0x000000
        .udata_fxd3232u.o      udata   0x000efe       data   0x000000
        .idata_fxd3232u.o      idata   0x000efe       data   0x000000
          .udata_u1open.o      udata   0x000efe       data   0x000000
          .idata_u1open.o      idata   0x000efe       data   0x000000
          .udata_u2open.o      udata   0x000efe       data   0x000000
           .idata_timer.o      idata   0x000f00       data   0x00001a
              SFR_BANKED0      udata   0x000f38       data   0x000028
            SFR_UNBANKED0      udata   0x000f60       data   0x0000a0



                              Program Memory Usage 
                               Start         End      
                           ---------   ---------      
                            0x000000    0x002b55      
                            0x300001    0x300003      
                            0x300005    0x300006      
                            0x300008    0x30000d      
            11105 out of 29720 program addresses used, program memory utilization is 37%



                              Symbols - Sorted by Name
                     Name    Address   Location    Storage File                     
                ---------  ---------  ---------  --------- ---------                
        APP_comCallBack_1   0x0022bc    program     extern C:\Users\IDEONICS-BNG\Desktop\46k22_uart1&2\source\app.c
        APP_comCallBack_2   0x002336    program     extern C:\Users\IDEONICS-BNG\Desktop\46k22_uart1&2\source\app.c
                 APP_init   0x0022aa    program     extern C:\Users\IDEONICS-BNG\Desktop\46k22_uart1&2\source\app.c
                 APP_task   0x0022ac    program     extern C:\Users\IDEONICS-BNG\Desktop\46k22_uart1&2\source\app.c
                 BRD_init   0x002140    program     extern C:\Users\IDEONICS-BNG\Desktop\46k22_uart1&2\source\board.c
               COM1_reset   0x0003d8    program     extern C:\Users\IDEONICS-BNG\Desktop\46k22_uart1&2\source\communication.c
             COM1_restart   0x0001dc    program     extern C:\Users\IDEONICS-BNG\Desktop\46k22_uart1&2\source\communication.c
                COM1_task   0x0005be    program     extern C:\Users\IDEONICS-BNG\Desktop\46k22_uart1&2\source\communication.c
                 COM_init   0x000076    program     extern C:\Users\IDEONICS-BNG\Desktop\46k22_uart1&2\source\communication.c
             COM_register   0x000190    program     extern C:\Users\IDEONICS-BNG\Desktop\46k22_uart1&2\source\communication.c
          COM_txCMD_CHAN1   0x0013e2    program     extern C:\Users\IDEONICS-BNG\Desktop\46k22_uart1&2\source\communication.c
               COM_txData   0x0012a6    program     extern C:\Users\IDEONICS-BNG\Desktop\46k22_uart1&2\source\communication.c
                COM_txStr   0x001334    program     extern C:\Users\IDEONICS-BNG\Desktop\46k22_uart1&2\source\communication.c
                    D10_1   0x002830    program     static E:\c18v3.46\pic18-lt\cxx-framework\src\traditional\delays\d10tcyx.asm
                     D10x   0x002828    program     static E:\c18v3.46\pic18-lt\cxx-framework\src\traditional\delays\d10tcyx.asm
                    D1K_1   0x0027b6    program     static E:\c18v3.46\pic18-lt\cxx-framework\src\traditional\delays\d1ktcyx.asm
                     D1Kx   0x0027b4    program     static E:\c18v3.46\pic18-lt\cxx-framework\src\traditional\delays\d1ktcyx.asm
              Delay10TCYx   0x002820    program     extern E:\c18v3.46\pic18-lt\cxx-framework\src\traditional\delays\d10tcyx.asm
              Delay1KTCYx   0x0027aa    program     extern E:\c18v3.46\pic18-lt\cxx-framework\src\traditional\delays\d1ktcyx.asm
         EnableInterrupts   0x00001a    program     extern C:\Users\IDEONICS-BNG\Desktop\46k22_uart1&2\source\interruptvector.c
                 FXD3232U   0x00263e    program     extern E:\c18v3.46\pic18-lt\cxx-framework\src\traditional\math\fxd3232u.c
               GetAppTime   0x0020e0    program     extern C:\Users\IDEONICS-BNG\Desktop\46k22_uart1&2\source\timer.c
                  HB_init   0x002806    program     extern C:\Users\IDEONICS-BNG\Desktop\46k22_uart1&2\source\heartBeat.c
                  HB_task   0x00280c    program     extern C:\Users\IDEONICS-BNG\Desktop\46k22_uart1&2\source\heartBeat.c
               Open1USART   0x002578    program     extern E:\c18v3.46\pic18-lt\cxx-framework\src\pmc_common\USART\u1open.c
               Open2USART   0x002500    program     extern E:\c18v3.46\pic18-lt\cxx-framework\src\pmc_common\USART\u2open.c
               OpenTimer0   0x002772    program     extern E:\c18v3.46\pic18-lt\cxx-framework\src\pmc_common\Timers\t0open.c
               OpenTimer1   0x0025ea    program     extern E:\c18v3.46\pic18-lt\cxx-framework\src\pmc_common\Timers\t1open.c
               Read1USART   0x0026c4    program     extern E:\c18v3.46\pic18-lt\cxx-framework\src\pmc_common\USART\u1read.c
               Read2USART   0x002686    program     extern E:\c18v3.46\pic18-lt\cxx-framework\src\pmc_common\USART\u2read.c
             ResetAppTime   0x002130    program     extern C:\Users\IDEONICS-BNG\Desktop\46k22_uart1&2\source\timer.c
                 TMR0_ISR   0x001da0    program     extern C:\Users\IDEONICS-BNG\Desktop\46k22_uart1&2\source\timer.c
                TMR0_init   0x001ff6    program     extern C:\Users\IDEONICS-BNG\Desktop\46k22_uart1&2\source\timer.c
                 TMR1_ISR   0x001e8e    program     extern C:\Users\IDEONICS-BNG\Desktop\46k22_uart1&2\source\timer.c
                TMR1_init   0x00203c    program     extern C:\Users\IDEONICS-BNG\Desktop\46k22_uart1&2\source\timer.c
                 TMR2_ISR   0x001f48    program     extern C:\Users\IDEONICS-BNG\Desktop\46k22_uart1&2\source\timer.c
                TMR2_init   0x0020ac    program     extern C:\Users\IDEONICS-BNG\Desktop\46k22_uart1&2\source\timer.c
            UART1_hasData   0x001cc6    program     extern C:\Users\IDEONICS-BNG\Desktop\46k22_uart1&2\source\uart.c
               UART1_init   0x0018ba    program     extern C:\Users\IDEONICS-BNG\Desktop\46k22_uart1&2\source\uart.c
               UART1_read   0x001d00    program     extern C:\Users\IDEONICS-BNG\Desktop\46k22_uart1&2\source\uart.c
           UART1_transmit   0x001ab8    program     extern C:\Users\IDEONICS-BNG\Desktop\46k22_uart1&2\source\uart.c
              UART1_write   0x001a48    program     extern C:\Users\IDEONICS-BNG\Desktop\46k22_uart1&2\source\uart.c
            UART2_hasData   0x001c8c    program     extern C:\Users\IDEONICS-BNG\Desktop\46k22_uart1&2\source\uart.c
               UART2_init   0x001982    program     extern C:\Users\IDEONICS-BNG\Desktop\46k22_uart1&2\source\uart.c
               UART2_read   0x001d50    program     extern C:\Users\IDEONICS-BNG\Desktop\46k22_uart1&2\source\uart.c
           UART2_transmit   0x001ba2    program     extern C:\Users\IDEONICS-BNG\Desktop\46k22_uart1&2\source\uart.c
              UART2_write   0x001a80    program     extern C:\Users\IDEONICS-BNG\Desktop\46k22_uart1&2\source\uart.c
                UART_task   0x0016e8    program     extern C:\Users\IDEONICS-BNG\Desktop\46k22_uart1&2\source\uart.c
     Uart1_ReceiveHandler   0x00161e    program     extern C:\Users\IDEONICS-BNG\Desktop\46k22_uart1&2\source\uart.c
    Uart1_TransmitHandler   0x0017c6    program     extern C:\Users\IDEONICS-BNG\Desktop\46k22_uart1&2\source\uart.c
     Uart2_ReceiveHandler   0x0016fc    program     extern C:\Users\IDEONICS-BNG\Desktop\46k22_uart1&2\source\uart.c
    Uart2_TransmitHandler   0x001840    program     extern C:\Users\IDEONICS-BNG\Desktop\46k22_uart1&2\source\uart.c
              WriteTimer0   0x00273a    program     extern E:\c18v3.46\pic18-lt\cxx-framework\src\pmc_common\Timers\t0write.c
              WriteTimer1   0x002702    program     extern E:\c18v3.46\pic18-lt\cxx-framework\src\pmc_common\Timers\t1write.c
        _D10TCYXCODE_000A   0x00282a    program     static E:\c18v3.46\pic18-lt\cxx-framework\src\traditional\delays\d10tcyx.asm
        _D10TCYXCODE_000C   0x00282c    program     static E:\c18v3.46\pic18-lt\cxx-framework\src\traditional\delays\d10tcyx.asm
        _D10TCYXCODE_000E   0x00282e    program     static E:\c18v3.46\pic18-lt\cxx-framework\src\traditional\delays\d10tcyx.asm
        _D1KTCYXCODE_0010   0x0027ba    program     static E:\c18v3.46\pic18-lt\cxx-framework\src\traditional\delays\d1ktcyx.asm
        _D1KTCYXCODE_0016   0x0027c0    program     static E:\c18v3.46\pic18-lt\cxx-framework\src\traditional\delays\d1ktcyx.asm
           ___if_lbl00001   0x000010    program     static                          
           ___if_lbl00002   0x000018    program     static                          
       ___return_lbl00000   0x002684    program     static                          
       ___return_lbl00000   0x000004    program     static                          
       ___return_lbl00000   0x000018    program     static                          
       ___return_lbl00001   0x002804    program     static                          
       ___return_lbl00002   0x0024fe    program     static                          
               __config_0   0x300001    program     static C:\Users\IDEONICS-BNG\Desktop\46k22_uart1&2\source\main.c
               __config_1   0x300002    program     static C:\Users\IDEONICS-BNG\Desktop\46k22_uart1&2\source\main.c
              __config_10   0x30000d    program     static C:\Users\IDEONICS-BNG\Desktop\46k22_uart1&2\source\main.c
               __config_2   0x300003    program     static C:\Users\IDEONICS-BNG\Desktop\46k22_uart1&2\source\main.c
               __config_3   0x300005    program     static C:\Users\IDEONICS-BNG\Desktop\46k22_uart1&2\source\main.c
               __config_4   0x300006    program     static C:\Users\IDEONICS-BNG\Desktop\46k22_uart1&2\source\main.c
               __config_5   0x300008    program     static C:\Users\IDEONICS-BNG\Desktop\46k22_uart1&2\source\main.c
               __config_6   0x300009    program     static C:\Users\IDEONICS-BNG\Desktop\46k22_uart1&2\source\main.c
               __config_7   0x30000a    program     static C:\Users\IDEONICS-BNG\Desktop\46k22_uart1&2\source\main.c
               __config_8   0x30000b    program     static C:\Users\IDEONICS-BNG\Desktop\46k22_uart1&2\source\main.c
               __config_9   0x30000c    program     static C:\Users\IDEONICS-BNG\Desktop\46k22_uart1&2\source\main.c
                   __init   0x000006    program     extern E:\c18v3.46\pic18-lt\cxx-framework\src\traditional\stdclib\__init.c
              __tmplbl_10   0x001032    program     static                          
              __tmplbl_12   0x001032    program     static                          
              __tmplbl_18   0x0005f6    program     static                          
            __zero_memory   0x0027ca    program     extern E:\c18v3.46\pic18-lt\cxx-framework\src\traditional\proc\p18f46k22.asm
                _do_cinit   0x002462    program     extern E:\c18v3.46\pic18-lt\cxx-framework\src\traditional\startup\c018i.c
                   _entry   0x000000    program     extern E:\c18v3.46\pic18-lt\cxx-framework\src\traditional\startup\c018i.c
                   _false   0x002680    program     static                          
                 _startup   0x0027ea    program     extern E:\c18v3.46\pic18-lt\cxx-framework\src\traditional\startup\c018i.c
                    alert   0x002836    program     extern C:\Users\IDEONICS-BNG\Desktop\46k22_uart1&2\source\communication.c
                 checksum   0x00137e    program     extern C:\Users\IDEONICS-BNG\Desktop\46k22_uart1&2\source\communication.c
                compare_l   0x0027e0    program     static E:\c18v3.46\pic18-lt\cxx-framework\src\traditional\proc\p18f46k22.asm
                copy_loop   0x0024d4    program     static                          
            copy_one_byte   0x0024da    program     static                          
                     done   0x0024fe    program     static                          
             done_copying   0x0024e8    program     static                          
           high_interrupt   0x000008    program     extern C:\Users\IDEONICS-BNG\Desktop\46k22_uart1&2\source\interruptvector.c
                     loop   0x0027fa    program     static                          
                     loop   0x00264c    program     static                          
                   loop_h   0x0027d8    program     static E:\c18v3.46\pic18-lt\cxx-framework\src\traditional\proc\p18f46k22.asm
                   loop_l   0x0027e2    program     static E:\c18v3.46\pic18-lt\cxx-framework\src\traditional\proc\p18f46k22.asm
                     main   0x0023b0    program     extern C:\Users\IDEONICS-BNG\Desktop\46k22_uart1&2\source\main.c
             parse1Packet   0x001046    program     extern C:\Users\IDEONICS-BNG\Desktop\46k22_uart1&2\source\communication.c
                     test   0x00247c    program     static                          
               zero_block   0x0027d8    program     static E:\c18v3.46\pic18-lt\cxx-framework\src\traditional\proc\p18f46k22.asm
                   ADCON0   0x000fc2       data     extern E:\c18v3.46\pic18-lt\cxx-framework\src\traditional\proc\p18f46k22.asm
               ADCON0bits   0x000fc2       data     extern E:\c18v3.46\pic18-lt\cxx-framework\src\traditional\proc\p18f46k22.asm
                   ADCON1   0x000fc1       data     extern E:\c18v3.46\pic18-lt\cxx-framework\src\traditional\proc\p18f46k22.asm
               ADCON1bits   0x000fc1       data     extern E:\c18v3.46\pic18-lt\cxx-framework\src\traditional\proc\p18f46k22.asm
                   ADCON2   0x000fc0       data     extern E:\c18v3.46\pic18-lt\cxx-framework\src\traditional\proc\p18f46k22.asm
               ADCON2bits   0x000fc0       data     extern E:\c18v3.46\pic18-lt\cxx-framework\src\traditional\proc\p18f46k22.asm
                    ADRES   0x000fc3       data     extern E:\c18v3.46\pic18-lt\cxx-framework\src\traditional\proc\p18f46k22.asm
                   ADRESH   0x000fc4       data     extern E:\c18v3.46\pic18-lt\cxx-framework\src\traditional\proc\p18f46k22.asm
                   ADRESL   0x000fc3       data     extern E:\c18v3.46\pic18-lt\cxx-framework\src\traditional\proc\p18f46k22.asm
                   ANSELA   0x000f38       data     extern E:\c18v3.46\pic18-lt\cxx-framework\src\traditional\proc\p18f46k22.asm
               ANSELAbits   0x000f38       data     extern E:\c18v3.46\pic18-lt\cxx-framework\src\traditional\proc\p18f46k22.asm
                   ANSELB   0x000f39       data     extern E:\c18v3.46\pic18-lt\cxx-framework\src\traditional\proc\p18f46k22.asm
               ANSELBbits   0x000f39       data     extern E:\c18v3.46\pic18-lt\cxx-framework\src\traditional\proc\p18f46k22.asm
                   ANSELC   0x000f3a       data     extern E:\c18v3.46\pic18-lt\cxx-framework\src\traditional\proc\p18f46k22.asm
               ANSELCbits   0x000f3a       data     extern E:\c18v3.46\pic18-lt\cxx-framework\src\traditional\proc\p18f46k22.asm
                   ANSELD   0x000f3b       data     extern E:\c18v3.46\pic18-lt\cxx-framework\src\traditional\proc\p18f46k22.asm
               ANSELDbits   0x000f3b       data     extern E:\c18v3.46\pic18-lt\cxx-framework\src\traditional\proc\p18f46k22.asm
                   ANSELE   0x000f3c       data     extern E:\c18v3.46\pic18-lt\cxx-framework\src\traditional\proc\p18f46k22.asm
               ANSELEbits   0x000f3c       data     extern E:\c18v3.46\pic18-lt\cxx-framework\src\traditional\proc\p18f46k22.asm
             AppTimestamp   0x000f16       data     extern C:\Users\IDEONICS-BNG\Desktop\46k22_uart1&2\source\timer.c
                 BAUD1CON   0x000fb8       data     extern E:\c18v3.46\pic18-lt\cxx-framework\src\traditional\proc\p18f46k22.asm
             BAUD1CONbits   0x000fb8       data     extern E:\c18v3.46\pic18-lt\cxx-framework\src\traditional\proc\p18f46k22.asm
                 BAUD2CON   0x000f70       data     extern E:\c18v3.46\pic18-lt\cxx-framework\src\traditional\proc\p18f46k22.asm
             BAUD2CONbits   0x000f70       data     extern E:\c18v3.46\pic18-lt\cxx-framework\src\traditional\proc\p18f46k22.asm
                  BAUDCON   0x000fb8       data     extern E:\c18v3.46\pic18-lt\cxx-framework\src\traditional\proc\p18f46k22.asm
                 BAUDCON1   0x000fb8       data     extern E:\c18v3.46\pic18-lt\cxx-framework\src\traditional\proc\p18f46k22.asm
             BAUDCON1bits   0x000fb8       data     extern E:\c18v3.46\pic18-lt\cxx-framework\src\traditional\proc\p18f46k22.asm
                 BAUDCON2   0x000f70       data     extern E:\c18v3.46\pic18-lt\cxx-framework\src\traditional\proc\p18f46k22.asm
             BAUDCON2bits   0x000f70       data     extern E:\c18v3.46\pic18-lt\cxx-framework\src\traditional\proc\p18f46k22.asm
              BAUDCONbits   0x000fb8       data     extern E:\c18v3.46\pic18-lt\cxx-framework\src\traditional\proc\p18f46k22.asm
                  BAUDCTL   0x000fb8       data     extern E:\c18v3.46\pic18-lt\cxx-framework\src\traditional\proc\p18f46k22.asm
              BAUDCTLbits   0x000fb8       data     extern E:\c18v3.46\pic18-lt\cxx-framework\src\traditional\proc\p18f46k22.asm
                      BSR   0x000fe0       data     extern E:\c18v3.46\pic18-lt\cxx-framework\src\traditional\proc\p18f46k22.asm
                  CCP1CON   0x000fbd       data     extern E:\c18v3.46\pic18-lt\cxx-framework\src\traditional\proc\p18f46k22.asm
              CCP1CONbits   0x000fbd       data     extern E:\c18v3.46\pic18-lt\cxx-framework\src\traditional\proc\p18f46k22.asm
                   CCP2AS   0x000f64       data     extern E:\c18v3.46\pic18-lt\cxx-framework\src\traditional\proc\p18f46k22.asm
               CCP2ASbits   0x000f64       data     extern E:\c18v3.46\pic18-lt\cxx-framework\src\traditional\proc\p18f46k22.asm
                  CCP2CON   0x000f66       data     extern E:\c18v3.46\pic18-lt\cxx-framework\src\traditional\proc\p18f46k22.asm
              CCP2CONbits   0x000f66       data     extern E:\c18v3.46\pic18-lt\cxx-framework\src\traditional\proc\p18f46k22.asm
                   CCP3AS   0x000f5b       data     extern E:\c18v3.46\pic18-lt\cxx-framework\src\traditional\proc\p18f46k22.asm
               CCP3ASbits   0x000f5b       data     extern E:\c18v3.46\pic18-lt\cxx-framework\src\traditional\proc\p18f46k22.asm
                  CCP3CON   0x000f5d       data     extern E:\c18v3.46\pic18-lt\cxx-framework\src\traditional\proc\p18f46k22.asm
              CCP3CONbits   0x000f5d       data     extern E:\c18v3.46\pic18-lt\cxx-framework\src\traditional\proc\p18f46k22.asm
                  CCP4CON   0x000f57       data     extern E:\c18v3.46\pic18-lt\cxx-framework\src\traditional\proc\p18f46k22.asm
              CCP4CONbits   0x000f57       data     extern E:\c18v3.46\pic18-lt\cxx-framework\src\traditional\proc\p18f46k22.asm
                  CCP5CON   0x000f54       data     extern E:\c18v3.46\pic18-lt\cxx-framework\src\traditional\proc\p18f46k22.asm
              CCP5CONbits   0x000f54       data     extern E:\c18v3.46\pic18-lt\cxx-framework\src\traditional\proc\p18f46k22.asm
                    CCPR1   0x000fbe       data     extern E:\c18v3.46\pic18-lt\cxx-framework\src\traditional\proc\p18f46k22.asm
                   CCPR1H   0x000fbf       data     extern E:\c18v3.46\pic18-lt\cxx-framework\src\traditional\proc\p18f46k22.asm
                   CCPR1L   0x000fbe       data     extern E:\c18v3.46\pic18-lt\cxx-framework\src\traditional\proc\p18f46k22.asm
                    CCPR2   0x000f67       data     extern E:\c18v3.46\pic18-lt\cxx-framework\src\traditional\proc\p18f46k22.asm
                   CCPR2H   0x000f68       data     extern E:\c18v3.46\pic18-lt\cxx-framework\src\traditional\proc\p18f46k22.asm
                   CCPR2L   0x000f67       data     extern E:\c18v3.46\pic18-lt\cxx-framework\src\traditional\proc\p18f46k22.asm
                    CCPR3   0x000f5e       data     extern E:\c18v3.46\pic18-lt\cxx-framework\src\traditional\proc\p18f46k22.asm
                   CCPR3H   0x000f5f       data     extern E:\c18v3.46\pic18-lt\cxx-framework\src\traditional\proc\p18f46k22.asm
                   CCPR3L   0x000f5e       data     extern E:\c18v3.46\pic18-lt\cxx-framework\src\traditional\proc\p18f46k22.asm
                    CCPR4   0x000f58       data     extern E:\c18v3.46\pic18-lt\cxx-framework\src\traditional\proc\p18f46k22.asm
                   CCPR4H   0x000f59       data     extern E:\c18v3.46\pic18-lt\cxx-framework\src\traditional\proc\p18f46k22.asm
                   CCPR4L   0x000f58       data     extern E:\c18v3.46\pic18-lt\cxx-framework\src\traditional\proc\p18f46k22.asm
                    CCPR5   0x000f55       data     extern E:\c18v3.46\pic18-lt\cxx-framework\src\traditional\proc\p18f46k22.asm
                   CCPR5H   0x000f56       data     extern E:\c18v3.46\pic18-lt\cxx-framework\src\traditional\proc\p18f46k22.asm
                   CCPR5L   0x000f55       data     extern E:\c18v3.46\pic18-lt\cxx-framework\src\traditional\proc\p18f46k22.asm
                 CCPTMRS0   0x000f49       data     extern E:\c18v3.46\pic18-lt\cxx-framework\src\traditional\proc\p18f46k22.asm
             CCPTMRS0bits   0x000f49       data     extern E:\c18v3.46\pic18-lt\cxx-framework\src\traditional\proc\p18f46k22.asm
                 CCPTMRS1   0x000f48       data     extern E:\c18v3.46\pic18-lt\cxx-framework\src\traditional\proc\p18f46k22.asm
             CCPTMRS1bits   0x000f48       data     extern E:\c18v3.46\pic18-lt\cxx-framework\src\traditional\proc\p18f46k22.asm
                  CM12CON   0x000f77       data     extern E:\c18v3.46\pic18-lt\cxx-framework\src\traditional\proc\p18f46k22.asm
              CM12CONbits   0x000f77       data     extern E:\c18v3.46\pic18-lt\cxx-framework\src\traditional\proc\p18f46k22.asm
                   CM1CON   0x000f79       data     extern E:\c18v3.46\pic18-lt\cxx-framework\src\traditional\proc\p18f46k22.asm
                  CM1CON0   0x000f79       data     extern E:\c18v3.46\pic18-lt\cxx-framework\src\traditional\proc\p18f46k22.asm
              CM1CON0bits   0x000f79       data     extern E:\c18v3.46\pic18-lt\cxx-framework\src\traditional\proc\p18f46k22.asm
               CM1CONbits   0x000f79       data     extern E:\c18v3.46\pic18-lt\cxx-framework\src\traditional\proc\p18f46k22.asm
                   CM2CON   0x000f78       data     extern E:\c18v3.46\pic18-lt\cxx-framework\src\traditional\proc\p18f46k22.asm
                  CM2CON0   0x000f78       data     extern E:\c18v3.46\pic18-lt\cxx-framework\src\traditional\proc\p18f46k22.asm
              CM2CON0bits   0x000f78       data     extern E:\c18v3.46\pic18-lt\cxx-framework\src\traditional\proc\p18f46k22.asm
                  CM2CON1   0x000f77       data     extern E:\c18v3.46\pic18-lt\cxx-framework\src\traditional\proc\p18f46k22.asm
              CM2CON1bits   0x000f77       data     extern E:\c18v3.46\pic18-lt\cxx-framework\src\traditional\proc\p18f46k22.asm
               CM2CONbits   0x000f78       data     extern E:\c18v3.46\pic18-lt\cxx-framework\src\traditional\proc\p18f46k22.asm
                 CTMUCON0   0x000f45       data     extern E:\c18v3.46\pic18-lt\cxx-framework\src\traditional\proc\p18f46k22.asm
             CTMUCON0bits   0x000f45       data     extern E:\c18v3.46\pic18-lt\cxx-framework\src\traditional\proc\p18f46k22.asm
                 CTMUCON1   0x000f44       data     extern E:\c18v3.46\pic18-lt\cxx-framework\src\traditional\proc\p18f46k22.asm
             CTMUCON1bits   0x000f44       data     extern E:\c18v3.46\pic18-lt\cxx-framework\src\traditional\proc\p18f46k22.asm
                 CTMUCONH   0x000f45       data     extern E:\c18v3.46\pic18-lt\cxx-framework\src\traditional\proc\p18f46k22.asm
             CTMUCONHbits   0x000f45       data     extern E:\c18v3.46\pic18-lt\cxx-framework\src\traditional\proc\p18f46k22.asm
                 CTMUCONL   0x000f44       data     extern E:\c18v3.46\pic18-lt\cxx-framework\src\traditional\proc\p18f46k22.asm
             CTMUCONLbits   0x000f44       data     extern E:\c18v3.46\pic18-lt\cxx-framework\src\traditional\proc\p18f46k22.asm
                 CTMUICON   0x000f43       data     extern E:\c18v3.46\pic18-lt\cxx-framework\src\traditional\proc\p18f46k22.asm
                CTMUICONH   0x000f43       data     extern E:\c18v3.46\pic18-lt\cxx-framework\src\traditional\proc\p18f46k22.asm
            CTMUICONHbits   0x000f43       data     extern E:\c18v3.46\pic18-lt\cxx-framework\src\traditional\proc\p18f46k22.asm
             CTMUICONbits   0x000f43       data     extern E:\c18v3.46\pic18-lt\cxx-framework\src\traditional\proc\p18f46k22.asm
                  DACCON0   0x000f41       data     extern E:\c18v3.46\pic18-lt\cxx-framework\src\traditional\proc\p18f46k22.asm
              DACCON0bits   0x000f41       data     extern E:\c18v3.46\pic18-lt\cxx-framework\src\traditional\proc\p18f46k22.asm
                  DACCON1   0x000f40       data     extern E:\c18v3.46\pic18-lt\cxx-framework\src\traditional\proc\p18f46k22.asm
              DACCON1bits   0x000f40       data     extern E:\c18v3.46\pic18-lt\cxx-framework\src\traditional\proc\p18f46k22.asm
                     DDRA   0x000f92       data     extern E:\c18v3.46\pic18-lt\cxx-framework\src\traditional\proc\p18f46k22.asm
                 DDRAbits   0x000f92       data     extern E:\c18v3.46\pic18-lt\cxx-framework\src\traditional\proc\p18f46k22.asm
                     DDRB   0x000f93       data     extern E:\c18v3.46\pic18-lt\cxx-framework\src\traditional\proc\p18f46k22.asm
                 DDRBbits   0x000f93       data     extern E:\c18v3.46\pic18-lt\cxx-framework\src\traditional\proc\p18f46k22.asm
                     DDRC   0x000f94       data     extern E:\c18v3.46\pic18-lt\cxx-framework\src\traditional\proc\p18f46k22.asm
                 DDRCbits   0x000f94       data     extern E:\c18v3.46\pic18-lt\cxx-framework\src\traditional\proc\p18f46k22.asm
                     DDRD   0x000f95       data     extern E:\c18v3.46\pic18-lt\cxx-framework\src\traditional\proc\p18f46k22.asm
                 DDRDbits   0x000f95       data     extern E:\c18v3.46\pic18-lt\cxx-framework\src\traditional\proc\p18f46k22.asm
                     DDRE   0x000f96       data     extern E:\c18v3.46\pic18-lt\cxx-framework\src\traditional\proc\p18f46k22.asm
                 DDREbits   0x000f96       data     extern E:\c18v3.46\pic18-lt\cxx-framework\src\traditional\proc\p18f46k22.asm
            DelayCounter1   0x000019       data     extern E:\c18v3.46\pic18-lt\cxx-framework\src\traditional\delays\delayd1.asm
                  ECCP1AS   0x000fb6       data     extern E:\c18v3.46\pic18-lt\cxx-framework\src\traditional\proc\p18f46k22.asm
              ECCP1ASbits   0x000fb6       data     extern E:\c18v3.46\pic18-lt\cxx-framework\src\traditional\proc\p18f46k22.asm
                  ECCP2AS   0x000f64       data     extern E:\c18v3.46\pic18-lt\cxx-framework\src\traditional\proc\p18f46k22.asm
              ECCP2ASbits   0x000f64       data     extern E:\c18v3.46\pic18-lt\cxx-framework\src\traditional\proc\p18f46k22.asm
                  ECCP3AS   0x000f5b       data     extern E:\c18v3.46\pic18-lt\cxx-framework\src\traditional\proc\p18f46k22.asm
              ECCP3ASbits   0x000f5b       data     extern E:\c18v3.46\pic18-lt\cxx-framework\src\traditional\proc\p18f46k22.asm
                   ECCPAS   0x000fb6       data     extern E:\c18v3.46\pic18-lt\cxx-framework\src\traditional\proc\p18f46k22.asm
               ECCPASbits   0x000fb6       data     extern E:\c18v3.46\pic18-lt\cxx-framework\src\traditional\proc\p18f46k22.asm
                    EEADR   0x000fa9       data     extern E:\c18v3.46\pic18-lt\cxx-framework\src\traditional\proc\p18f46k22.asm
                   EEADRH   0x000faa       data     extern E:\c18v3.46\pic18-lt\cxx-framework\src\traditional\proc\p18f46k22.asm
               EEADRHbits   0x000faa       data     extern E:\c18v3.46\pic18-lt\cxx-framework\src\traditional\proc\p18f46k22.asm
                EEADRbits   0x000fa9       data     extern E:\c18v3.46\pic18-lt\cxx-framework\src\traditional\proc\p18f46k22.asm
                   EECON1   0x000fa6       data     extern E:\c18v3.46\pic18-lt\cxx-framework\src\traditional\proc\p18f46k22.asm
               EECON1bits   0x000fa6       data     extern E:\c18v3.46\pic18-lt\cxx-framework\src\traditional\proc\p18f46k22.asm
                   EECON2   0x000fa7       data     extern E:\c18v3.46\pic18-lt\cxx-framework\src\traditional\proc\p18f46k22.asm
                   EEDATA   0x000fa8       data     extern E:\c18v3.46\pic18-lt\cxx-framework\src\traditional\proc\p18f46k22.asm
                     FSR0   0x000fe9       data     extern E:\c18v3.46\pic18-lt\cxx-framework\src\traditional\proc\p18f46k22.asm
                    FSR0H   0x000fea       data     extern E:\c18v3.46\pic18-lt\cxx-framework\src\traditional\proc\p18f46k22.asm
                    FSR0L   0x000fe9       data     extern E:\c18v3.46\pic18-lt\cxx-framework\src\traditional\proc\p18f46k22.asm
                     FSR1   0x000fe1       data     extern E:\c18v3.46\pic18-lt\cxx-framework\src\traditional\proc\p18f46k22.asm
                    FSR1H   0x000fe2       data     extern E:\c18v3.46\pic18-lt\cxx-framework\src\traditional\proc\p18f46k22.asm
                    FSR1L   0x000fe1       data     extern E:\c18v3.46\pic18-lt\cxx-framework\src\traditional\proc\p18f46k22.asm
                     FSR2   0x000fd9       data     extern E:\c18v3.46\pic18-lt\cxx-framework\src\traditional\proc\p18f46k22.asm
                    FSR2H   0x000fda       data     extern E:\c18v3.46\pic18-lt\cxx-framework\src\traditional\proc\p18f46k22.asm
                    FSR2L   0x000fd9       data     extern E:\c18v3.46\pic18-lt\cxx-framework\src\traditional\proc\p18f46k22.asm
                   FVRCON   0x000f42       data     extern E:\c18v3.46\pic18-lt\cxx-framework\src\traditional\proc\p18f46k22.asm
               FVRCONbits   0x000f42       data     extern E:\c18v3.46\pic18-lt\cxx-framework\src\traditional\proc\p18f46k22.asm
                  HLVDCON   0x000f9c       data     extern E:\c18v3.46\pic18-lt\cxx-framework\src\traditional\proc\p18f46k22.asm
              HLVDCONbits   0x000f9c       data     extern E:\c18v3.46\pic18-lt\cxx-framework\src\traditional\proc\p18f46k22.asm
                    INDF0   0x000fef       data     extern E:\c18v3.46\pic18-lt\cxx-framework\src\traditional\proc\p18f46k22.asm
                    INDF1   0x000fe7       data     extern E:\c18v3.46\pic18-lt\cxx-framework\src\traditional\proc\p18f46k22.asm
                    INDF2   0x000fdf       data     extern E:\c18v3.46\pic18-lt\cxx-framework\src\traditional\proc\p18f46k22.asm
                   INTCON   0x000ff2       data     extern E:\c18v3.46\pic18-lt\cxx-framework\src\traditional\proc\p18f46k22.asm
                  INTCON2   0x000ff1       data     extern E:\c18v3.46\pic18-lt\cxx-framework\src\traditional\proc\p18f46k22.asm
              INTCON2bits   0x000ff1       data     extern E:\c18v3.46\pic18-lt\cxx-framework\src\traditional\proc\p18f46k22.asm
                  INTCON3   0x000ff0       data     extern E:\c18v3.46\pic18-lt\cxx-framework\src\traditional\proc\p18f46k22.asm
              INTCON3bits   0x000ff0       data     extern E:\c18v3.46\pic18-lt\cxx-framework\src\traditional\proc\p18f46k22.asm
               INTCONbits   0x000ff2       data     extern E:\c18v3.46\pic18-lt\cxx-framework\src\traditional\proc\p18f46k22.asm
                     IOCB   0x000f62       data     extern E:\c18v3.46\pic18-lt\cxx-framework\src\traditional\proc\p18f46k22.asm
                 IOCBbits   0x000f62       data     extern E:\c18v3.46\pic18-lt\cxx-framework\src\traditional\proc\p18f46k22.asm
                     IPR1   0x000f9f       data     extern E:\c18v3.46\pic18-lt\cxx-framework\src\traditional\proc\p18f46k22.asm
                 IPR1bits   0x000f9f       data     extern E:\c18v3.46\pic18-lt\cxx-framework\src\traditional\proc\p18f46k22.asm
                     IPR2   0x000fa2       data     extern E:\c18v3.46\pic18-lt\cxx-framework\src\traditional\proc\p18f46k22.asm
                 IPR2bits   0x000fa2       data     extern E:\c18v3.46\pic18-lt\cxx-framework\src\traditional\proc\p18f46k22.asm
                     IPR3   0x000fa5       data     extern E:\c18v3.46\pic18-lt\cxx-framework\src\traditional\proc\p18f46k22.asm
                 IPR3bits   0x000fa5       data     extern E:\c18v3.46\pic18-lt\cxx-framework\src\traditional\proc\p18f46k22.asm
                     IPR4   0x000f7c       data     extern E:\c18v3.46\pic18-lt\cxx-framework\src\traditional\proc\p18f46k22.asm
                 IPR4bits   0x000f7c       data     extern E:\c18v3.46\pic18-lt\cxx-framework\src\traditional\proc\p18f46k22.asm
                     IPR5   0x000f7f       data     extern E:\c18v3.46\pic18-lt\cxx-framework\src\traditional\proc\p18f46k22.asm
                 IPR5bits   0x000f7f       data     extern E:\c18v3.46\pic18-lt\cxx-framework\src\traditional\proc\p18f46k22.asm
                     LATA   0x000f89       data     extern E:\c18v3.46\pic18-lt\cxx-framework\src\traditional\proc\p18f46k22.asm
                 LATAbits   0x000f89       data     extern E:\c18v3.46\pic18-lt\cxx-framework\src\traditional\proc\p18f46k22.asm
                     LATB   0x000f8a       data     extern E:\c18v3.46\pic18-lt\cxx-framework\src\traditional\proc\p18f46k22.asm
                 LATBbits   0x000f8a       data     extern E:\c18v3.46\pic18-lt\cxx-framework\src\traditional\proc\p18f46k22.asm
                     LATC   0x000f8b       data     extern E:\c18v3.46\pic18-lt\cxx-framework\src\traditional\proc\p18f46k22.asm
                 LATCbits   0x000f8b       data     extern E:\c18v3.46\pic18-lt\cxx-framework\src\traditional\proc\p18f46k22.asm
                     LATD   0x000f8c       data     extern E:\c18v3.46\pic18-lt\cxx-framework\src\traditional\proc\p18f46k22.asm
                 LATDbits   0x000f8c       data     extern E:\c18v3.46\pic18-lt\cxx-framework\src\traditional\proc\p18f46k22.asm
                     LATE   0x000f8d       data     extern E:\c18v3.46\pic18-lt\cxx-framework\src\traditional\proc\p18f46k22.asm
                 LATEbits   0x000f8d       data     extern E:\c18v3.46\pic18-lt\cxx-framework\src\traditional\proc\p18f46k22.asm
                   LVDCON   0x000f9c       data     extern E:\c18v3.46\pic18-lt\cxx-framework\src\traditional\proc\p18f46k22.asm
               LVDCONbits   0x000f9c       data     extern E:\c18v3.46\pic18-lt\cxx-framework\src\traditional\proc\p18f46k22.asm
                   OSCCON   0x000fd3       data     extern E:\c18v3.46\pic18-lt\cxx-framework\src\traditional\proc\p18f46k22.asm
                  OSCCON2   0x000fd2       data     extern E:\c18v3.46\pic18-lt\cxx-framework\src\traditional\proc\p18f46k22.asm
              OSCCON2bits   0x000fd2       data     extern E:\c18v3.46\pic18-lt\cxx-framework\src\traditional\proc\p18f46k22.asm
               OSCCONbits   0x000fd3       data     extern E:\c18v3.46\pic18-lt\cxx-framework\src\traditional\proc\p18f46k22.asm
                  OSCTUNE   0x000f9b       data     extern E:\c18v3.46\pic18-lt\cxx-framework\src\traditional\proc\p18f46k22.asm
              OSCTUNEbits   0x000f9b       data     extern E:\c18v3.46\pic18-lt\cxx-framework\src\traditional\proc\p18f46k22.asm
                       PC   0x000ff9       data     extern E:\c18v3.46\pic18-lt\cxx-framework\src\traditional\proc\p18f46k22.asm
                      PCL   0x000ff9       data     extern E:\c18v3.46\pic18-lt\cxx-framework\src\traditional\proc\p18f46k22.asm
                   PCLATH   0x000ffa       data     extern E:\c18v3.46\pic18-lt\cxx-framework\src\traditional\proc\p18f46k22.asm
                   PCLATU   0x000ffb       data     extern E:\c18v3.46\pic18-lt\cxx-framework\src\traditional\proc\p18f46k22.asm
                     PIE1   0x000f9d       data     extern E:\c18v3.46\pic18-lt\cxx-framework\src\traditional\proc\p18f46k22.asm
                 PIE1bits   0x000f9d       data     extern E:\c18v3.46\pic18-lt\cxx-framework\src\traditional\proc\p18f46k22.asm
                     PIE2   0x000fa0       data     extern E:\c18v3.46\pic18-lt\cxx-framework\src\traditional\proc\p18f46k22.asm
                 PIE2bits   0x000fa0       data     extern E:\c18v3.46\pic18-lt\cxx-framework\src\traditional\proc\p18f46k22.asm
                     PIE3   0x000fa3       data     extern E:\c18v3.46\pic18-lt\cxx-framework\src\traditional\proc\p18f46k22.asm
                 PIE3bits   0x000fa3       data     extern E:\c18v3.46\pic18-lt\cxx-framework\src\traditional\proc\p18f46k22.asm
                     PIE4   0x000f7a       data     extern E:\c18v3.46\pic18-lt\cxx-framework\src\traditional\proc\p18f46k22.asm
                 PIE4bits   0x000f7a       data     extern E:\c18v3.46\pic18-lt\cxx-framework\src\traditional\proc\p18f46k22.asm
                     PIE5   0x000f7d       data     extern E:\c18v3.46\pic18-lt\cxx-framework\src\traditional\proc\p18f46k22.asm
                 PIE5bits   0x000f7d       data     extern E:\c18v3.46\pic18-lt\cxx-framework\src\traditional\proc\p18f46k22.asm
                     PIR1   0x000f9e       data     extern E:\c18v3.46\pic18-lt\cxx-framework\src\traditional\proc\p18f46k22.asm
                 PIR1bits   0x000f9e       data     extern E:\c18v3.46\pic18-lt\cxx-framework\src\traditional\proc\p18f46k22.asm
                     PIR2   0x000fa1       data     extern E:\c18v3.46\pic18-lt\cxx-framework\src\traditional\proc\p18f46k22.asm
                 PIR2bits   0x000fa1       data     extern E:\c18v3.46\pic18-lt\cxx-framework\src\traditional\proc\p18f46k22.asm
                     PIR3   0x000fa4       data     extern E:\c18v3.46\pic18-lt\cxx-framework\src\traditional\proc\p18f46k22.asm
                 PIR3bits   0x000fa4       data     extern E:\c18v3.46\pic18-lt\cxx-framework\src\traditional\proc\p18f46k22.asm
                     PIR4   0x000f7b       data     extern E:\c18v3.46\pic18-lt\cxx-framework\src\traditional\proc\p18f46k22.asm
                 PIR4bits   0x000f7b       data     extern E:\c18v3.46\pic18-lt\cxx-framework\src\traditional\proc\p18f46k22.asm
                     PIR5   0x000f7e       data     extern E:\c18v3.46\pic18-lt\cxx-framework\src\traditional\proc\p18f46k22.asm
                 PIR5bits   0x000f7e       data     extern E:\c18v3.46\pic18-lt\cxx-framework\src\traditional\proc\p18f46k22.asm
                   PLUSW0   0x000feb       data     extern E:\c18v3.46\pic18-lt\cxx-framework\src\traditional\proc\p18f46k22.asm
                   PLUSW1   0x000fe3       data     extern E:\c18v3.46\pic18-lt\cxx-framework\src\traditional\proc\p18f46k22.asm
                   PLUSW2   0x000fdb       data     extern E:\c18v3.46\pic18-lt\cxx-framework\src\traditional\proc\p18f46k22.asm
                     PMD0   0x000f3f       data     extern E:\c18v3.46\pic18-lt\cxx-framework\src\traditional\proc\p18f46k22.asm
                 PMD0bits   0x000f3f       data     extern E:\c18v3.46\pic18-lt\cxx-framework\src\traditional\proc\p18f46k22.asm
                     PMD1   0x000f3e       data     extern E:\c18v3.46\pic18-lt\cxx-framework\src\traditional\proc\p18f46k22.asm
                 PMD1bits   0x000f3e       data     extern E:\c18v3.46\pic18-lt\cxx-framework\src\traditional\proc\p18f46k22.asm
                     PMD2   0x000f3d       data     extern E:\c18v3.46\pic18-lt\cxx-framework\src\traditional\proc\p18f46k22.asm
                 PMD2bits   0x000f3d       data     extern E:\c18v3.46\pic18-lt\cxx-framework\src\traditional\proc\p18f46k22.asm
                    PORTA   0x000f80       data     extern E:\c18v3.46\pic18-lt\cxx-framework\src\traditional\proc\p18f46k22.asm
                PORTAbits   0x000f80       data     extern E:\c18v3.46\pic18-lt\cxx-framework\src\traditional\proc\p18f46k22.asm
                    PORTB   0x000f81       data     extern E:\c18v3.46\pic18-lt\cxx-framework\src\traditional\proc\p18f46k22.asm
                PORTBbits   0x000f81       data     extern E:\c18v3.46\pic18-lt\cxx-framework\src\traditional\proc\p18f46k22.asm
                    PORTC   0x000f82       data     extern E:\c18v3.46\pic18-lt\cxx-framework\src\traditional\proc\p18f46k22.asm
                PORTCbits   0x000f82       data     extern E:\c18v3.46\pic18-lt\cxx-framework\src\traditional\proc\p18f46k22.asm
                    PORTD   0x000f83       data     extern E:\c18v3.46\pic18-lt\cxx-framework\src\traditional\proc\p18f46k22.asm
                PORTDbits   0x000f83       data     extern E:\c18v3.46\pic18-lt\cxx-framework\src\traditional\proc\p18f46k22.asm
                    PORTE   0x000f84       data     extern E:\c18v3.46\pic18-lt\cxx-framework\src\traditional\proc\p18f46k22.asm
                PORTEbits   0x000f84       data     extern E:\c18v3.46\pic18-lt\cxx-framework\src\traditional\proc\p18f46k22.asm
                 POSTDEC0   0x000fed       data     extern E:\c18v3.46\pic18-lt\cxx-framework\src\traditional\proc\p18f46k22.asm
                 POSTDEC1   0x000fe5       data     extern E:\c18v3.46\pic18-lt\cxx-framework\src\traditional\proc\p18f46k22.asm
                 POSTDEC2   0x000fdd       data     extern E:\c18v3.46\pic18-lt\cxx-framework\src\traditional\proc\p18f46k22.asm
                 POSTINC0   0x000fee       data     extern E:\c18v3.46\pic18-lt\cxx-framework\src\traditional\proc\p18f46k22.asm
                 POSTINC1   0x000fe6       data     extern E:\c18v3.46\pic18-lt\cxx-framework\src\traditional\proc\p18f46k22.asm
                 POSTINC2   0x000fde       data     extern E:\c18v3.46\pic18-lt\cxx-framework\src\traditional\proc\p18f46k22.asm
                      PR2   0x000fbb       data     extern E:\c18v3.46\pic18-lt\cxx-framework\src\traditional\proc\p18f46k22.asm
                      PR4   0x000f52       data     extern E:\c18v3.46\pic18-lt\cxx-framework\src\traditional\proc\p18f46k22.asm
                      PR6   0x000f4b       data     extern E:\c18v3.46\pic18-lt\cxx-framework\src\traditional\proc\p18f46k22.asm
                  PREINC0   0x000fec       data     extern E:\c18v3.46\pic18-lt\cxx-framework\src\traditional\proc\p18f46k22.asm
                  PREINC1   0x000fe4       data     extern E:\c18v3.46\pic18-lt\cxx-framework\src\traditional\proc\p18f46k22.asm
                  PREINC2   0x000fdc       data     extern E:\c18v3.46\pic18-lt\cxx-framework\src\traditional\proc\p18f46k22.asm
                     PROD   0x000ff3       data     extern E:\c18v3.46\pic18-lt\cxx-framework\src\traditional\proc\p18f46k22.asm
                    PRODH   0x000ff4       data     extern E:\c18v3.46\pic18-lt\cxx-framework\src\traditional\proc\p18f46k22.asm
                    PRODL   0x000ff3       data     extern E:\c18v3.46\pic18-lt\cxx-framework\src\traditional\proc\p18f46k22.asm
                 PSTR1CON   0x000fb9       data     extern E:\c18v3.46\pic18-lt\cxx-framework\src\traditional\proc\p18f46k22.asm
             PSTR1CONbits   0x000fb9       data     extern E:\c18v3.46\pic18-lt\cxx-framework\src\traditional\proc\p18f46k22.asm
                 PSTR2CON   0x000f63       data     extern E:\c18v3.46\pic18-lt\cxx-framework\src\traditional\proc\p18f46k22.asm
             PSTR2CONbits   0x000f63       data     extern E:\c18v3.46\pic18-lt\cxx-framework\src\traditional\proc\p18f46k22.asm
                 PSTR3CON   0x000f5a       data     extern E:\c18v3.46\pic18-lt\cxx-framework\src\traditional\proc\p18f46k22.asm
             PSTR3CONbits   0x000f5a       data     extern E:\c18v3.46\pic18-lt\cxx-framework\src\traditional\proc\p18f46k22.asm
                  PSTRCON   0x000fb9       data     extern E:\c18v3.46\pic18-lt\cxx-framework\src\traditional\proc\p18f46k22.asm
              PSTRCONbits   0x000fb9       data     extern E:\c18v3.46\pic18-lt\cxx-framework\src\traditional\proc\p18f46k22.asm
                  PWM1CON   0x000fb7       data     extern E:\c18v3.46\pic18-lt\cxx-framework\src\traditional\proc\p18f46k22.asm
              PWM1CONbits   0x000fb7       data     extern E:\c18v3.46\pic18-lt\cxx-framework\src\traditional\proc\p18f46k22.asm
                  PWM2CON   0x000f65       data     extern E:\c18v3.46\pic18-lt\cxx-framework\src\traditional\proc\p18f46k22.asm
              PWM2CONbits   0x000f65       data     extern E:\c18v3.46\pic18-lt\cxx-framework\src\traditional\proc\p18f46k22.asm
                  PWM3CON   0x000f5c       data     extern E:\c18v3.46\pic18-lt\cxx-framework\src\traditional\proc\p18f46k22.asm
              PWM3CONbits   0x000f5c       data     extern E:\c18v3.46\pic18-lt\cxx-framework\src\traditional\proc\p18f46k22.asm
                   PWMCON   0x000fb7       data     extern E:\c18v3.46\pic18-lt\cxx-framework\src\traditional\proc\p18f46k22.asm
               PWMCONbits   0x000fb7       data     extern E:\c18v3.46\pic18-lt\cxx-framework\src\traditional\proc\p18f46k22.asm
                   RC1REG   0x000fae       data     extern E:\c18v3.46\pic18-lt\cxx-framework\src\traditional\proc\p18f46k22.asm
               RC1REGbits   0x000fae       data     extern E:\c18v3.46\pic18-lt\cxx-framework\src\traditional\proc\p18f46k22.asm
                   RC1STA   0x000fab       data     extern E:\c18v3.46\pic18-lt\cxx-framework\src\traditional\proc\p18f46k22.asm
               RC1STAbits   0x000fab       data     extern E:\c18v3.46\pic18-lt\cxx-framework\src\traditional\proc\p18f46k22.asm
                   RC2REG   0x000f74       data     extern E:\c18v3.46\pic18-lt\cxx-framework\src\traditional\proc\p18f46k22.asm
                   RC2STA   0x000f71       data     extern E:\c18v3.46\pic18-lt\cxx-framework\src\traditional\proc\p18f46k22.asm
               RC2STAbits   0x000f71       data     extern E:\c18v3.46\pic18-lt\cxx-framework\src\traditional\proc\p18f46k22.asm
                     RCON   0x000fd0       data     extern E:\c18v3.46\pic18-lt\cxx-framework\src\traditional\proc\p18f46k22.asm
                 RCONbits   0x000fd0       data     extern E:\c18v3.46\pic18-lt\cxx-framework\src\traditional\proc\p18f46k22.asm
                    RCREG   0x000fae       data     extern E:\c18v3.46\pic18-lt\cxx-framework\src\traditional\proc\p18f46k22.asm
                   RCREG1   0x000fae       data     extern E:\c18v3.46\pic18-lt\cxx-framework\src\traditional\proc\p18f46k22.asm
               RCREG1bits   0x000fae       data     extern E:\c18v3.46\pic18-lt\cxx-framework\src\traditional\proc\p18f46k22.asm
                   RCREG2   0x000f74       data     extern E:\c18v3.46\pic18-lt\cxx-framework\src\traditional\proc\p18f46k22.asm
                RCREGbits   0x000fae       data     extern E:\c18v3.46\pic18-lt\cxx-framework\src\traditional\proc\p18f46k22.asm
                    RCSTA   0x000fab       data     extern E:\c18v3.46\pic18-lt\cxx-framework\src\traditional\proc\p18f46k22.asm
                   RCSTA1   0x000fab       data     extern E:\c18v3.46\pic18-lt\cxx-framework\src\traditional\proc\p18f46k22.asm
               RCSTA1bits   0x000fab       data     extern E:\c18v3.46\pic18-lt\cxx-framework\src\traditional\proc\p18f46k22.asm
                   RCSTA2   0x000f71       data     extern E:\c18v3.46\pic18-lt\cxx-framework\src\traditional\proc\p18f46k22.asm
               RCSTA2bits   0x000f71       data     extern E:\c18v3.46\pic18-lt\cxx-framework\src\traditional\proc\p18f46k22.asm
                RCSTAbits   0x000fab       data     extern E:\c18v3.46\pic18-lt\cxx-framework\src\traditional\proc\p18f46k22.asm
                     SIGN   0x00000e       data     extern E:\c18v3.46\pic18-lt\cxx-framework\src\traditional\math\cmath18.asm
                   SLRCON   0x000f60       data     extern E:\c18v3.46\pic18-lt\cxx-framework\src\traditional\proc\p18f46k22.asm
               SLRCONbits   0x000f60       data     extern E:\c18v3.46\pic18-lt\cxx-framework\src\traditional\proc\p18f46k22.asm
                   SP1BRG   0x000faf       data     extern E:\c18v3.46\pic18-lt\cxx-framework\src\traditional\proc\p18f46k22.asm
                  SP1BRGH   0x000fb0       data     extern E:\c18v3.46\pic18-lt\cxx-framework\src\traditional\proc\p18f46k22.asm
              SP1BRGHbits   0x000fb0       data     extern E:\c18v3.46\pic18-lt\cxx-framework\src\traditional\proc\p18f46k22.asm
               SP1BRGbits   0x000faf       data     extern E:\c18v3.46\pic18-lt\cxx-framework\src\traditional\proc\p18f46k22.asm
                   SP2BRG   0x000f75       data     extern E:\c18v3.46\pic18-lt\cxx-framework\src\traditional\proc\p18f46k22.asm
                  SP2BRGH   0x000f76       data     extern E:\c18v3.46\pic18-lt\cxx-framework\src\traditional\proc\p18f46k22.asm
                    SPBRG   0x000faf       data     extern E:\c18v3.46\pic18-lt\cxx-framework\src\traditional\proc\p18f46k22.asm
                   SPBRG1   0x000faf       data     extern E:\c18v3.46\pic18-lt\cxx-framework\src\traditional\proc\p18f46k22.asm
               SPBRG1bits   0x000faf       data     extern E:\c18v3.46\pic18-lt\cxx-framework\src\traditional\proc\p18f46k22.asm
                   SPBRG2   0x000f75       data     extern E:\c18v3.46\pic18-lt\cxx-framework\src\traditional\proc\p18f46k22.asm
                   SPBRGH   0x000fb0       data     extern E:\c18v3.46\pic18-lt\cxx-framework\src\traditional\proc\p18f46k22.asm
                  SPBRGH1   0x000fb0       data     extern E:\c18v3.46\pic18-lt\cxx-framework\src\traditional\proc\p18f46k22.asm
              SPBRGH1bits   0x000fb0       data     extern E:\c18v3.46\pic18-lt\cxx-framework\src\traditional\proc\p18f46k22.asm
                  SPBRGH2   0x000f76       data     extern E:\c18v3.46\pic18-lt\cxx-framework\src\traditional\proc\p18f46k22.asm
               SPBRGHbits   0x000fb0       data     extern E:\c18v3.46\pic18-lt\cxx-framework\src\traditional\proc\p18f46k22.asm
                SPBRGbits   0x000faf       data     extern E:\c18v3.46\pic18-lt\cxx-framework\src\traditional\proc\p18f46k22.asm
                   SRCON0   0x000f47       data     extern E:\c18v3.46\pic18-lt\cxx-framework\src\traditional\proc\p18f46k22.asm
               SRCON0bits   0x000f47       data     extern E:\c18v3.46\pic18-lt\cxx-framework\src\traditional\proc\p18f46k22.asm
                   SRCON1   0x000f46       data     extern E:\c18v3.46\pic18-lt\cxx-framework\src\traditional\proc\p18f46k22.asm
               SRCON1bits   0x000f46       data     extern E:\c18v3.46\pic18-lt\cxx-framework\src\traditional\proc\p18f46k22.asm
                  SSP1ADD   0x000fc8       data     extern E:\c18v3.46\pic18-lt\cxx-framework\src\traditional\proc\p18f46k22.asm
              SSP1ADDbits   0x000fc8       data     extern E:\c18v3.46\pic18-lt\cxx-framework\src\traditional\proc\p18f46k22.asm
                  SSP1BUF   0x000fc9       data     extern E:\c18v3.46\pic18-lt\cxx-framework\src\traditional\proc\p18f46k22.asm
              SSP1BUFbits   0x000fc9       data     extern E:\c18v3.46\pic18-lt\cxx-framework\src\traditional\proc\p18f46k22.asm
                 SSP1CON1   0x000fc6       data     extern E:\c18v3.46\pic18-lt\cxx-framework\src\traditional\proc\p18f46k22.asm
             SSP1CON1bits   0x000fc6       data     extern E:\c18v3.46\pic18-lt\cxx-framework\src\traditional\proc\p18f46k22.asm
                 SSP1CON2   0x000fc5       data     extern E:\c18v3.46\pic18-lt\cxx-framework\src\traditional\proc\p18f46k22.asm
             SSP1CON2bits   0x000fc5       data     extern E:\c18v3.46\pic18-lt\cxx-framework\src\traditional\proc\p18f46k22.asm
                 SSP1CON3   0x000fcb       data     extern E:\c18v3.46\pic18-lt\cxx-framework\src\traditional\proc\p18f46k22.asm
             SSP1CON3bits   0x000fcb       data     extern E:\c18v3.46\pic18-lt\cxx-framework\src\traditional\proc\p18f46k22.asm
                  SSP1MSK   0x000fca       data     extern E:\c18v3.46\pic18-lt\cxx-framework\src\traditional\proc\p18f46k22.asm
              SSP1MSKbits   0x000fca       data     extern E:\c18v3.46\pic18-lt\cxx-framework\src\traditional\proc\p18f46k22.asm
                 SSP1STAT   0x000fc7       data     extern E:\c18v3.46\pic18-lt\cxx-framework\src\traditional\proc\p18f46k22.asm
             SSP1STATbits   0x000fc7       data     extern E:\c18v3.46\pic18-lt\cxx-framework\src\traditional\proc\p18f46k22.asm
                  SSP2ADD   0x000f6e       data     extern E:\c18v3.46\pic18-lt\cxx-framework\src\traditional\proc\p18f46k22.asm
                  SSP2BUF   0x000f6f       data     extern E:\c18v3.46\pic18-lt\cxx-framework\src\traditional\proc\p18f46k22.asm
                 SSP2CON1   0x000f6c       data     extern E:\c18v3.46\pic18-lt\cxx-framework\src\traditional\proc\p18f46k22.asm
             SSP2CON1bits   0x000f6c       data     extern E:\c18v3.46\pic18-lt\cxx-framework\src\traditional\proc\p18f46k22.asm
                 SSP2CON2   0x000f6b       data     extern E:\c18v3.46\pic18-lt\cxx-framework\src\traditional\proc\p18f46k22.asm
             SSP2CON2bits   0x000f6b       data     extern E:\c18v3.46\pic18-lt\cxx-framework\src\traditional\proc\p18f46k22.asm
                 SSP2CON3   0x000f69       data     extern E:\c18v3.46\pic18-lt\cxx-framework\src\traditional\proc\p18f46k22.asm
             SSP2CON3bits   0x000f69       data     extern E:\c18v3.46\pic18-lt\cxx-framework\src\traditional\proc\p18f46k22.asm
                  SSP2MSK   0x000f6a       data     extern E:\c18v3.46\pic18-lt\cxx-framework\src\traditional\proc\p18f46k22.asm
              SSP2MSKbits   0x000f6a       data     extern E:\c18v3.46\pic18-lt\cxx-framework\src\traditional\proc\p18f46k22.asm
                 SSP2STAT   0x000f6d       data     extern E:\c18v3.46\pic18-lt\cxx-framework\src\traditional\proc\p18f46k22.asm
             SSP2STATbits   0x000f6d       data     extern E:\c18v3.46\pic18-lt\cxx-framework\src\traditional\proc\p18f46k22.asm
                   SSPADD   0x000fc8       data     extern E:\c18v3.46\pic18-lt\cxx-framework\src\traditional\proc\p18f46k22.asm
               SSPADDbits   0x000fc8       data     extern E:\c18v3.46\pic18-lt\cxx-framework\src\traditional\proc\p18f46k22.asm
                   SSPBUF   0x000fc9       data     extern E:\c18v3.46\pic18-lt\cxx-framework\src\traditional\proc\p18f46k22.asm
               SSPBUFbits   0x000fc9       data     extern E:\c18v3.46\pic18-lt\cxx-framework\src\traditional\proc\p18f46k22.asm
                  SSPCON1   0x000fc6       data     extern E:\c18v3.46\pic18-lt\cxx-framework\src\traditional\proc\p18f46k22.asm
              SSPCON1bits   0x000fc6       data     extern E:\c18v3.46\pic18-lt\cxx-framework\src\traditional\proc\p18f46k22.asm
                  SSPCON2   0x000fc5       data     extern E:\c18v3.46\pic18-lt\cxx-framework\src\traditional\proc\p18f46k22.asm
              SSPCON2bits   0x000fc5       data     extern E:\c18v3.46\pic18-lt\cxx-framework\src\traditional\proc\p18f46k22.asm
                  SSPCON3   0x000fcb       data     extern E:\c18v3.46\pic18-lt\cxx-framework\src\traditional\proc\p18f46k22.asm
              SSPCON3bits   0x000fcb       data     extern E:\c18v3.46\pic18-lt\cxx-framework\src\traditional\proc\p18f46k22.asm
                   SSPMSK   0x000fca       data     extern E:\c18v3.46\pic18-lt\cxx-framework\src\traditional\proc\p18f46k22.asm
               SSPMSKbits   0x000fca       data     extern E:\c18v3.46\pic18-lt\cxx-framework\src\traditional\proc\p18f46k22.asm
                  SSPSTAT   0x000fc7       data     extern E:\c18v3.46\pic18-lt\cxx-framework\src\traditional\proc\p18f46k22.asm
              SSPSTATbits   0x000fc7       data     extern E:\c18v3.46\pic18-lt\cxx-framework\src\traditional\proc\p18f46k22.asm
                   STATUS   0x000fd8       data     extern E:\c18v3.46\pic18-lt\cxx-framework\src\traditional\proc\p18f46k22.asm
               STATUSbits   0x000fd8       data     extern E:\c18v3.46\pic18-lt\cxx-framework\src\traditional\proc\p18f46k22.asm
                   STKPTR   0x000ffc       data     extern E:\c18v3.46\pic18-lt\cxx-framework\src\traditional\proc\p18f46k22.asm
               STKPTRbits   0x000ffc       data     extern E:\c18v3.46\pic18-lt\cxx-framework\src\traditional\proc\p18f46k22.asm
                    T0CON   0x000fd5       data     extern E:\c18v3.46\pic18-lt\cxx-framework\src\traditional\proc\p18f46k22.asm
                T0CONbits   0x000fd5       data     extern E:\c18v3.46\pic18-lt\cxx-framework\src\traditional\proc\p18f46k22.asm
                    T1CON   0x000fcd       data     extern E:\c18v3.46\pic18-lt\cxx-framework\src\traditional\proc\p18f46k22.asm
                T1CONbits   0x000fcd       data     extern E:\c18v3.46\pic18-lt\cxx-framework\src\traditional\proc\p18f46k22.asm
                   T1GCON   0x000fcc       data     extern E:\c18v3.46\pic18-lt\cxx-framework\src\traditional\proc\p18f46k22.asm
               T1GCONbits   0x000fcc       data     extern E:\c18v3.46\pic18-lt\cxx-framework\src\traditional\proc\p18f46k22.asm
                    T2CON   0x000fba       data     extern E:\c18v3.46\pic18-lt\cxx-framework\src\traditional\proc\p18f46k22.asm
                T2CONbits   0x000fba       data     extern E:\c18v3.46\pic18-lt\cxx-framework\src\traditional\proc\p18f46k22.asm
                    T3CON   0x000fb1       data     extern E:\c18v3.46\pic18-lt\cxx-framework\src\traditional\proc\p18f46k22.asm
                T3CONbits   0x000fb1       data     extern E:\c18v3.46\pic18-lt\cxx-framework\src\traditional\proc\p18f46k22.asm
                   T3GCON   0x000fb4       data     extern E:\c18v3.46\pic18-lt\cxx-framework\src\traditional\proc\p18f46k22.asm
               T3GCONbits   0x000fb4       data     extern E:\c18v3.46\pic18-lt\cxx-framework\src\traditional\proc\p18f46k22.asm
                    T4CON   0x000f51       data     extern E:\c18v3.46\pic18-lt\cxx-framework\src\traditional\proc\p18f46k22.asm
                T4CONbits   0x000f51       data     extern E:\c18v3.46\pic18-lt\cxx-framework\src\traditional\proc\p18f46k22.asm
                    T5CON   0x000f4e       data     extern E:\c18v3.46\pic18-lt\cxx-framework\src\traditional\proc\p18f46k22.asm
                T5CONbits   0x000f4e       data     extern E:\c18v3.46\pic18-lt\cxx-framework\src\traditional\proc\p18f46k22.asm
                   T5GCON   0x000f4d       data     extern E:\c18v3.46\pic18-lt\cxx-framework\src\traditional\proc\p18f46k22.asm
               T5GCONbits   0x000f4d       data     extern E:\c18v3.46\pic18-lt\cxx-framework\src\traditional\proc\p18f46k22.asm
                    T6CON   0x000f4a       data     extern E:\c18v3.46\pic18-lt\cxx-framework\src\traditional\proc\p18f46k22.asm
                T6CONbits   0x000f4a       data     extern E:\c18v3.46\pic18-lt\cxx-framework\src\traditional\proc\p18f46k22.asm
                   TABLAT   0x000ff5       data     extern E:\c18v3.46\pic18-lt\cxx-framework\src\traditional\proc\p18f46k22.asm
                   TBLPTR   0x000ff6       data     extern E:\c18v3.46\pic18-lt\cxx-framework\src\traditional\proc\p18f46k22.asm
                  TBLPTRH   0x000ff7       data     extern E:\c18v3.46\pic18-lt\cxx-framework\src\traditional\proc\p18f46k22.asm
                  TBLPTRL   0x000ff6       data     extern E:\c18v3.46\pic18-lt\cxx-framework\src\traditional\proc\p18f46k22.asm
                  TBLPTRU   0x000ff8       data     extern E:\c18v3.46\pic18-lt\cxx-framework\src\traditional\proc\p18f46k22.asm
              TBLPTRUbits   0x000ff8       data     extern E:\c18v3.46\pic18-lt\cxx-framework\src\traditional\proc\p18f46k22.asm
                    TMR0H   0x000fd7       data     extern E:\c18v3.46\pic18-lt\cxx-framework\src\traditional\proc\p18f46k22.asm
                    TMR0L   0x000fd6       data     extern E:\c18v3.46\pic18-lt\cxx-framework\src\traditional\proc\p18f46k22.asm
                    TMR1H   0x000fcf       data     extern E:\c18v3.46\pic18-lt\cxx-framework\src\traditional\proc\p18f46k22.asm
                    TMR1L   0x000fce       data     extern E:\c18v3.46\pic18-lt\cxx-framework\src\traditional\proc\p18f46k22.asm
                     TMR2   0x000fbc       data     extern E:\c18v3.46\pic18-lt\cxx-framework\src\traditional\proc\p18f46k22.asm
                    TMR3H   0x000fb3       data     extern E:\c18v3.46\pic18-lt\cxx-framework\src\traditional\proc\p18f46k22.asm
                    TMR3L   0x000fb2       data     extern E:\c18v3.46\pic18-lt\cxx-framework\src\traditional\proc\p18f46k22.asm
                     TMR4   0x000f53       data     extern E:\c18v3.46\pic18-lt\cxx-framework\src\traditional\proc\p18f46k22.asm
                    TMR5H   0x000f50       data     extern E:\c18v3.46\pic18-lt\cxx-framework\src\traditional\proc\p18f46k22.asm
                    TMR5L   0x000f4f       data     extern E:\c18v3.46\pic18-lt\cxx-framework\src\traditional\proc\p18f46k22.asm
                     TMR6   0x000f4c       data     extern E:\c18v3.46\pic18-lt\cxx-framework\src\traditional\proc\p18f46k22.asm
                      TOS   0x000ffd       data     extern E:\c18v3.46\pic18-lt\cxx-framework\src\traditional\proc\p18f46k22.asm
                     TOSH   0x000ffe       data     extern E:\c18v3.46\pic18-lt\cxx-framework\src\traditional\proc\p18f46k22.asm
                     TOSL   0x000ffd       data     extern E:\c18v3.46\pic18-lt\cxx-framework\src\traditional\proc\p18f46k22.asm
                     TOSU   0x000fff       data     extern E:\c18v3.46\pic18-lt\cxx-framework\src\traditional\proc\p18f46k22.asm
                    TRISA   0x000f92       data     extern E:\c18v3.46\pic18-lt\cxx-framework\src\traditional\proc\p18f46k22.asm
                TRISAbits   0x000f92       data     extern E:\c18v3.46\pic18-lt\cxx-framework\src\traditional\proc\p18f46k22.asm
                    TRISB   0x000f93       data     extern E:\c18v3.46\pic18-lt\cxx-framework\src\traditional\proc\p18f46k22.asm
                TRISBbits   0x000f93       data     extern E:\c18v3.46\pic18-lt\cxx-framework\src\traditional\proc\p18f46k22.asm
                    TRISC   0x000f94       data     extern E:\c18v3.46\pic18-lt\cxx-framework\src\traditional\proc\p18f46k22.asm
                TRISCbits   0x000f94       data     extern E:\c18v3.46\pic18-lt\cxx-framework\src\traditional\proc\p18f46k22.asm
                    TRISD   0x000f95       data     extern E:\c18v3.46\pic18-lt\cxx-framework\src\traditional\proc\p18f46k22.asm
                TRISDbits   0x000f95       data     extern E:\c18v3.46\pic18-lt\cxx-framework\src\traditional\proc\p18f46k22.asm
                    TRISE   0x000f96       data     extern E:\c18v3.46\pic18-lt\cxx-framework\src\traditional\proc\p18f46k22.asm
                TRISEbits   0x000f96       data     extern E:\c18v3.46\pic18-lt\cxx-framework\src\traditional\proc\p18f46k22.asm
                   TX1REG   0x000fad       data     extern E:\c18v3.46\pic18-lt\cxx-framework\src\traditional\proc\p18f46k22.asm
               TX1REGbits   0x000fad       data     extern E:\c18v3.46\pic18-lt\cxx-framework\src\traditional\proc\p18f46k22.asm
                   TX1STA   0x000fac       data     extern E:\c18v3.46\pic18-lt\cxx-framework\src\traditional\proc\p18f46k22.asm
               TX1STAbits   0x000fac       data     extern E:\c18v3.46\pic18-lt\cxx-framework\src\traditional\proc\p18f46k22.asm
                   TX2REG   0x000f73       data     extern E:\c18v3.46\pic18-lt\cxx-framework\src\traditional\proc\p18f46k22.asm
                   TX2STA   0x000f72       data     extern E:\c18v3.46\pic18-lt\cxx-framework\src\traditional\proc\p18f46k22.asm
               TX2STAbits   0x000f72       data     extern E:\c18v3.46\pic18-lt\cxx-framework\src\traditional\proc\p18f46k22.asm
                    TXREG   0x000fad       data     extern E:\c18v3.46\pic18-lt\cxx-framework\src\traditional\proc\p18f46k22.asm
                   TXREG1   0x000fad       data     extern E:\c18v3.46\pic18-lt\cxx-framework\src\traditional\proc\p18f46k22.asm
               TXREG1bits   0x000fad       data     extern E:\c18v3.46\pic18-lt\cxx-framework\src\traditional\proc\p18f46k22.asm
                   TXREG2   0x000f73       data     extern E:\c18v3.46\pic18-lt\cxx-framework\src\traditional\proc\p18f46k22.asm
                TXREGbits   0x000fad       data     extern E:\c18v3.46\pic18-lt\cxx-framework\src\traditional\proc\p18f46k22.asm
                    TXSTA   0x000fac       data     extern E:\c18v3.46\pic18-lt\cxx-framework\src\traditional\proc\p18f46k22.asm
                   TXSTA1   0x000fac       data     extern E:\c18v3.46\pic18-lt\cxx-framework\src\traditional\proc\p18f46k22.asm
               TXSTA1bits   0x000fac       data     extern E:\c18v3.46\pic18-lt\cxx-framework\src\traditional\proc\p18f46k22.asm
                   TXSTA2   0x000f72       data     extern E:\c18v3.46\pic18-lt\cxx-framework\src\traditional\proc\p18f46k22.asm
               TXSTA2bits   0x000f72       data     extern E:\c18v3.46\pic18-lt\cxx-framework\src\traditional\proc\p18f46k22.asm
                TXSTAbits   0x000fac       data     extern E:\c18v3.46\pic18-lt\cxx-framework\src\traditional\proc\p18f46k22.asm
            USART1_Status   0x000efb       data     extern E:\c18v3.46\pic18-lt\cxx-framework\src\pmc_common\USART\u1defs.c
            USART2_Status   0x000efa       data     extern E:\c18v3.46\pic18-lt\cxx-framework\src\pmc_common\USART\u2defs.c
                 VREFCON0   0x000f42       data     extern E:\c18v3.46\pic18-lt\cxx-framework\src\traditional\proc\p18f46k22.asm
             VREFCON0bits   0x000f42       data     extern E:\c18v3.46\pic18-lt\cxx-framework\src\traditional\proc\p18f46k22.asm
                 VREFCON1   0x000f41       data     extern E:\c18v3.46\pic18-lt\cxx-framework\src\traditional\proc\p18f46k22.asm
             VREFCON1bits   0x000f41       data     extern E:\c18v3.46\pic18-lt\cxx-framework\src\traditional\proc\p18f46k22.asm
                 VREFCON2   0x000f40       data     extern E:\c18v3.46\pic18-lt\cxx-framework\src\traditional\proc\p18f46k22.asm
             VREFCON2bits   0x000f40       data     extern E:\c18v3.46\pic18-lt\cxx-framework\src\traditional\proc\p18f46k22.asm
                        W   0x000fe8       data     extern E:\c18v3.46\pic18-lt\cxx-framework\src\traditional\proc\p18f46k22.asm
                   WDTCON   0x000fd1       data     extern E:\c18v3.46\pic18-lt\cxx-framework\src\traditional\proc\p18f46k22.asm
               WDTCONbits   0x000fd1       data     extern E:\c18v3.46\pic18-lt\cxx-framework\src\traditional\proc\p18f46k22.asm
                     WPUB   0x000f61       data     extern E:\c18v3.46\pic18-lt\cxx-framework\src\traditional\proc\p18f46k22.asm
                 WPUBbits   0x000f61       data     extern E:\c18v3.46\pic18-lt\cxx-framework\src\traditional\proc\p18f46k22.asm
                     WREG   0x000fe8       data     extern E:\c18v3.46\pic18-lt\cxx-framework\src\traditional\proc\p18f46k22.asm
                 __AARGB0   0x000007       data     extern E:\c18v3.46\pic18-lt\cxx-framework\src\traditional\math\aarg.asm
                 __AARGB1   0x000006       data     extern E:\c18v3.46\pic18-lt\cxx-framework\src\traditional\math\aarg.asm
                 __AARGB2   0x000005       data     extern E:\c18v3.46\pic18-lt\cxx-framework\src\traditional\math\aarg.asm
                 __AARGB3   0x000004       data     extern E:\c18v3.46\pic18-lt\cxx-framework\src\traditional\math\aarg.asm
                 __AARGB4   0x000003       data     extern E:\c18v3.46\pic18-lt\cxx-framework\src\traditional\math\aarg.asm
                 __AARGB5   0x000002       data     extern E:\c18v3.46\pic18-lt\cxx-framework\src\traditional\math\aarg.asm
                 __AARGB6   0x000001       data     extern E:\c18v3.46\pic18-lt\cxx-framework\src\traditional\math\aarg.asm
                 __AARGB7   0x000000       data     extern E:\c18v3.46\pic18-lt\cxx-framework\src\traditional\math\aarg.asm
                   __AEXP   0x000008       data     extern E:\c18v3.46\pic18-lt\cxx-framework\src\traditional\math\aarg.asm
                 __BARGB0   0x00000c       data     extern E:\c18v3.46\pic18-lt\cxx-framework\src\traditional\math\barg.asm
                 __BARGB1   0x00000b       data     extern E:\c18v3.46\pic18-lt\cxx-framework\src\traditional\math\barg.asm
                 __BARGB2   0x00000a       data     extern E:\c18v3.46\pic18-lt\cxx-framework\src\traditional\math\barg.asm
                 __BARGB3   0x000009       data     extern E:\c18v3.46\pic18-lt\cxx-framework\src\traditional\math\barg.asm
                   __BEXP   0x00000d       data     extern E:\c18v3.46\pic18-lt\cxx-framework\src\traditional\math\barg.asm
                __FPFLAGS   0x00000f       data     extern E:\c18v3.46\pic18-lt\cxx-framework\src\traditional\math\cmath18.asm
            __FPFLAGSbits   0x00000f       data     extern E:\c18v3.46\pic18-lt\cxx-framework\src\traditional\math\cmath18.asm
                  __REMB0   0x000003       data     extern E:\c18v3.46\pic18-lt\cxx-framework\src\traditional\math\aarg.asm
                  __REMB1   0x000002       data     extern E:\c18v3.46\pic18-lt\cxx-framework\src\traditional\math\aarg.asm
                  __REMB2   0x000001       data     extern E:\c18v3.46\pic18-lt\cxx-framework\src\traditional\math\aarg.asm
                  __REMB3   0x000000       data     extern E:\c18v3.46\pic18-lt\cxx-framework\src\traditional\math\aarg.asm
                  __tmp_0   0x000010       data     static C:\Users\IDEONICS-BNG\Desktop\46k22_uart1&2\source\app.c
                  __tmp_0   0x000010       data     static E:\c18v3.46\pic18-lt\cxx-framework\src\pmc_common\USART\u1open.c
                  __tmp_0   0x000010       data     static E:\c18v3.46\pic18-lt\cxx-framework\src\pmc_common\USART\u2open.c
                  __tmp_0   0x000010       data     static C:\Users\IDEONICS-BNG\Desktop\46k22_uart1&2\source\uart.c
                  __tmp_0   0x000010       data     static C:\Users\IDEONICS-BNG\Desktop\46k22_uart1&2\source\communication.c
                  __tmp_0   0x000010       data     static C:\Users\IDEONICS-BNG\Desktop\46k22_uart1&2\source\board.c
                      app   0x000100       data     extern C:\Users\IDEONICS-BNG\Desktop\46k22_uart1&2\source\app.c
               comTimeout   0x000ef6       data     extern C:\Users\IDEONICS-BNG\Desktop\46k22_uart1&2\source\communication.c
[...]
               SP1BRGbits   0x000faf       data     extern E:\c18v3.46\pic18-lt\cxx-framework\src\traditional\proc\p18f46k22.asm
                    SPBRG   0x000faf       data     extern E:\c18v3.46\pic18-lt\cxx-framework\src\traditional\proc\p18f46k22.asm
                   SPBRG1   0x000faf       data     extern E:\c18v3.46\pic18-lt\cxx-framework\src\traditional\proc\p18f46k22.asm
               SPBRG1bits   0x000faf       data     extern E:\c18v3.46\pic18-lt\cxx-framework\src\traditional\proc\p18f46k22.asm
                SPBRGbits   0x000faf       data     extern E:\c18v3.46\pic18-lt\cxx-framework\src\traditional\proc\p18f46k22.asm
               SPBRGHbits   0x000fb0       data     extern E:\c18v3.46\pic18-lt\cxx-framework\src\traditional\proc\p18f46k22.asm
              SPBRGH1bits   0x000fb0       data     extern E:\c18v3.46\pic18-lt\cxx-framework\src\traditional\proc\p18f46k22.asm
                  SPBRGH1   0x000fb0       data     extern E:\c18v3.46\pic18-lt\cxx-framework\src\traditional\proc\p18f46k22.asm
                   SPBRGH   0x000fb0       data     extern E:\c18v3.46\pic18-lt\cxx-framework\src\traditional\proc\p18f46k22.asm
              SP1BRGHbits   0x000fb0       data     extern E:\c18v3.46\pic18-lt\cxx-framework\src\traditional\proc\p18f46k22.asm
                  SP1BRGH   0x000fb0       data     extern E:\c18v3.46\pic18-lt\cxx-framework\src\traditional\proc\p18f46k22.asm
                    T3CON   0x000fb1       data     extern E:\c18v3.46\pic18-lt\cxx-framework\src\traditional\proc\p18f46k22.asm
                T3CONbits   0x000fb1       data     extern E:\c18v3.46\pic18-lt\cxx-framework\src\traditional\proc\p18f46k22.asm
                    TMR3L   0x000fb2       data     extern E:\c18v3.46\pic18-lt\cxx-framework\src\traditional\proc\p18f46k22.asm
                    TMR3H   0x000fb3       data     extern E:\c18v3.46\pic18-lt\cxx-framework\src\traditional\proc\p18f46k22.asm
                   T3GCON   0x000fb4       data     extern E:\c18v3.46\pic18-lt\cxx-framework\src\traditional\proc\p18f46k22.asm
               T3GCONbits   0x000fb4       data     extern E:\c18v3.46\pic18-lt\cxx-framework\src\traditional\proc\p18f46k22.asm
               ECCPASbits   0x000fb6       data     extern E:\c18v3.46\pic18-lt\cxx-framework\src\traditional\proc\p18f46k22.asm
                   ECCPAS   0x000fb6       data     extern E:\c18v3.46\pic18-lt\cxx-framework\src\traditional\proc\p18f46k22.asm
                  ECCP1AS   0x000fb6       data     extern E:\c18v3.46\pic18-lt\cxx-framework\src\traditional\proc\p18f46k22.asm
              ECCP1ASbits   0x000fb6       data     extern E:\c18v3.46\pic18-lt\cxx-framework\src\traditional\proc\p18f46k22.asm
              PWM1CONbits   0x000fb7       data     extern E:\c18v3.46\pic18-lt\cxx-framework\src\traditional\proc\p18f46k22.asm
                  PWM1CON   0x000fb7       data     extern E:\c18v3.46\pic18-lt\cxx-framework\src\traditional\proc\p18f46k22.asm
                   PWMCON   0x000fb7       data     extern E:\c18v3.46\pic18-lt\cxx-framework\src\traditional\proc\p18f46k22.asm
               PWMCONbits   0x000fb7       data     extern E:\c18v3.46\pic18-lt\cxx-framework\src\traditional\proc\p18f46k22.asm
              BAUDCTLbits   0x000fb8       data     extern E:\c18v3.46\pic18-lt\cxx-framework\src\traditional\proc\p18f46k22.asm
                  BAUDCTL   0x000fb8       data     extern E:\c18v3.46\pic18-lt\cxx-framework\src\traditional\proc\p18f46k22.asm
                 BAUD1CON   0x000fb8       data     extern E:\c18v3.46\pic18-lt\cxx-framework\src\traditional\proc\p18f46k22.asm
             BAUD1CONbits   0x000fb8       data     extern E:\c18v3.46\pic18-lt\cxx-framework\src\traditional\proc\p18f46k22.asm
                  BAUDCON   0x000fb8       data     extern E:\c18v3.46\pic18-lt\cxx-framework\src\traditional\proc\p18f46k22.asm
                 BAUDCON1   0x000fb8       data     extern E:\c18v3.46\pic18-lt\cxx-framework\src\traditional\proc\p18f46k22.asm
             BAUDCON1bits   0x000fb8       data     extern E:\c18v3.46\pic18-lt\cxx-framework\src\traditional\proc\p18f46k22.asm
              BAUDCONbits   0x000fb8       data     extern E:\c18v3.46\pic18-lt\cxx-framework\src\traditional\proc\p18f46k22.asm
                 PSTR1CON   0x000fb9       data     extern E:\c18v3.46\pic18-lt\cxx-framework\src\traditional\proc\p18f46k22.asm
             PSTR1CONbits   0x000fb9       data     extern E:\c18v3.46\pic18-lt\cxx-framework\src\traditional\proc\p18f46k22.asm
                  PSTRCON   0x000fb9       data     extern E:\c18v3.46\pic18-lt\cxx-framework\src\traditional\proc\p18f46k22.asm
              PSTRCONbits   0x000fb9       data     extern E:\c18v3.46\pic18-lt\cxx-framework\src\traditional\proc\p18f46k22.asm
                    T2CON   0x000fba       data     extern E:\c18v3.46\pic18-lt\cxx-framework\src\traditional\proc\p18f46k22.asm
                T2CONbits   0x000fba       data     extern E:\c18v3.46\pic18-lt\cxx-framework\src\traditional\proc\p18f46k22.asm
                      PR2   0x000fbb       data     extern E:\c18v3.46\pic18-lt\cxx-framework\src\traditional\proc\p18f46k22.asm
                     TMR2   0x000fbc       data     extern E:\c18v3.46\pic18-lt\cxx-framework\src\traditional\proc\p18f46k22.asm
                  CCP1CON   0x000fbd       data     extern E:\c18v3.46\pic18-lt\cxx-framework\src\traditional\proc\p18f46k22.asm
              CCP1CONbits   0x000fbd       data     extern E:\c18v3.46\pic18-lt\cxx-framework\src\traditional\proc\p18f46k22.asm
                    CCPR1   0x000fbe       data     extern E:\c18v3.46\pic18-lt\cxx-framework\src\traditional\proc\p18f46k22.asm
                   CCPR1L   0x000fbe       data     extern E:\c18v3.46\pic18-lt\cxx-framework\src\traditional\proc\p18f46k22.asm
                   CCPR1H   0x000fbf       data     extern E:\c18v3.46\pic18-lt\cxx-framework\src\traditional\proc\p18f46k22.asm
               ADCON2bits   0x000fc0       data     extern E:\c18v3.46\pic18-lt\cxx-framework\src\traditional\proc\p18f46k22.asm
                   ADCON2   0x000fc0       data     extern E:\c18v3.46\pic18-lt\cxx-framework\src\traditional\proc\p18f46k22.asm
               ADCON1bits   0x000fc1       data     extern E:\c18v3.46\pic18-lt\cxx-framework\src\traditional\proc\p18f46k22.asm
                   ADCON1   0x000fc1       data     extern E:\c18v3.46\pic18-lt\cxx-framework\src\traditional\proc\p18f46k22.asm
                   ADCON0   0x000fc2       data     extern E:\c18v3.46\pic18-lt\cxx-framework\src\traditional\proc\p18f46k22.asm
               ADCON0bits   0x000fc2       data     extern E:\c18v3.46\pic18-lt\cxx-framework\src\traditional\proc\p18f46k22.asm
                    ADRES   0x000fc3       data     extern E:\c18v3.46\pic18-lt\cxx-framework\src\traditional\proc\p18f46k22.asm
                   ADRESL   0x000fc3       data     extern E:\c18v3.46\pic18-lt\cxx-framework\src\traditional\proc\p18f46k22.asm
                   ADRESH   0x000fc4       data     extern E:\c18v3.46\pic18-lt\cxx-framework\src\traditional\proc\p18f46k22.asm
                  SSPCON2   0x000fc5       data     extern E:\c18v3.46\pic18-lt\cxx-framework\src\traditional\proc\p18f46k22.asm
              SSPCON2bits   0x000fc5       data     extern E:\c18v3.46\pic18-lt\cxx-framework\src\traditional\proc\p18f46k22.asm
             SSP1CON2bits   0x000fc5       data     extern E:\c18v3.46\pic18-lt\cxx-framework\src\traditional\proc\p18f46k22.asm
                 SSP1CON2   0x000fc5       data     extern E:\c18v3.46\pic18-lt\cxx-framework\src\traditional\proc\p18f46k22.asm
              SSPCON1bits   0x000fc6       data     extern E:\c18v3.46\pic18-lt\cxx-framework\src\traditional\proc\p18f46k22.asm
                  SSPCON1   0x000fc6       data     extern E:\c18v3.46\pic18-lt\cxx-framework\src\traditional\proc\p18f46k22.asm
             SSP1CON1bits   0x000fc6       data     extern E:\c18v3.46\pic18-lt\cxx-framework\src\traditional\proc\p18f46k22.asm
                 SSP1CON1   0x000fc6       data     extern E:\c18v3.46\pic18-lt\cxx-framework\src\traditional\proc\p18f46k22.asm
                  SSPSTAT   0x000fc7       data     extern E:\c18v3.46\pic18-lt\cxx-framework\src\traditional\proc\p18f46k22.asm
              SSPSTATbits   0x000fc7       data     extern E:\c18v3.46\pic18-lt\cxx-framework\src\traditional\proc\p18f46k22.asm
             SSP1STATbits   0x000fc7       data     extern E:\c18v3.46\pic18-lt\cxx-framework\src\traditional\proc\p18f46k22.asm
                 SSP1STAT   0x000fc7       data     extern E:\c18v3.46\pic18-lt\cxx-framework\src\traditional\proc\p18f46k22.asm
              SSP1ADDbits   0x000fc8       data     extern E:\c18v3.46\pic18-lt\cxx-framework\src\traditional\proc\p18f46k22.asm
               SSPADDbits   0x000fc8       data     extern E:\c18v3.46\pic18-lt\cxx-framework\src\traditional\proc\p18f46k22.asm
                  SSP1ADD   0x000fc8       data     extern E:\c18v3.46\pic18-lt\cxx-framework\src\traditional\proc\p18f46k22.asm
                   SSPADD   0x000fc8       data     extern E:\c18v3.46\pic18-lt\cxx-framework\src\traditional\proc\p18f46k22.asm
                  SSP1BUF   0x000fc9       data     extern E:\c18v3.46\pic18-lt\cxx-framework\src\traditional\proc\p18f46k22.asm
              SSP1BUFbits   0x000fc9       data     extern E:\c18v3.46\pic18-lt\cxx-framework\src\traditional\proc\p18f46k22.asm
                   SSPBUF   0x000fc9       data     extern E:\c18v3.46\pic18-lt\cxx-framework\src\traditional\proc\p18f46k22.asm
               SSPBUFbits   0x000fc9       data     extern E:\c18v3.46\pic18-lt\cxx-framework\src\traditional\proc\p18f46k22.asm
                   SSPMSK   0x000fca       data     extern E:\c18v3.46\pic18-lt\cxx-framework\src\traditional\proc\p18f46k22.asm
              SSP1MSKbits   0x000fca       data     extern E:\c18v3.46\pic18-lt\cxx-framework\src\traditional\proc\p18f46k22.asm
               SSPMSKbits   0x000fca       data     extern E:\c18v3.46\pic18-lt\cxx-framework\src\traditional\proc\p18f46k22.asm
                  SSP1MSK   0x000fca       data     extern E:\c18v3.46\pic18-lt\cxx-framework\src\traditional\proc\p18f46k22.asm
              SSPCON3bits   0x000fcb       data     extern E:\c18v3.46\pic18-lt\cxx-framework\src\traditional\proc\p18f46k22.asm
                  SSPCON3   0x000fcb       data     extern E:\c18v3.46\pic18-lt\cxx-framework\src\traditional\proc\p18f46k22.asm
             SSP1CON3bits   0x000fcb       data     extern E:\c18v3.46\pic18-lt\cxx-framework\src\traditional\proc\p18f46k22.asm
                 SSP1CON3   0x000fcb       data     extern E:\c18v3.46\pic18-lt\cxx-framework\src\traditional\proc\p18f46k22.asm
                   T1GCON   0x000fcc       data     extern E:\c18v3.46\pic18-lt\cxx-framework\src\traditional\proc\p18f46k22.asm
               T1GCONbits   0x000fcc       data     extern E:\c18v3.46\pic18-lt\cxx-framework\src\traditional\proc\p18f46k22.asm
                    T1CON   0x000fcd       data     extern E:\c18v3.46\pic18-lt\cxx-framework\src\traditional\proc\p18f46k22.asm
                T1CONbits   0x000fcd       data     extern E:\c18v3.46\pic18-lt\cxx-framework\src\traditional\proc\p18f46k22.asm
                    TMR1L   0x000fce       data     extern E:\c18v3.46\pic18-lt\cxx-framework\src\traditional\proc\p18f46k22.asm
                    TMR1H   0x000fcf       data     extern E:\c18v3.46\pic18-lt\cxx-framework\src\traditional\proc\p18f46k22.asm
                 RCONbits   0x000fd0       data     extern E:\c18v3.46\pic18-lt\cxx-framework\src\traditional\proc\p18f46k22.asm
                     RCON   0x000fd0       data     extern E:\c18v3.46\pic18-lt\cxx-framework\src\traditional\proc\p18f46k22.asm
               WDTCONbits   0x000fd1       data     extern E:\c18v3.46\pic18-lt\cxx-framework\src\traditional\proc\p18f46k22.asm
                   WDTCON   0x000fd1       data     extern E:\c18v3.46\pic18-lt\cxx-framework\src\traditional\proc\p18f46k22.asm
                  OSCCON2   0x000fd2       data     extern E:\c18v3.46\pic18-lt\cxx-framework\src\traditional\proc\p18f46k22.asm
              OSCCON2bits   0x000fd2       data     extern E:\c18v3.46\pic18-lt\cxx-framework\src\traditional\proc\p18f46k22.asm
               OSCCONbits   0x000fd3       data     extern E:\c18v3.46\pic18-lt\cxx-framework\src\traditional\proc\p18f46k22.asm
                   OSCCON   0x000fd3       data     extern E:\c18v3.46\pic18-lt\cxx-framework\src\traditional\proc\p18f46k22.asm
                    T0CON   0x000fd5       data     extern E:\c18v3.46\pic18-lt\cxx-framework\src\traditional\proc\p18f46k22.asm
                T0CONbits   0x000fd5       data     extern E:\c18v3.46\pic18-lt\cxx-framework\src\traditional\proc\p18f46k22.asm
                    TMR0L   0x000fd6       data     extern E:\c18v3.46\pic18-lt\cxx-framework\src\traditional\proc\p18f46k22.asm
                    TMR0H   0x000fd7       data     extern E:\c18v3.46\pic18-lt\cxx-framework\src\traditional\proc\p18f46k22.asm
                   STATUS   0x000fd8       data     extern E:\c18v3.46\pic18-lt\cxx-framework\src\traditional\proc\p18f46k22.asm
               STATUSbits   0x000fd8       data     extern E:\c18v3.46\pic18-lt\cxx-framework\src\traditional\proc\p18f46k22.asm
                    FSR2L   0x000fd9       data     extern E:\c18v3.46\pic18-lt\cxx-framework\src\traditional\proc\p18f46k22.asm
                     FSR2   0x000fd9       data     extern E:\c18v3.46\pic18-lt\cxx-framework\src\traditional\proc\p18f46k22.asm
                    FSR2H   0x000fda       data     extern E:\c18v3.46\pic18-lt\cxx-framework\src\traditional\proc\p18f46k22.asm
                   PLUSW2   0x000fdb       data     extern E:\c18v3.46\pic18-lt\cxx-framework\src\traditional\proc\p18f46k22.asm
                  PREINC2   0x000fdc       data     extern E:\c18v3.46\pic18-lt\cxx-framework\src\traditional\proc\p18f46k22.asm
                 POSTDEC2   0x000fdd       data     extern E:\c18v3.46\pic18-lt\cxx-framework\src\traditional\proc\p18f46k22.asm
                 POSTINC2   0x000fde       data     extern E:\c18v3.46\pic18-lt\cxx-framework\src\traditional\proc\p18f46k22.asm
                    INDF2   0x000fdf       data     extern E:\c18v3.46\pic18-lt\cxx-framework\src\traditional\proc\p18f46k22.asm
                      BSR   0x000fe0       data     extern E:\c18v3.46\pic18-lt\cxx-framework\src\traditional\proc\p18f46k22.asm
                    FSR1L   0x000fe1       data     extern E:\c18v3.46\pic18-lt\cxx-framework\src\traditional\proc\p18f46k22.asm
                     FSR1   0x000fe1       data     extern E:\c18v3.46\pic18-lt\cxx-framework\src\traditional\proc\p18f46k22.asm
                    FSR1H   0x000fe2       data     extern E:\c18v3.46\pic18-lt\cxx-framework\src\traditional\proc\p18f46k22.asm
                   PLUSW1   0x000fe3       data     extern E:\c18v3.46\pic18-lt\cxx-framework\src\traditional\proc\p18f46k22.asm
                  PREINC1   0x000fe4       data     extern E:\c18v3.46\pic18-lt\cxx-framework\src\traditional\proc\p18f46k22.asm
                 POSTDEC1   0x000fe5       data     extern E:\c18v3.46\pic18-lt\cxx-framework\src\traditional\proc\p18f46k22.asm
                 POSTINC1   0x000fe6       data     extern E:\c18v3.46\pic18-lt\cxx-framework\src\traditional\proc\p18f46k22.asm
                    INDF1   0x000fe7       data     extern E:\c18v3.46\pic18-lt\cxx-framework\src\traditional\proc\p18f46k22.asm
                     WREG   0x000fe8       data     extern E:\c18v3.46\pic18-lt\cxx-framework\src\traditional\proc\p18f46k22.asm
                        W   0x000fe8       data     extern E:\c18v3.46\pic18-lt\cxx-framework\src\traditional\proc\p18f46k22.asm
                     FSR0   0x000fe9       data     extern E:\c18v3.46\pic18-lt\cxx-framework\src\traditional\proc\p18f46k22.asm
                    FSR0L   0x000fe9       data     extern E:\c18v3.46\pic18-lt\cxx-framework\src\traditional\proc\p18f46k22.asm
                    FSR0H   0x000fea       data     extern E:\c18v3.46\pic18-lt\cxx-framework\src\traditional\proc\p18f46k22.asm
                   PLUSW0   0x000feb       data     extern E:\c18v3.46\pic18-lt\cxx-framework\src\traditional\proc\p18f46k22.asm
                  PREINC0   0x000fec       data     extern E:\c18v3.46\pic18-lt\cxx-framework\src\traditional\proc\p18f46k22.asm
                 POSTDEC0   0x000fed       data     extern E:\c18v3.46\pic18-lt\cxx-framework\src\traditional\proc\p18f46k22.asm
                 POSTINC0   0x000fee       data     extern E:\c18v3.46\pic18-lt\cxx-framework\src\traditional\proc\p18f46k22.asm
                    INDF0   0x000fef       data     extern E:\c18v3.46\pic18-lt\cxx-framework\src\traditional\proc\p18f46k22.asm
              INTCON3bits   0x000ff0       data     extern E:\c18v3.46\pic18-lt\cxx-framework\src\traditional\proc\p18f46k22.asm
                  INTCON3   0x000ff0       data     extern E:\c18v3.46\pic18-lt\cxx-framework\src\traditional\proc\p18f46k22.asm
              INTCON2bits   0x000ff1       data     extern E:\c18v3.46\pic18-lt\cxx-framework\src\traditional\proc\p18f46k22.asm
                  INTCON2   0x000ff1       data     extern E:\c18v3.46\pic18-lt\cxx-framework\src\traditional\proc\p18f46k22.asm
               INTCONbits   0x000ff2       data     extern E:\c18v3.46\pic18-lt\cxx-framework\src\traditional\proc\p18f46k22.asm
                   INTCON   0x000ff2       data     extern E:\c18v3.46\pic18-lt\cxx-framework\src\traditional\proc\p18f46k22.asm
                    PRODL   0x000ff3       data     extern E:\c18v3.46\pic18-lt\cxx-framework\src\traditional\proc\p18f46k22.asm
                     PROD   0x000ff3       data     extern E:\c18v3.46\pic18-lt\cxx-framework\src\traditional\proc\p18f46k22.asm
                    PRODH   0x000ff4       data     extern E:\c18v3.46\pic18-lt\cxx-framework\src\traditional\proc\p18f46k22.asm
                   TABLAT   0x000ff5       data     extern E:\c18v3.46\pic18-lt\cxx-framework\src\traditional\proc\p18f46k22.asm
                  TBLPTRL   0x000ff6       data     extern E:\c18v3.46\pic18-lt\cxx-framework\src\traditional\proc\p18f46k22.asm
                   TBLPTR   0x000ff6       data     extern E:\c18v3.46\pic18-lt\cxx-framework\src\traditional\proc\p18f46k22.asm
                  TBLPTRH   0x000ff7       data     extern E:\c18v3.46\pic18-lt\cxx-framework\src\traditional\proc\p18f46k22.asm
              TBLPTRUbits   0x000ff8       data     extern E:\c18v3.46\pic18-lt\cxx-framework\src\traditional\proc\p18f46k22.asm
                  TBLPTRU   0x000ff8       data     extern E:\c18v3.46\pic18-lt\cxx-framework\src\traditional\proc\p18f46k22.asm
                       PC   0x000ff9       data     extern E:\c18v3.46\pic18-lt\cxx-framework\src\traditional\proc\p18f46k22.asm
                      PCL   0x000ff9       data     extern E:\c18v3.46\pic18-lt\cxx-framework\src\traditional\proc\p18f46k22.asm
                   PCLATH   0x000ffa       data     extern E:\c18v3.46\pic18-lt\cxx-framework\src\traditional\proc\p18f46k22.asm
                   PCLATU   0x000ffb       data     extern E:\c18v3.46\pic18-lt\cxx-framework\src\traditional\proc\p18f46k22.asm
               STKPTRbits   0x000ffc       data     extern E:\c18v3.46\pic18-lt\cxx-framework\src\traditional\proc\p18f46k22.asm
                   STKPTR   0x000ffc       data     extern E:\c18v3.46\pic18-lt\cxx-framework\src\traditional\proc\p18f46k22.asm
                      TOS   0x000ffd       data     extern E:\c18v3.46\pic18-lt\cxx-framework\src\traditional\proc\p18f46k22.asm
                     TOSL   0x000ffd       data     extern E:\c18v3.46\pic18-lt\cxx-framework\src\traditional\proc\p18f46k22.asm
                     TOSH   0x000ffe       data     extern E:\c18v3.46\pic18-lt\cxx-framework\src\traditional\proc\p18f46k22.asm
                     TOSU   0x000fff       data     extern E:\c18v3.46\pic18-lt\cxx-framework\src\traditional\proc\p18f46k22.asm


